/home/khiemphi/venvs/ml_env/lib/python3.12/site-packages/torchvision/datasets/cifar.py:83: VisibleDeprecationWarning: dtype(): align should be passed as Python or NumPy boolean but got `align=0`. Did you mean to pass a tuple to create a subarray type? (Deprecated NumPy 2.4)
  entry = pickle.load(f, encoding="latin1")
[    4.9s] ### CIFAR100: 100 classes, train 50000, test 10000
[inject_lora] 24 layer(s) replaced with LoRALinear (rank=32, alpha=4.0, targets=['attn.qkv', 'attn.proj'])
[load_backbone] LoRA active (task_shared) — 24 layers, 1,769,472 trainable adapter params
[load_backbone] 'vit_base_patch16_224.augreg_in21k'  pretrained=True  device=cuda  feature_dim=768
[  196.1s]   CIFAR100|50|0|ep40_lr0.0003_aug1_ordpilot    A-Last  90.65  A-Avg  94.47  task0-acc 1.000  ep 40  [191s]
Warning: You are sending unauthenticated requests to the HF Hub. Please set a HF_TOKEN to enable higher rate limits and faster downloads.
[inject_lora] 24 layer(s) replaced with LoRALinear (rank=32, alpha=4.0, targets=['attn.qkv', 'attn.proj'])
[load_backbone] LoRA active (task_shared) — 24 layers, 1,769,472 trainable adapter params
[load_backbone] 'vit_base_patch16_224.augreg_in21k'  pretrained=True  device=cuda  feature_dim=768
[  360.9s]   CIFAR100|50|1|ep40_lr0.0003_aug1_ordpilot    A-Last  90.93  A-Avg  94.50  task0-acc 1.000  ep 40  [165s]
[inject_lora] 24 layer(s) replaced with LoRALinear (rank=32, alpha=4.0, targets=['attn.qkv', 'attn.proj'])
[load_backbone] LoRA active (task_shared) — 24 layers, 1,769,472 trainable adapter params
[load_backbone] 'vit_base_patch16_224.augreg_in21k'  pretrained=True  device=cuda  feature_dim=768
[  547.5s]   CIFAR100|50|2|ep40_lr0.0003_aug1_ordpilot    A-Last  91.30  A-Avg  94.46  task0-acc 0.999  ep 40  [187s]

==============================================================================================================================
EXP16 — A_plus full table   (vit_base_patch16_224.augreg_in21k)   RECIPE: ep150_lr0.0003_aug1_ta0.98
A_plus = adapt task 0 with the tuned recipe, then FREEZE. Zero stored per-class state; the compared methods store 473 MB.
==============================================================================================================================
dataset       T  cpt seeds |   A-Last (mean+-sd)   A-Avg (mean+-sd) |         GR-LoRA          MACIL |    dLast   task0   ep
------------------------------------------------------------------------------------------------------------------------------

==============================================================================================================================
EXP16 — A_plus full table   (vit_base_patch16_224.augreg_in21k)   RECIPE: ep40_lr0.0003_aug1
A_plus = adapt task 0 with the tuned recipe, then FREEZE. Zero stored per-class state; the compared methods store 473 MB.
==============================================================================================================================
dataset       T  cpt seeds |   A-Last (mean+-sd)   A-Avg (mean+-sd) |         GR-LoRA          MACIL |    dLast   task0   ep
CIFAR100     50    2     3 |        90.31+-0.21        93.92+-0.56  |     90.03/93.38    85.09/90.89 |    +0.28   0.998  nan *
------------------------------------------------------------------------------------------------------------------------------

==============================================================================================================================
EXP16 — A_plus full table   (vit_base_patch16_224.augreg_in21k)   RECIPE: ep40_lr0.0003_aug1_ordpilot
A_plus = adapt task 0 with the tuned recipe, then FREEZE. Zero stored per-class state; the compared methods store 473 MB.
==============================================================================================================================
dataset       T  cpt seeds |   A-Last (mean+-sd)   A-Avg (mean+-sd) |         GR-LoRA          MACIL |    dLast   task0   ep
CIFAR100     50    2     3 |        90.96+-0.27        94.48+-0.02  |     90.03/93.38    85.09/90.89 |    +0.93   1.000   40 *
------------------------------------------------------------------------------------------------------------------------------

==============================================================================================================================
EXP16 — A_plus full table   (vit_base_patch16_224.augreg_in21k)   RECIPE: ep40_lr0.0003_aug1_ta0.98
A_plus = adapt task 0 with the tuned recipe, then FREEZE. Zero stored per-class state; the compared methods store 473 MB.
==============================================================================================================================
dataset       T  cpt seeds |   A-Last (mean+-sd)   A-Avg (mean+-sd) |         GR-LoRA          MACIL |    dLast   task0   ep
CIFAR100     50    2     3 |        89.80+-0.40        93.45+-0.72  |     90.03/93.38    85.09/90.89 |    -0.23   0.986    4 *
------------------------------------------------------------------------------------------------------------------------------
dLast = ours - GR-LoRA A-Last.  '*' = beats GR-LoRA on either metric.
task0 = mean task-0 TRAIN accuracy, ep = mean epochs actually used.
Under TARGET_ACC, task0 well BELOW the target means the cell never converged and is
        UNDER-fit -- raise EPOCHS_DS for that dataset; it is not a method result.
==============================================================================================================================
wrote /home/khiemphi/Conic-Hull-Continual-Learning/exp16_full_table_augreg_in21k.json
