Warning: You are sending unauthenticated requests to the HF Hub. Please set a HF_TOKEN to enable higher rate limits and faster downloads.
[    3.7s] ### IMAGENETR: 200 classes, train 24000, test 6000
[inject_lora] 24 layer(s) replaced with LoRALinear (rank=32, alpha=4.0, targets=['attn.qkv', 'attn.proj'])
[load_backbone] LoRA active (task_shared) — 24 layers, 1,769,472 trainable adapter params
[load_backbone] 'vit_base_patch16_224.augreg_in21k'  pretrained=True  device=cuda  feature_dim=768
[  203.6s]   IMAGENETR|20|0|ep40_lr0.0003_aug1_ordpilot   A-Last  79.28  A-Avg  84.65  task0-acc 0.994  ep 40  [200s]
[inject_lora] 24 layer(s) replaced with LoRALinear (rank=32, alpha=4.0, targets=['attn.qkv', 'attn.proj'])
[load_backbone] LoRA active (task_shared) — 24 layers, 1,769,472 trainable adapter params
[load_backbone] 'vit_base_patch16_224.augreg_in21k'  pretrained=True  device=cuda  feature_dim=768
[  406.6s]   IMAGENETR|20|1|ep40_lr0.0003_aug1_ordpilot   A-Last  80.57  A-Avg  85.20  task0-acc 0.987  ep 40  [203s]
[inject_lora] 24 layer(s) replaced with LoRALinear (rank=32, alpha=4.0, targets=['attn.qkv', 'attn.proj'])
[load_backbone] LoRA active (task_shared) — 24 layers, 1,769,472 trainable adapter params
[load_backbone] 'vit_base_patch16_224.augreg_in21k'  pretrained=True  device=cuda  feature_dim=768
[  612.9s]   IMAGENETR|20|2|ep40_lr0.0003_aug1_ordpilot   A-Last  79.05  A-Avg  84.44  task0-acc 0.991  ep 40  [206s]

==============================================================================================================================
EXP16 — A_plus full table   (vit_base_patch16_224.augreg_in21k)   RECIPE: ep150_lr0.0003_aug1_ta0.98
A_plus = adapt task 0 with the tuned recipe, then FREEZE. Zero stored per-class state; the compared methods store 473 MB.
==============================================================================================================================
dataset       T  cpt seeds |   A-Last (mean+-sd)   A-Avg (mean+-sd) |         GR-LoRA          MACIL |    dLast   task0   ep
------------------------------------------------------------------------------------------------------------------------------

==============================================================================================================================
EXP16 — A_plus full table   (vit_base_patch16_224.augreg_in21k)   RECIPE: ep40_lr0.0003_aug1
A_plus = adapt task 0 with the tuned recipe, then FREEZE. Zero stored per-class state; the compared methods store 473 MB.
==============================================================================================================================
dataset       T  cpt seeds |   A-Last (mean+-sd)   A-Avg (mean+-sd) |         GR-LoRA          MACIL |    dLast   task0   ep
IMAGENETR    20   10     3 |        79.51+-0.07        84.79+-0.50  |     80.23/85.05    79.46/84.25 |    -0.72   0.991  nan  
------------------------------------------------------------------------------------------------------------------------------

==============================================================================================================================
EXP16 — A_plus full table   (vit_base_patch16_224.augreg_in21k)   RECIPE: ep40_lr0.0003_aug1_ordpilot
A_plus = adapt task 0 with the tuned recipe, then FREEZE. Zero stored per-class state; the compared methods store 473 MB.
==============================================================================================================================
dataset       T  cpt seeds |   A-Last (mean+-sd)   A-Avg (mean+-sd) |         GR-LoRA          MACIL |    dLast   task0   ep
IMAGENETR    20   10     3 |        79.63+-0.67        84.76+-0.32  |     80.23/85.05    79.46/84.25 |    -0.60   0.990   40  
------------------------------------------------------------------------------------------------------------------------------

==============================================================================================================================
EXP16 — A_plus full table   (vit_base_patch16_224.augreg_in21k)   RECIPE: ep40_lr0.0003_aug1_ta0.98
A_plus = adapt task 0 with the tuned recipe, then FREEZE. Zero stored per-class state; the compared methods store 473 MB.
==============================================================================================================================
dataset       T  cpt seeds |   A-Last (mean+-sd)   A-Avg (mean+-sd) |         GR-LoRA          MACIL |    dLast   task0   ep
IMAGENETR    20   10     3 |        78.80+-0.22        84.22+-0.48  |     80.23/85.05    79.46/84.25 |    -1.43   0.982   12  
------------------------------------------------------------------------------------------------------------------------------
dLast = ours - GR-LoRA A-Last.  '*' = beats GR-LoRA on either metric.
task0 = mean task-0 TRAIN accuracy, ep = mean epochs actually used.
Under TARGET_ACC, task0 well BELOW the target means the cell never converged and is
        UNDER-fit -- raise EPOCHS_DS for that dataset; it is not a method result.
==============================================================================================================================
wrote /home/khiemphi/Conic-Hull-Continual-Learning/exp16_full_table_augreg_in21k.json
