/home/khiemphi/venvs/ml_env/lib/python3.12/site-packages/torchvision/datasets/cifar.py:83: VisibleDeprecationWarning: dtype(): align should be passed as Python or NumPy boolean but got `align=0`. Did you mean to pass a tuple to create a subarray type? (Deprecated NumPy 2.4)
  entry = pickle.load(f, encoding="latin1")
[    4.6s] ### CIFAR100: 100 classes, train 50000, test 10000
Warning: You are sending unauthenticated requests to the HF Hub. Please set a HF_TOKEN to enable higher rate limits and faster downloads.
[inject_lora] 24 layer(s) replaced with LoRALinear (rank=32, alpha=4.0, targets=['attn.qkv', 'attn.proj'])
[load_backbone] LoRA active (task_shared) — 24 layers, 1,769,472 trainable adapter params
[load_backbone] 'vit_base_patch16_224.augreg_in21k'  pretrained=True  device=cuda  feature_dim=768
[  209.1s]   CIFAR100|20|0|ep40_lr0.0003_aug1_ordpilot    A-Last  91.11  A-Avg  94.69  task0-acc 0.999  ep 40  [204s]
[inject_lora] 24 layer(s) replaced with LoRALinear (rank=32, alpha=4.0, targets=['attn.qkv', 'attn.proj'])
[load_backbone] LoRA active (task_shared) — 24 layers, 1,769,472 trainable adapter params
[load_backbone] 'vit_base_patch16_224.augreg_in21k'  pretrained=True  device=cuda  feature_dim=768
[  420.9s]   CIFAR100|20|1|ep40_lr0.0003_aug1_ordpilot    A-Last  92.25  A-Avg  95.41  task0-acc 0.995  ep 40  [212s]
[inject_lora] 24 layer(s) replaced with LoRALinear (rank=32, alpha=4.0, targets=['attn.qkv', 'attn.proj'])
[load_backbone] LoRA active (task_shared) — 24 layers, 1,769,472 trainable adapter params
[load_backbone] 'vit_base_patch16_224.augreg_in21k'  pretrained=True  device=cuda  feature_dim=768
[  636.7s]   CIFAR100|20|2|ep40_lr0.0003_aug1_ordpilot    A-Last  92.23  A-Avg  95.23  task0-acc 0.993  ep 40  [216s]

==============================================================================================================================
EXP16 — A_plus full table   (vit_base_patch16_224.augreg_in21k)   RECIPE: ep150_lr0.0003_aug1_ta0.98
A_plus = adapt task 0 with the tuned recipe, then FREEZE. Zero stored per-class state; the compared methods store 473 MB.
==============================================================================================================================
dataset       T  cpt seeds |   A-Last (mean+-sd)   A-Avg (mean+-sd) |         GR-LoRA          MACIL |    dLast   task0   ep
------------------------------------------------------------------------------------------------------------------------------

==============================================================================================================================
EXP16 — A_plus full table   (vit_base_patch16_224.augreg_in21k)   RECIPE: ep40_lr0.0003_aug1
A_plus = adapt task 0 with the tuned recipe, then FREEZE. Zero stored per-class state; the compared methods store 473 MB.
==============================================================================================================================
dataset       T  cpt seeds |   A-Last (mean+-sd)   A-Avg (mean+-sd) |         GR-LoRA          MACIL |    dLast   task0   ep
CIFAR100     20    5     3 |        92.38+-0.39        94.96+-0.26  |     91.46/94.41    90.31/93.47 |    +0.92   0.998  nan *
------------------------------------------------------------------------------------------------------------------------------

==============================================================================================================================
EXP16 — A_plus full table   (vit_base_patch16_224.augreg_in21k)   RECIPE: ep40_lr0.0003_aug1_ordpilot
A_plus = adapt task 0 with the tuned recipe, then FREEZE. Zero stored per-class state; the compared methods store 473 MB.
==============================================================================================================================
dataset       T  cpt seeds |   A-Last (mean+-sd)   A-Avg (mean+-sd) |         GR-LoRA          MACIL |    dLast   task0   ep
CIFAR100     20    5     3 |        91.86+-0.53        95.11+-0.31  |     91.46/94.41    90.31/93.47 |    +0.40   0.996   40 *
------------------------------------------------------------------------------------------------------------------------------

==============================================================================================================================
EXP16 — A_plus full table   (vit_base_patch16_224.augreg_in21k)   RECIPE: ep40_lr0.0003_aug1_ta0.98
A_plus = adapt task 0 with the tuned recipe, then FREEZE. Zero stored per-class state; the compared methods store 473 MB.
==============================================================================================================================
dataset       T  cpt seeds |   A-Last (mean+-sd)   A-Avg (mean+-sd) |         GR-LoRA          MACIL |    dLast   task0   ep
CIFAR100     20    5     3 |        91.63+-0.11        94.62+-0.37  |     91.46/94.41    90.31/93.47 |    +0.17   0.987    3 *
------------------------------------------------------------------------------------------------------------------------------
dLast = ours - GR-LoRA A-Last.  '*' = beats GR-LoRA on either metric.
task0 = mean task-0 TRAIN accuracy, ep = mean epochs actually used.
Under TARGET_ACC, task0 well BELOW the target means the cell never converged and is
        UNDER-fit -- raise EPOCHS_DS for that dataset; it is not a method result.
==============================================================================================================================
wrote /home/khiemphi/Conic-Hull-Continual-Learning/exp16_full_table_augreg_in21k.json
