Warning: You are sending unauthenticated requests to the HF Hub. Please set a HF_TOKEN to enable higher rate limits and faster downloads.
[    3.6s] ### IMAGENETAP: 200 classes, train 6000, test 1500
[inject_lora] 24 layer(s) replaced with LoRALinear (rank=32, alpha=4.0, targets=['attn.qkv', 'attn.proj'])
[load_backbone] LoRA active (task_shared) — 24 layers, 1,769,472 trainable adapter params
[load_backbone] 'vit_base_patch16_224.augreg_in21k'  pretrained=True  device=cuda  feature_dim=768
[  116.2s]   IMAGENETAP|10|0|ep40_lr0.0003_aug1_ordpilot  A-Last  64.27  A-Avg  72.13  task0-acc 0.983  ep 40  [113s]
[inject_lora] 24 layer(s) replaced with LoRALinear (rank=32, alpha=4.0, targets=['attn.qkv', 'attn.proj'])
[load_backbone] LoRA active (task_shared) — 24 layers, 1,769,472 trainable adapter params
[load_backbone] 'vit_base_patch16_224.augreg_in21k'  pretrained=True  device=cuda  feature_dim=768
[  228.0s]   IMAGENETAP|10|1|ep40_lr0.0003_aug1_ordpilot  A-Last  62.67  A-Avg  72.07  task0-acc 0.989  ep 40  [112s]
[inject_lora] 24 layer(s) replaced with LoRALinear (rank=32, alpha=4.0, targets=['attn.qkv', 'attn.proj'])
[load_backbone] LoRA active (task_shared) — 24 layers, 1,769,472 trainable adapter params
[load_backbone] 'vit_base_patch16_224.augreg_in21k'  pretrained=True  device=cuda  feature_dim=768
[  348.5s]   IMAGENETAP|10|2|ep40_lr0.0003_aug1_ordpilot  A-Last  61.33  A-Avg  69.08  task0-acc 0.983  ep 40  [121s]

==============================================================================================================================
EXP16 — A_plus full table   (vit_base_patch16_224.augreg_in21k)   RECIPE: ep150_lr0.0003_aug1_ta0.98
A_plus = adapt task 0 with the tuned recipe, then FREEZE. Zero stored per-class state; the compared methods store 473 MB.
==============================================================================================================================
dataset       T  cpt seeds |   A-Last (mean+-sd)   A-Avg (mean+-sd) |         GR-LoRA          MACIL |    dLast   task0   ep
------------------------------------------------------------------------------------------------------------------------------

==============================================================================================================================
EXP16 — A_plus full table   (vit_base_patch16_224.augreg_in21k)   RECIPE: ep40_lr0.0003_aug1
A_plus = adapt task 0 with the tuned recipe, then FREEZE. Zero stored per-class state; the compared methods store 473 MB.
==============================================================================================================================
dataset       T  cpt seeds |   A-Last (mean+-sd)   A-Avg (mean+-sd) |         GR-LoRA          MACIL |    dLast   task0   ep
IMAGENETAP   10   20     3 |        61.42+-1.61        68.66+-2.24  |               -              - |     +nan   0.987   40  
------------------------------------------------------------------------------------------------------------------------------

==============================================================================================================================
EXP16 — A_plus full table   (vit_base_patch16_224.augreg_in21k)   RECIPE: ep40_lr0.0003_aug1_ordpilot
A_plus = adapt task 0 with the tuned recipe, then FREEZE. Zero stored per-class state; the compared methods store 473 MB.
==============================================================================================================================
dataset       T  cpt seeds |   A-Last (mean+-sd)   A-Avg (mean+-sd) |         GR-LoRA          MACIL |    dLast   task0   ep
IMAGENETAP   10   20     3 |        62.76+-1.20        71.09+-1.42  |               -              - |     +nan   0.985   40  
------------------------------------------------------------------------------------------------------------------------------

==============================================================================================================================
EXP16 — A_plus full table   (vit_base_patch16_224.augreg_in21k)   RECIPE: ep40_lr0.0003_aug1_ta0.98
A_plus = adapt task 0 with the tuned recipe, then FREEZE. Zero stored per-class state; the compared methods store 473 MB.
==============================================================================================================================
dataset       T  cpt seeds |   A-Last (mean+-sd)   A-Avg (mean+-sd) |         GR-LoRA          MACIL |    dLast   task0   ep
------------------------------------------------------------------------------------------------------------------------------
dLast = ours - GR-LoRA A-Last.  '*' = beats GR-LoRA on either metric.
task0 = mean task-0 TRAIN accuracy, ep = mean epochs actually used.
Under TARGET_ACC, task0 well BELOW the target means the cell never converged and is
        UNDER-fit -- raise EPOCHS_DS for that dataset; it is not a method result.
==============================================================================================================================
wrote /home/khiemphi/Conic-Hull-Continual-Learning/exp16_full_table_augreg_in21k.json
