[    0.0s] === IMAGENETAP|10|0|q32+m32+a16+q32b70+q64|ep40_lr0.0003_a4_ordpilot|m10000|v1
Warning: You are sending unauthenticated requests to the HF Hub. Please set a HF_TOKEN to enable higher rate limits and faster downloads.
[inject_lora] 24 layer(s) replaced with LoRALinear (rank=32, alpha=4.0, targets=['mlp.fc1', 'mlp.fc2'])
[load_backbone] LoRA active (task_shared) — 24 layers, 2,949,120 trainable adapter params
[load_backbone] 'vit_base_patch16_224.augreg_in21k'  pretrained=True  device=cuda  feature_dim=768
[  101.8s]     trained member m32 (targets=['mlp.fc1', 'mlp.fc2'] rank=32 bag=1 cls=20) task0 train acc 0.991
[inject_lora] 48 layer(s) replaced with LoRALinear (rank=16, alpha=4.0, targets=['attn.qkv', 'attn.proj', 'mlp.fc1', 'mlp.fc2'])
[load_backbone] LoRA active (task_shared) — 48 layers, 2,359,296 trainable adapter params
[load_backbone] 'vit_base_patch16_224.augreg_in21k'  pretrained=True  device=cuda  feature_dim=768
[  227.3s]     trained member a16 (targets=['attn.qkv', 'attn.proj', 'mlp.fc1', 'mlp.fc2'] rank=16 bag=1 cls=20) task0 train acc 0.994
[inject_lora] 24 layer(s) replaced with LoRALinear (rank=32, alpha=4.0, targets=['attn.qkv', 'attn.proj'])
[load_backbone] LoRA active (task_shared) — 24 layers, 1,769,472 trainable adapter params
[load_backbone] 'vit_base_patch16_224.augreg_in21k'  pretrained=True  device=cuda  feature_dim=768
[  331.7s]     trained member q32b70 (targets=['attn.qkv', 'attn.proj'] rank=32 bag=0.7 cls=14) task0 train acc 0.988
[inject_lora] 24 layer(s) replaced with LoRALinear (rank=64, alpha=4.0, targets=['attn.qkv', 'attn.proj'])
[load_backbone] LoRA active (task_shared) — 24 layers, 3,538,944 trainable adapter params
[load_backbone] 'vit_base_patch16_224.augreg_in21k'  pretrained=True  device=cuda  feature_dim=768
[  453.2s]     trained member q64 (targets=['attn.qkv', 'attn.proj'] rank=64 bag=1 cls=20) task0 train acc 0.986
[  470.1s]     member q32      A-Last 64.27  A-Avg 72.13
[  473.8s]     member m32      A-Last 60.33  A-Avg 69.62
[  477.6s]     member a16      A-Last 62.13  A-Avg 70.66
[  481.2s]     member q32b70   A-Last 61.80  A-Avg 71.43
[  484.9s]     member q64      A-Last 62.93  A-Avg 71.69
[  489.8s]     concat   (3840d) A-Last 64.07  A-Avg 73.06
[  489.8s]     ensemble           A-Last 63.80  A-Avg 72.80
[  489.9s]     VERIFY ok: member q32 reproduces the exp16 bar
[  489.9s] === IMAGENETAP|10|1|q32+m32+a16+q32b70+q64|ep40_lr0.0003_a4_ordpilot|m10000|v1
[inject_lora] 24 layer(s) replaced with LoRALinear (rank=32, alpha=4.0, targets=['mlp.fc1', 'mlp.fc2'])
[load_backbone] LoRA active (task_shared) — 24 layers, 2,949,120 trainable adapter params
[load_backbone] 'vit_base_patch16_224.augreg_in21k'  pretrained=True  device=cuda  feature_dim=768
[  590.8s]     trained member m32 (targets=['mlp.fc1', 'mlp.fc2'] rank=32 bag=1 cls=20) task0 train acc 0.993
[inject_lora] 48 layer(s) replaced with LoRALinear (rank=16, alpha=4.0, targets=['attn.qkv', 'attn.proj', 'mlp.fc1', 'mlp.fc2'])
[load_backbone] LoRA active (task_shared) — 48 layers, 2,359,296 trainable adapter params
[load_backbone] 'vit_base_patch16_224.augreg_in21k'  pretrained=True  device=cuda  feature_dim=768
[  711.5s]     trained member a16 (targets=['attn.qkv', 'attn.proj', 'mlp.fc1', 'mlp.fc2'] rank=16 bag=1 cls=20) task0 train acc 0.993
[inject_lora] 24 layer(s) replaced with LoRALinear (rank=32, alpha=4.0, targets=['attn.qkv', 'attn.proj'])
[load_backbone] LoRA active (task_shared) — 24 layers, 1,769,472 trainable adapter params
[load_backbone] 'vit_base_patch16_224.augreg_in21k'  pretrained=True  device=cuda  feature_dim=768
[  822.9s]     trained member q32b70 (targets=['attn.qkv', 'attn.proj'] rank=32 bag=0.7 cls=14) task0 train acc 0.983
[inject_lora] 24 layer(s) replaced with LoRALinear (rank=64, alpha=4.0, targets=['attn.qkv', 'attn.proj'])
[load_backbone] LoRA active (task_shared) — 24 layers, 3,538,944 trainable adapter params
[load_backbone] 'vit_base_patch16_224.augreg_in21k'  pretrained=True  device=cuda  feature_dim=768
[  940.8s]     trained member q64 (targets=['attn.qkv', 'attn.proj'] rank=64 bag=1 cls=20) task0 train acc 0.985
[  957.4s]     member q32      A-Last 62.67  A-Avg 72.07
[  961.1s]     member m32      A-Last 59.00  A-Avg 68.98
[  964.8s]     member a16      A-Last 60.00  A-Avg 69.62
[  968.5s]     member q32b70   A-Last 60.93  A-Avg 70.53
[  972.2s]     member q64      A-Last 60.80  A-Avg 71.21
[  977.0s]     concat   (3840d) A-Last 61.53  A-Avg 72.24
[  977.1s]     ensemble           A-Last 62.67  A-Avg 72.65
[  977.1s] === IMAGENETAP|10|2|q32+m32+a16+q32b70+q64|ep40_lr0.0003_a4_ordpilot|m10000|v1
[inject_lora] 24 layer(s) replaced with LoRALinear (rank=32, alpha=4.0, targets=['mlp.fc1', 'mlp.fc2'])
[load_backbone] LoRA active (task_shared) — 24 layers, 2,949,120 trainable adapter params
[load_backbone] 'vit_base_patch16_224.augreg_in21k'  pretrained=True  device=cuda  feature_dim=768
[ 1089.0s]     trained member m32 (targets=['mlp.fc1', 'mlp.fc2'] rank=32 bag=1 cls=20) task0 train acc 0.986
[inject_lora] 48 layer(s) replaced with LoRALinear (rank=16, alpha=4.0, targets=['attn.qkv', 'attn.proj', 'mlp.fc1', 'mlp.fc2'])
[load_backbone] LoRA active (task_shared) — 48 layers, 2,359,296 trainable adapter params
[load_backbone] 'vit_base_patch16_224.augreg_in21k'  pretrained=True  device=cuda  feature_dim=768
[ 1218.4s]     trained member a16 (targets=['attn.qkv', 'attn.proj', 'mlp.fc1', 'mlp.fc2'] rank=16 bag=1 cls=20) task0 train acc 0.986
[inject_lora] 24 layer(s) replaced with LoRALinear (rank=32, alpha=4.0, targets=['attn.qkv', 'attn.proj'])
[load_backbone] LoRA active (task_shared) — 24 layers, 1,769,472 trainable adapter params
[load_backbone] 'vit_base_patch16_224.augreg_in21k'  pretrained=True  device=cuda  feature_dim=768
[ 1331.8s]     trained member q32b70 (targets=['attn.qkv', 'attn.proj'] rank=32 bag=0.7 cls=14) task0 train acc 0.986
[inject_lora] 24 layer(s) replaced with LoRALinear (rank=64, alpha=4.0, targets=['attn.qkv', 'attn.proj'])
[load_backbone] LoRA active (task_shared) — 24 layers, 3,538,944 trainable adapter params
[load_backbone] 'vit_base_patch16_224.augreg_in21k'  pretrained=True  device=cuda  feature_dim=768
[ 1450.6s]     trained member q64 (targets=['attn.qkv', 'attn.proj'] rank=64 bag=1 cls=20) task0 train acc 0.973
[ 1466.6s]     member q32      A-Last 61.33  A-Avg 69.08
[ 1470.3s]     member m32      A-Last 61.07  A-Avg 69.05
[ 1474.0s]     member a16      A-Last 60.67  A-Avg 68.33
[ 1477.6s]     member q32b70   A-Last 61.73  A-Avg 68.98
[ 1481.3s]     member q64      A-Last 61.60  A-Avg 69.29
[ 1486.0s]     concat   (3840d) A-Last 64.07  A-Avg 71.27
[ 1486.0s]     ensemble           A-Last 63.67  A-Avg 71.03

====================================================================================================
EXP55 — LoRA member diversity (RanPAC only; no cones, no fusion, no beta)
====================================================================================================

members ['q32', 'm32', 'a16', 'q32b70', 'q64']   recipe ep40_lr0.0003_a4_ordpilot   ORDER=pilot   cells 9   (3 cells in the JSON belong to a DIFFERENT recipe/order and were excluded)
    CUB200P T=10: seeds [0, 1, 2]
    IMAGENETAP T=10: seeds [0, 1, 2]
    IMAGENETR T=10: seeds [0, 1, 2]

----------------------------------------------------------------------------------------------------
PRECONDITION — is there anything to ensemble? (read before accuracy)
----------------------------------------------------------------------------------------------------
  ds          pair                disagree   errcorr  both_wrong
  CUB200P     q32|m32                 4.1%      0.84        8.8%
  CUB200P     q32|a16                 4.7%      0.82        8.7%
  CUB200P     q32|q32b70              3.6%      0.86        9.0%
  CUB200P     q32|q64                 3.6%      0.86        9.0%
  CUB200P     m32|a16                 5.1%      0.80        8.5%
  CUB200P     m32|q32b70              4.3%      0.84        8.8%
  CUB200P     m32|q64                 4.4%      0.83        8.8%
  CUB200P     a16|q32b70              4.7%      0.83        8.8%
  CUB200P     a16|q64                 4.4%      0.84        8.9%
  CUB200P     q32b70|q64              4.0%      0.84        8.9%
  IMAGENETAP  q32|m32                25.5%      0.75       32.6%
  IMAGENETAP  q32|a16                24.2%      0.77       32.7%
  IMAGENETAP  q32|q32b70             19.4%      0.82       33.6%
  IMAGENETAP  q32|q64                18.5%      0.82       33.6%
  IMAGENETAP  m32|a16                26.1%      0.74       33.4%
  IMAGENETAP  m32|q32b70             24.4%      0.77       33.6%
  IMAGENETAP  m32|q64                23.4%      0.77       33.4%
  IMAGENETAP  a16|q32b70             25.1%      0.76       33.2%
  IMAGENETAP  a16|q64                23.2%      0.78       33.5%
  IMAGENETAP  q32b70|q64             18.6%      0.82       34.2%
  IMAGENETR   q32|m32                15.5%      0.75       16.0%
  IMAGENETR   q32|a16                14.4%      0.77       16.2%
  IMAGENETR   q32|q32b70             12.1%      0.81       16.7%
  IMAGENETR   q32|q64                10.6%      0.83       16.7%
  IMAGENETR   m32|a16                15.4%      0.76       16.8%
  IMAGENETR   m32|q32b70             15.8%      0.75       16.4%
  IMAGENETR   m32|q64                15.0%      0.76       16.2%
  IMAGENETR   a16|q32b70             14.8%      0.77       16.6%
  IMAGENETR   a16|q64                14.0%      0.78       16.3%
  IMAGENETR   q32b70|q64             11.3%      0.82       16.9%

  ds            best single  per-class cv  per-class*   ORACLE  cv share   <- can a PER-CLASS rule reach it?
  CUB200P             89.99         89.61       91.77    92.48     -15%
  IMAGENETAP          62.89         62.16       68.33    71.51      -9%
  IMAGENETR           80.94         80.48       83.53    86.81      -8%
   * per-class fitted on the rows it scores = upper bound; `cv` cross-fits within each class and is the realizable number. `cv share` = (cv - best) / (ORACLE - best).

  ds          per-class winner counts (which member is best on how many classes)
  CUB200P     q32:160  m32:18  a16:12  q32b70:3  q64:4
  IMAGENETAP  q32:136  m32:26  a16:19  q32b70:11  q64:7
  IMAGENETR   q32:96  m32:36  a16:26  q32b70:19  q64:21

----------------------------------------------------------------------------------------------------
A-Last — RanPAC on each feature set, mean over seeds
----------------------------------------------------------------------------------------------------
  ds             T  sd         q32         m32         a16      q32b70         q64      concat    ensemble   concat-q32   GR-LoRA   ens-GR
  CUB200P       10   3       89.71       89.71       89.50       89.68       89.67       89.86       90.19        +0.16     89.91    +0.28
  IMAGENETAP    10   3       62.76       60.13       60.93       61.49       61.78       63.22       63.38        +0.47     63.60    -0.22
  IMAGENETR     10   3       80.76       79.07       79.51       79.78       80.69       81.54       81.78        +0.78     82.09    -0.31

----------------------------------------------------------------------------------------------------
A-Avg — RanPAC on each feature set, mean over seeds
----------------------------------------------------------------------------------------------------
  ds             T  sd         q32         m32         a16      q32b70         q64      concat    ensemble   concat-q32   GR-LoRA   ens-GR
  CUB200P       10   3       92.97       93.06       92.86       93.00       92.89       93.11       93.36        +0.14     93.85    -0.49
  IMAGENETAP    10   3       71.09       69.22       69.54       70.31       70.73       72.19       72.16        +1.10     70.24    +1.92
  IMAGENETR     10   3       85.49       84.37       84.68       84.61       85.52       86.36       86.55        +0.87     86.20    +0.35

----------------------------------------------------------------------------------------------------
HOW TO READ THIS
  1. PRECONDITION FIRST. `headroom` = ORACLE - best_single is the ceiling for ANY combiner:
     it is the accuracy of an oracle that picks a correct member whenever one exists. A
     headroom near zero means the members are redundant and NO fusion recovers anything --
     the answer is then harsher diversity (bagging, disjoint target modules, different
     ranks) or a different mechanism entirely, NOT a cleverer combination rule. That is
     exactly the trap exp54 fell into at the rule level.
  2. `disagree` near 0 with `errcorr` near 1 means the members are the same network wearing
     different hats. Expected for members differing only by init, which is precisely why the
     default member set varies TARGET MODULES instead.
  3. `concat - q32` is the Tier 2 verdict. Our IMAGENETR base deficit is -0.89 A-Avg, so
     under about +0.5 means concatenation does not close it and nothing built on top will.
  4. `ensemble` vs `concat` separates the two mechanisms: score averaging tests
     decorrelation, concatenation tests representational richness. They can disagree, and
     which one wins says what the members are actually contributing.
  5. Members are NOT expected to be individually equal. `m32` adapting only the MLP may well
     be worse alone than `q32`; a worse-but-decorrelated member is useful and that is the
     whole premise. Judge members by the diversity table, not by their solo accuracy.
====================================================================================================
[ 1486.0s] wrote /home/khiemphi/Conic-Hull-Continual-Learning/exp55_lora_diversity_augreg_in21k.json
