[    0.0s] === IMAGENETAP|50|0|q32+m32+a16+q32b70+q64|f64|cone|FE|rsall|opcag0.5|s0.03_i500|np2|m10000_ordpilot|v1
Warning: You are sending unauthenticated requests to the HF Hub. Please set a HF_TOKEN to enable higher rate limits and faster downloads.
[    2.0s]     VERIFY: exp54 anchor N/A under ORDER=pilot (exp54 is legacy-order only); relying on the exp55 anchor, which is regenerated per order
[    2.0s]     VERIFY: exp55 ensemble reference loaded
[    2.0s]     5 members x 1 arms x 1 rules; 1 raysets x 1 rulesets x 1 orders = 1 configs
[   11.2s]     VERIFY ok at s0: exp55 ensemble 0.948718
[   11.2s]     s0: q32 94.87  m32 92.31  a16 94.87  q32b70 94.87  q64 97.44  | ens 94.87  bestFE 94.87
[   23.2s]     s1: q32 85.71  m32 85.71  a16 87.50  q32b70 85.71  q64 87.50  | ens 85.71  bestFE 85.71
[   38.8s]     s2: q32 83.53  m32 88.24  a16 84.71  q32b70 83.53  q64 84.71  | ens 85.88  bestFE 84.71
[   58.1s]     s3: q32 84.67  m32 85.33  a16 86.00  q32b70 84.00  q64 86.67  | ens 85.33  bestFE 86.00
[   80.4s]     s4: q32 83.80  m32 81.01  a16 82.12  q32b70 82.68  q64 83.24  | ens 82.68  bestFE 82.68
[  107.4s]     s5: q32 80.00  m32 79.56  a16 77.78  q32b70 80.44  q64 81.78  | ens 80.44  bestFE 80.44
[  137.0s]     s6: q32 77.74  m32 77.74  a16 79.25  q32b70 77.74  q64 80.00  | ens 80.38  bestFE 79.62
[  167.2s]     s7: q32 76.04  m32 79.17  a16 75.00  q32b70 76.04  q64 78.12  | ens 78.47  bestFE 78.47
[  199.2s]     s8: q32 75.38  m32 76.90  a16 73.86  q32b70 73.86  q64 75.08  | ens 76.29  bestFE 76.29
[  230.9s]     s9: q32 74.18  m32 75.54  a16 73.64  q32b70 73.91  q64 75.27  | ens 75.54  bestFE 75.54
[  278.4s]     s10: q32 74.49  m32 75.00  a16 74.23  q32b70 72.96  q64 73.21  | ens 75.51  bestFE 75.26
[  316.3s]     s11: q32 69.44  m32 72.22  a16 71.76  q32b70 72.22  q64 72.69  | ens 73.84  bestFE 73.15
[  354.8s]     s12: q32 70.99  m32 73.41  a16 72.31  q32b70 72.75  q64 73.41  | ens 74.29  bestFE 74.29
[  392.9s]     s13: q32 72.54  m32 72.96  a16 72.54  q32b70 71.91  q64 72.96  | ens 73.58  bestFE 73.58
[  434.1s]     s14: q32 69.03  m32 72.27  a16 71.26  q32b70 70.45  q64 70.24  | ens 72.27  bestFE 72.27
[  484.2s]     s15: q32 69.59  m32 71.83  a16 71.08  q32b70 70.34  q64 71.08  | ens 72.39  bestFE 72.20
[  530.6s]     s16: q32 69.88  m32 71.05  a16 71.21  q32b70 69.72  q64 69.72  | ens 72.38  bestFE 72.55
[  585.6s]     s17: q32 69.32  m32 71.07  a16 71.22  q32b70 68.68  q64 69.95  | ens 71.86  bestFE 71.70
[  638.4s]     s18: q32 69.15  m32 70.94  a16 70.79  q32b70 70.04  q64 69.30  | ens 70.94  bestFE 70.94
[  692.6s]     s19: q32 67.53  m32 68.82  a16 69.54  q32b70 68.25  q64 67.67  | ens 69.68  bestFE 69.83
[  747.3s]     s20: q32 67.03  m32 68.68  a16 69.09  q32b70 68.41  q64 67.58  | ens 69.64  bestFE 69.78
[  806.0s]     s21: q32 65.67  m32 66.45  a16 68.54  q32b70 66.97  q64 66.97  | ens 68.54  bestFE 68.41
[  865.1s]     s22: q32 65.72  m32 66.49  a16 68.43  q32b70 66.49  q64 66.36  | ens 67.92  bestFE 68.43
[  927.5s]     s23: q32 64.96  m32 65.33  a16 66.96  q32b70 65.83  q64 65.58  | ens 67.21  bestFE 67.58
[  992.9s]     s24: q32 64.22  m32 64.82  a16 66.51  q32b70 65.54  q64 64.82  | ens 66.87  bestFE 66.75
[ 1058.0s]     s25: q32 63.73  m32 64.55  a16 66.31  q32b70 65.14  q64 63.15  | ens 65.85  bestFE 66.31
[ 1119.3s]     s26: q32 63.38  m32 63.50  a16 65.93  q32b70 64.77  q64 64.89  | ens 65.47  bestFE 66.74
[ 1183.1s]     s27: q32 63.09  m32 63.42  a16 65.88  q32b70 64.09  q64 64.21  | ens 65.55  bestFE 66.44
[ 1254.2s]     s28: q32 62.33  m32 65.20  a16 65.09  q32b70 63.22  q64 63.66  | ens 64.98  bestFE 65.31
[ 1331.9s]     s29: q32 62.68  m32 65.18  a16 65.59  q32b70 61.33  q64 63.51  | ens 65.18  bestFE 65.38
[ 1415.9s]     s30: q32 62.50  m32 64.92  a16 64.72  q32b70 62.70  q64 63.61  | ens 64.62  bestFE 65.02
[ 1500.2s]     s31: q32 61.68  m32 63.86  a16 63.96  q32b70 62.18  q64 62.87  | ens 63.86  bestFE 64.75
[ 1594.1s]     s32: q32 61.79  m32 64.04  a16 63.74  q32b70 62.09  q64 62.87  | ens 63.94  bestFE 64.62
[ 1682.3s]     s33: q32 60.66  m32 63.19  a16 63.94  q32b70 61.41  q64 62.54  | ens 63.66  bestFE 64.23
[ 1769.7s]     s34: q32 60.84  m32 63.21  a16 64.12  q32b70 60.66  q64 61.38  | ens 63.84  bestFE 64.57
[ 1864.3s]     s35: q32 61.23  m32 63.26  a16 63.96  q32b70 61.15  q64 62.03  | ens 63.70  bestFE 63.88
[ 1959.2s]     s36: q32 60.75  m32 62.65  a16 63.17  q32b70 60.75  q64 61.18  | ens 63.00  bestFE 63.34
[ 2057.8s]     s37: q32 60.43  m32 62.27  a16 62.85  q32b70 60.10  q64 60.52  | ens 62.77  bestFE 63.27
[ 2169.4s]     s38: q32 60.15  m32 61.88  a16 62.46  q32b70 59.98  q64 60.15  | ens 62.46  bestFE 62.95
[ 2271.7s]     s39: q32 59.97  m32 61.84  a16 62.57  q32b70 59.80  q64 60.05  | ens 62.65  bestFE 63.14
[ 2382.6s]     s40: q32 59.19  m32 61.81  a16 61.73  q32b70 59.59  q64 59.75  | ens 61.49  bestFE 62.44
[ 2498.6s]     s41: q32 58.76  m32 61.54  a16 60.85  q32b70 59.00  q64 58.92  | ens 61.08  bestFE 61.31
[ 2612.5s]     s42: q32 57.91  m32 60.33  a16 60.11  q32b70 57.91  q64 58.36  | ens 60.03  bestFE 61.32
[ 2726.7s]     s43: q32 57.46  m32 59.70  a16 59.48  q32b70 56.12  q64 57.61  | ens 59.55  bestFE 60.67
[ 2849.0s]     s44: q32 56.63  m32 58.75  a16 58.97  q32b70 57.22  q64 57.43  | ens 58.97  bestFE 60.13
[ 2972.3s]     s45: q32 56.90  m32 58.90  a16 58.83  q32b70 56.97  q64 57.40  | ens 58.97  bestFE 60.11
[ 3105.3s]     s46: q32 56.84  m32 58.26  a16 58.54  q32b70 56.77  q64 57.12  | ens 58.75  bestFE 59.82
[ 3228.7s]     s47: q32 56.73  m32 58.32  a16 58.67  q32b70 55.41  q64 57.21  | ens 59.08  bestFE 59.99
[ 3366.4s]     s48: q32 56.23  m32 58.08  a16 58.22  q32b70 56.44  q64 56.78  | ens 58.97  bestFE 59.59
[ 3502.5s]     s49: q32 56.53  m32 58.20  a16 58.20  q32b70 56.60  q64 56.93  | ens 58.47  bestFE 59.53
[ 3502.5s]     VERIFY ok over all 50 stages: exp54=SKIPPED  exp55=yes
[ 3502.5s]     cell took 3503s
[ 3502.6s] === IMAGENETAP|50|1|q32+m32+a16+q32b70+q64|f64|cone|FE|rsall|opcag0.5|s0.03_i500|np2|m10000_ordpilot|v1
[ 3503.2s]     5 members x 1 arms x 1 rules; 1 raysets x 1 rulesets x 1 orders = 1 configs
[ 3514.5s]     s0: q32 97.87  m32 97.87  a16 97.87  q32b70 97.87  q64 95.74  | ens 97.87  bestFE 97.87
[ 3530.3s]     s1: q32 96.83  m32 96.83  a16 96.83  q32b70 95.24  q64 93.65  | ens 96.83  bestFE 96.83
[ 3547.5s]     s2: q32 90.32  m32 92.47  a16 91.40  q32b70 90.32  q64 91.40  | ens 92.47  bestFE 91.40
[ 3569.3s]     s3: q32 85.71  m32 84.76  a16 85.71  q32b70 83.81  q64 85.71  | ens 86.67  bestFE 83.81
[ 3596.7s]     s4: q32 86.33  m32 84.89  a16 86.33  q32b70 84.89  q64 84.89  | ens 86.33  bestFE 85.61
[ 3624.0s]     s5: q32 83.78  m32 83.11  a16 81.76  q32b70 81.76  q64 81.76  | ens 83.78  bestFE 83.78
[ 3656.0s]     s6: q32 84.36  m32 81.01  a16 79.33  q32b70 80.45  q64 80.45  | ens 81.56  bestFE 82.68
[ 3690.9s]     s7: q32 82.30  m32 79.43  a16 80.38  q32b70 79.90  q64 79.90  | ens 80.86  bestFE 80.86
[ 3725.3s]     s8: q32 81.50  m32 79.13  a16 79.13  q32b70 79.53  q64 79.53  | ens 80.31  bestFE 80.31
[ 3761.5s]     s9: q32 78.60  m32 78.23  a16 77.12  q32b70 78.97  q64 77.86  | ens 77.86  bestFE 77.49
[ 3799.5s]     s10: q32 78.83  m32 75.57  a16 74.92  q32b70 78.18  q64 75.24  | ens 78.50  bestFE 78.50
[ 3843.9s]     s11: q32 77.10  m32 73.62  a16 75.94  q32b70 75.94  q64 75.65  | ens 76.52  bestFE 77.10
[ 3889.6s]     s12: q32 74.54  m32 71.62  a16 74.80  q32b70 72.68  q64 72.94  | ens 75.33  bestFE 74.80
[ 3932.3s]     s13: q32 75.00  m32 72.20  a16 74.30  q32b70 71.26  q64 71.96  | ens 74.77  bestFE 74.30
[ 3980.1s]     s14: q32 72.95  m32 71.36  a16 73.41  q32b70 70.23  q64 70.91  | ens 73.18  bestFE 72.73
[ 4027.5s]     s15: q32 72.38  m32 70.24  a16 71.73  q32b70 69.16  q64 70.66  | ens 73.02  bestFE 72.81
[ 4076.1s]     s16: q32 72.15  m32 68.09  a16 72.15  q32b70 69.72  q64 68.29  | ens 72.97  bestFE 72.56
[ 4132.1s]     s17: q32 71.89  m32 68.49  a16 73.21  q32b70 69.06  q64 69.62  | ens 71.70  bestFE 72.26
[ 4199.6s]     s18: q32 71.08  m32 67.20  a16 72.84  q32b70 67.90  q64 68.61  | ens 71.25  bestFE 71.60
[ 4254.5s]     s19: q32 69.00  m32 65.17  a16 68.67  q32b70 66.33  q64 66.83  | ens 69.33  bestFE 70.17
[ 4311.8s]     s20: q32 68.52  m32 64.27  a16 68.03  q32b70 65.25  q64 66.23  | ens 68.68  bestFE 68.19
[ 4375.4s]     s21: q32 67.88  m32 63.92  a16 69.30  q32b70 65.03  q64 65.51  | ens 67.88  bestFE 68.35
[ 4446.2s]     s22: q32 67.94  m32 62.96  a16 67.94  q32b70 63.84  q64 63.69  | ens 67.06  bestFE 66.33
[ 4511.2s]     s23: q32 66.01  m32 63.48  a16 69.24  q32b70 63.48  q64 64.33  | ens 67.13  bestFE 67.13
[ 4576.0s]     s24: q32 67.47  m32 62.90  a16 68.55  q32b70 63.17  q64 64.25  | ens 66.67  bestFE 67.34
[ 4642.7s]     s25: q32 66.41  m32 62.53  a16 67.57  q32b70 64.08  q64 62.40  | ens 66.15  bestFE 67.44
[ 4717.9s]     s26: q32 65.36  m32 60.15  a16 67.13  q32b70 63.20  q64 61.55  | ens 65.23  bestFE 65.48
[ 4793.0s]     s27: q32 64.99  m32 60.47  a16 66.59  q32b70 62.06  q64 62.67  | ens 65.36  bestFE 66.71
[ 4872.5s]     s28: q32 63.88  m32 58.42  a16 65.39  q32b70 61.44  q64 62.02  | ens 65.16  bestFE 65.51
[ 4957.3s]     s29: q32 62.73  m32 58.14  a16 65.37  q32b70 61.35  q64 62.04  | ens 64.91  bestFE 64.79
[ 5048.6s]     s30: q32 62.89  m32 58.76  a16 65.29  q32b70 61.04  q64 61.15  | ens 64.74  bestFE 64.96
[ 5140.3s]     s31: q32 62.95  m32 59.55  a16 64.97  q32b70 61.46  q64 61.68  | ens 64.12  bestFE 65.18
[ 5237.5s]     s32: q32 62.55  m32 59.02  a16 64.73  q32b70 60.06  q64 61.10  | ens 63.38  bestFE 64.42
[ 5329.1s]     s33: q32 63.40  m32 58.34  a16 64.31  q32b70 60.47  q64 61.48  | ens 63.80  bestFE 64.31
[ 5422.4s]     s34: q32 63.02  m32 58.78  a16 64.00  q32b70 59.86  q64 59.27  | ens 63.41  bestFE 64.40
[ 5519.2s]     s35: q32 62.11  m32 57.78  a16 62.68  q32b70 58.81  q64 59.38  | ens 62.30  bestFE 62.96
[ 5613.0s]     s36: q32 61.78  m32 57.70  a16 62.41  q32b70 58.70  q64 59.51  | ens 61.78  bestFE 62.14
[ 5713.7s]     s37: q32 61.73  m32 57.44  a16 62.17  q32b70 58.49  q64 58.67  | ens 61.56  bestFE 61.56
[ 5829.9s]     s38: q32 61.96  m32 57.61  a16 62.79  q32b70 59.78  q64 58.86  | ens 62.29  bestFE 62.12
[ 5944.0s]     s39: q32 61.67  m32 57.17  a16 62.08  q32b70 59.10  q64 58.70  | ens 61.59  bestFE 61.84
[ 6060.2s]     s40: q32 61.01  m32 56.67  a16 61.88  q32b70 58.72  q64 58.25  | ens 61.09  bestFE 61.17
[ 6183.7s]     s41: q32 60.83  m32 56.52  a16 59.29  q32b70 58.21  q64 57.59  | ens 60.60  bestFE 60.99
[ 6321.8s]     s42: q32 60.34  m32 55.98  a16 61.15  q32b70 57.98  q64 57.39  | ens 59.90  bestFE 61.15
[ 6453.4s]     s43: q32 59.81  m32 55.80  a16 61.05  q32b70 57.70  q64 57.04  | ens 59.74  bestFE 60.90
[ 6576.3s]     s44: q32 59.35  m32 55.25  a16 60.50  q32b70 57.27  q64 56.91  | ens 59.57  bestFE 60.50
[ 6706.3s]     s45: q32 58.59  m32 54.90  a16 59.73  q32b70 57.03  q64 56.25  | ens 58.88  bestFE 59.66
[ 6840.3s]     s46: q32 58.59  m32 55.00  a16 59.51  q32b70 57.11  q64 56.55  | ens 58.87  bestFE 60.07
[ 6978.4s]     s47: q32 59.13  m32 54.61  a16 59.74  q32b70 56.73  q64 56.53  | ens 58.71  bestFE 59.81
[ 7105.3s]     s48: q32 58.47  m32 54.64  a16 59.34  q32b70 56.12  q64 56.12  | ens 58.47  bestFE 59.48
[ 7245.2s]     s49: q32 58.33  m32 54.40  a16 58.80  q32b70 55.60  q64 55.67  | ens 58.13  bestFE 58.73
[ 7245.2s]     cell took 3743s
[ 7245.3s] === IMAGENETAP|50|2|q32+m32+a16+q32b70+q64|f64|cone|FE|rsall|opcag0.5|s0.03_i500|np2|m10000_ordpilot|v1
[ 7246.0s]     5 members x 1 arms x 1 rules; 1 raysets x 1 rulesets x 1 orders = 1 configs
[ 7256.9s]     s0: q32 77.78  m32 72.22  a16 77.78  q32b70 88.89  q64 77.78  | ens 77.78  bestFE 77.78
[ 7272.2s]     s1: q32 76.92  m32 69.23  a16 71.79  q32b70 76.92  q64 66.67  | ens 71.79  bestFE 74.36
[ 7290.9s]     s2: q32 78.87  m32 77.46  a16 76.06  q32b70 78.87  q64 80.28  | ens 80.28  bestFE 80.28
[ 7312.5s]     s3: q32 76.61  m32 79.03  a16 78.23  q32b70 79.03  q64 79.03  | ens 79.84  bestFE 79.84
[ 7343.1s]     s4: q32 82.28  m32 82.91  a16 79.75  q32b70 82.28  q64 82.28  | ens 83.54  bestFE 81.01
[ 7374.7s]     s5: q32 77.11  m32 76.12  a16 73.13  q32b70 75.62  q64 76.12  | ens 78.11  bestFE 76.12
[ 7404.4s]     s6: q32 75.21  m32 76.92  a16 73.93  q32b70 76.92  q64 75.21  | ens 76.92  bestFE 76.92
[ 7439.1s]     s7: q32 72.87  m32 75.71  a16 69.64  q32b70 75.30  q64 73.68  | ens 73.68  bestFE 73.68
[ 7472.5s]     s8: q32 73.23  m32 75.84  a16 72.49  q32b70 73.98  q64 73.61  | ens 74.35  bestFE 73.23
[ 7507.8s]     s9: q32 69.81  m32 70.78  a16 68.83  q32b70 71.43  q64 70.45  | ens 70.78  bestFE 71.43
[ 7541.7s]     s10: q32 69.55  m32 71.94  a16 67.76  q32b70 67.76  q64 69.55  | ens 71.64  bestFE 70.15
[ 7578.5s]     s11: q32 72.24  m32 71.21  a16 65.30  q32b70 71.47  q64 71.47  | ens 73.01  bestFE 71.47
[ 7613.2s]     s12: q32 70.62  m32 70.62  a16 64.69  q32b70 68.15  q64 67.16  | ens 71.85  bestFE 70.12
[ 7649.5s]     s13: q32 69.32  m32 69.32  a16 64.64  q32b70 69.79  q64 68.15  | ens 70.02  bestFE 68.38
[ 7696.9s]     s14: q32 67.35  m32 68.03  a16 67.35  q32b70 68.93  q64 68.03  | ens 70.07  bestFE 68.03
[ 7740.4s]     s15: q32 69.30  m32 68.02  a16 67.16  q32b70 68.87  q64 67.80  | ens 69.51  bestFE 69.08
[ 7782.0s]     s16: q32 66.87  m32 66.07  a16 64.07  q32b70 66.27  q64 65.87  | ens 67.66  bestFE 66.87
[ 7827.8s]     s17: q32 65.52  m32 64.37  a16 63.22  q32b70 65.13  q64 65.13  | ens 66.09  bestFE 65.33
[ 7880.0s]     s18: q32 63.86  m32 64.04  a16 62.97  q32b70 64.22  q64 64.40  | ens 65.12  bestFE 65.12
[ 7937.9s]     s19: q32 61.25  m32 62.63  a16 61.07  q32b70 62.28  q64 62.46  | ens 63.49  bestFE 62.11
[ 7996.9s]     s20: q32 62.56  m32 63.38  a16 60.59  q32b70 62.23  q64 62.56  | ens 63.05  bestFE 62.89
[ 8054.6s]     s21: q32 61.33  m32 63.29  a16 58.91  q32b70 62.08  q64 62.39  | ens 62.24  bestFE 62.99
[ 8112.8s]     s22: q32 61.11  m32 62.22  a16 59.17  q32b70 58.06  q64 60.69  | ens 61.53  bestFE 61.53
[ 8167.5s]     s23: q32 61.21  m32 61.74  a16 59.19  q32b70 59.87  q64 60.81  | ens 61.61  bestFE 61.88
[ 8225.7s]     s24: q32 61.14  m32 61.14  a16 59.72  q32b70 59.97  q64 60.23  | ens 61.27  bestFE 61.40
[ 8289.2s]     s25: q32 61.86  m32 61.02  a16 60.17  q32b70 60.90  q64 60.53  | ens 61.99  bestFE 62.83
[ 8354.4s]     s26: q32 61.08  m32 60.96  a16 59.67  q32b70 60.26  q64 60.14  | ens 61.55  bestFE 62.37
[ 8427.2s]     s27: q32 59.91  m32 59.79  a16 59.34  q32b70 59.79  q64 59.34  | ens 60.14  bestFE 61.73
[ 8502.6s]     s28: q32 59.15  m32 60.27  a16 59.37  q32b70 59.37  q64 59.37  | ens 60.27  bestFE 61.50
[ 8574.0s]     s29: q32 60.21  m32 61.18  a16 57.33  q32b70 60.00  q64 60.11  | ens 61.07  bestFE 61.39
[ 8641.2s]     s30: q32 60.37  m32 60.79  a16 57.47  q32b70 60.17  q64 59.85  | ens 60.89  bestFE 61.93
[ 8713.8s]     s31: q32 59.92  m32 60.32  a16 56.98  q32b70 59.72  q64 59.21  | ens 60.63  bestFE 61.54
[ 8793.0s]     s32: q32 59.49  m32 59.58  a16 56.62  q32b70 59.39  q64 58.99  | ens 60.08  bestFE 60.67
[ 8871.2s]     s33: q32 58.90  m32 59.19  a16 56.21  q32b70 58.71  q64 58.61  | ens 59.48  bestFE 59.48
[ 8965.1s]     s34: q32 58.00  m32 58.46  a16 55.78  q32b70 57.72  q64 58.00  | ens 58.65  bestFE 61.15
[ 9047.7s]     s35: q32 57.22  m32 57.95  a16 55.12  q32b70 57.04  q64 57.77  | ens 58.41  bestFE 59.78
[ 9127.1s]     s36: q32 56.91  m32 57.81  a16 57.45  q32b70 57.18  q64 57.18  | ens 57.63  bestFE 59.80
[ 9217.4s]     s37: q32 56.13  m32 57.25  a16 56.04  q32b70 56.13  q64 56.13  | ens 56.30  bestFE 59.34
[ 9305.9s]     s38: q32 55.54  m32 56.64  a16 55.88  q32b70 55.96  q64 56.05  | ens 56.22  bestFE 58.94
[ 9404.1s]     s39: q32 55.79  m32 56.71  a16 55.96  q32b70 56.54  q64 56.29  | ens 56.54  bestFE 59.52
[ 9503.7s]     s40: q32 55.77  m32 56.57  a16 55.45  q32b70 55.77  q64 55.93  | ens 56.49  bestFE 59.13
[ 9600.6s]     s41: q32 55.50  m32 56.45  a16 55.66  q32b70 55.58  q64 56.14  | ens 56.61  bestFE 59.22
[ 9699.3s]     s42: q32 55.53  m32 56.63  a16 55.61  q32b70 55.53  q64 55.92  | ens 56.63  bestFE 58.82
[ 9817.7s]     s43: q32 55.44  m32 55.89  a16 55.13  q32b70 55.74  q64 55.67  | ens 56.12  bestFE 58.33
[ 9921.2s]     s44: q32 55.13  m32 55.58  a16 54.83  q32b70 55.43  q64 55.66  | ens 55.96  bestFE 58.22
[10031.1s]     s45: q32 54.52  m32 55.03  a16 54.81  q32b70 54.88  q64 55.10  | ens 55.61  bestFE 57.36
[10142.6s]     s46: q32 54.02  m32 54.59  a16 54.09  q32b70 54.59  q64 54.38  | ens 55.24  bestFE 57.53
[10253.7s]     s47: q32 54.29  m32 54.71  a16 54.50  q32b70 55.47  q64 54.99  | ens 55.61  bestFE 58.03
[10369.2s]     s48: q32 54.04  m32 54.51  a16 54.18  q32b70 54.85  q64 54.79  | ens 55.40  bestFE 57.91
[10497.7s]     s49: q32 53.80  m32 53.80  a16 53.73  q32b70 54.40  q64 54.40  | ens 55.20  bestFE 55.80
[10497.7s]     cell took 3252s

========================================================================================================
EXP56 — does the cone read-out compose with the LoRA-member ensemble?
========================================================================================================

members ['q32', 'm32', 'a16', 'q32b70', 'q64']
arms ['f64']  rules ['cone']  orders ['FE']  raysets all (1)  cells 32

--------------------------------------------------------------------------------------------------------
SHOPPING PENALTY — read before any accuracy. `sel` picks the config on VAL;
`oracle` is the max over configs on TEST and is NOT obtainable.
--------------------------------------------------------------------------------------------------------
  ds             T order   sel(test)   oracle  penalty  sel val-test                 chosen config
  CIFAR100      10 FE          96.01    96.01     0.00          0.02                      f64|cone
  CIFAR100      20 FE          95.72    95.72     0.00         -0.40                      f64|cone
  CUB200P       10 FE          93.33    93.33     0.00          1.05                      f64|cone
  CUB200P       20 FE          93.42    93.42     0.00          0.56                      f64|cone
  CUB200P       50 FE          93.17    93.17     0.00          0.99                      f64|cone
  IMAGENETAP    10 FE          72.23    72.23     0.00         -0.77                      f64|cone
  IMAGENETAP    20 FE          69.37    69.37     0.00         -3.17                      f64|cone
  IMAGENETAP    50 FE          68.08    68.08     0.00         -1.71                      f64|cone
  IMAGENETR     10 FE          87.01    87.01     0.00         -0.23                      f64|cone
  IMAGENETR     20 FE          85.86    85.86     0.00         -0.10                      f64|cone
  IMAGENETR     50 FE          82.97    82.97     0.00         -1.02                      f64|cone

--------------------------------------------------------------------------------------------------------
A-Last — baselines and the honest (val-selected) composition
--------------------------------------------------------------------------------------------------------
  ds             T seeds      q32      ens  q32+cone   sel_FE  best-ens  GR-LoRA  best-GR
  CIFAR100      10     2    92.78    93.27       nan    93.40     +0.14    91.97    +1.43
  CIFAR100      20     3    91.86    92.67       nan    92.81     +0.14    91.46    +1.35
  CUB200P       10     3    89.71    90.19       nan    90.16     -0.03    89.91    +0.25
  CUB200P       20     3    89.27    89.64       nan    89.77     +0.13    89.76    +0.01
  CUB200P       50     3    88.46    89.20       nan    89.27     +0.07    89.68    -0.41
  IMAGENETAP    10     3    62.76    63.38       nan    64.27     +0.89    63.60    +0.67
  IMAGENETAP    20     3    59.11    59.73       nan    60.16     +0.42    62.37    -2.21
  IMAGENETAP    50     3    56.22    57.27       nan    58.02     +0.76    59.71    -1.69
  IMAGENETR     10     3    80.76    81.78       nan    82.58     +0.80    82.09    +0.49
  IMAGENETR     20     3    79.63    80.31       nan    81.16     +0.86    80.23    +0.93
  IMAGENETR     50     3    75.74    76.89       nan    78.21     +1.32    76.74    +1.47

--------------------------------------------------------------------------------------------------------
A-Avg — baselines and the honest (val-selected) composition
--------------------------------------------------------------------------------------------------------
  ds             T seeds      q32      ens  q32+cone   sel_FE  best-ens  GR-LoRA  best-GR
  CIFAR100      10     2    95.62    95.98       nan    96.01     +0.03    94.65    +1.36
  CIFAR100      20     3    95.11    95.64       nan    95.72     +0.08    94.41    +1.31
  CUB200P       10     3    92.97    93.36       nan    93.33     -0.03    93.85    -0.52
  CUB200P       20     3    93.09    93.36       nan    93.42     +0.05    94.08    -0.66
  CUB200P       50     3    92.74    93.13       nan    93.17     +0.04    93.94    -0.77
  IMAGENETAP    10     3    71.09    72.16       nan    72.23     +0.07    70.24    +1.99
  IMAGENETAP    20     3    68.33    69.14       nan    69.37     +0.23    69.30    +0.07
  IMAGENETAP    50     3    66.66    67.68       nan    68.08     +0.40    67.23    +0.85
  IMAGENETR     10     3    85.49    86.55       nan    87.01     +0.46    86.20    +0.81
  IMAGENETR     20     3    84.76    85.32       nan    85.86     +0.54    85.05    +0.81
  IMAGENETR     50     3    81.65    82.38       nan    82.97     +0.58    82.64    +0.33

--------------------------------------------------------------------------------------------------------
RAY-BUDGET SWEEP — single budgets, min to max. Does the cone's known
monotonicity in R SURVIVE member averaging, or does the ensemble substitute for rays?
--------------------------------------------------------------------------------------------------------
  CIFAR100 T=10 (cpt=10)   fit rows/class 433-464 (median 450.5)
    arm       q32 alone       FE     (A-Last, vs ens_ranpac)   * = clipped
    f64           +0.12    +0.14
  CIFAR100 T=20 (cpt=5)   fit rows/class 431-462 (median 450.5)
    arm       q32 alone       FE     (A-Last, vs ens_ranpac)   * = clipped
    f64           +0.37    +0.14
  CUB200P T=10 (cpt=20)   fit rows/class 30-53 (median 43.0)   CLIPPED ARMS ['f64']: k=min(R, n_rows), so these are 'one ray per point' at a DIFFERENT R per class, not a fixed budget
    arm       q32 alone       FE     (A-Last, vs ens_ranpac)   * = clipped
    f64*          -0.01    -0.03
  CUB200P T=20 (cpt=10)   fit rows/class 26-52 (median 43.0)   CLIPPED ARMS ['f64']: k=min(R, n_rows), so these are 'one ray per point' at a DIFFERENT R per class, not a fixed budget
    arm       q32 alone       FE     (A-Last, vs ens_ranpac)   * = clipped
    f64*          +0.17    +0.13
  CUB200P T=50 (cpt=4)   fit rows/class 28-51 (median 43.0)   CLIPPED ARMS ['f64']: k=min(R, n_rows), so these are 'one ray per point' at a DIFFERENT R per class, not a fixed budget
    arm       q32 alone       FE     (A-Last, vs ens_ranpac)   * = clipped
    f64*          +0.11    +0.07
  IMAGENETAP T=10 (cpt=20)   fit rows/class 1-75 (median 18.0)   CLIPPED ARMS ['f64']: k=min(R, n_rows), so these are 'one ray per point' at a DIFFERENT R per class, not a fixed budget
    arm       q32 alone       FE     (A-Last, vs ens_ranpac)   * = clipped
    f64*          +1.00    +0.89
  IMAGENETAP T=20 (cpt=10)   fit rows/class 2-75 (median 18.5)   CLIPPED ARMS ['f64']: k=min(R, n_rows), so these are 'one ray per point' at a DIFFERENT R per class, not a fixed budget
    arm       q32 alone       FE     (A-Last, vs ens_ranpac)   * = clipped
    f64*          +0.87    +0.42
  IMAGENETAP T=50 (cpt=4)   fit rows/class 2-75 (median 19.0)   CLIPPED ARMS ['f64']: k=min(R, n_rows), so these are 'one ray per point' at a DIFFERENT R per class, not a fixed budget
    arm       q32 alone       FE     (A-Last, vs ens_ranpac)   * = clipped
    f64*          +1.44    +0.76
  IMAGENETR T=10 (cpt=20)   fit rows/class 33-315 (median 100.0)
    arm       q32 alone       FE     (A-Last, vs ens_ranpac)   * = clipped
    f64           +0.77    +0.80
  IMAGENETR T=20 (cpt=10)   fit rows/class 36-320 (median 101.5)
    arm       q32 alone       FE     (A-Last, vs ens_ranpac)   * = clipped
    f64           +1.22    +0.86
  IMAGENETR T=50 (cpt=4)   fit rows/class 34-311 (median 101.5)
    arm       q32 alone       FE     (A-Last, vs ens_ranpac)   * = clipped
    f64           +1.59    +1.32

--------------------------------------------------------------------------------------------------------
PRE-REGISTERED TEST — sel_FE vs ens_ranpac, IMAGENETR A-Last, per T
--------------------------------------------------------------------------------------------------------
  T=10  ens_ranpac 81.78   sel_FE 82.58   delta +0.80   (predicted ~+0.38, FALSIFIED IF > +0.70)  -> FALSIFIED: levers INDEPENDENT
  T=20  ens_ranpac 80.31   sel_FE 81.16   delta +0.86   (predicted ~+0.38, FALSIFIED IF > +0.70)  -> FALSIFIED: levers INDEPENDENT
  T=50  ens_ranpac 76.89   sel_FE 78.21   delta +1.32   (predicted ~+0.38, FALSIFIED IF > +0.70)  -> FALSIFIED: levers INDEPENDENT

--------------------------------------------------------------------------------------------------------
HOW TO READ THIS
  0. SHOPPING PENALTY FIRST. This file evaluates up to ~1300 configs per cell. `oracle` is the
     max over them on TEST and is not obtainable by any deployable system; `sel` picks on VAL
     and is the only honest number. A large penalty means the sweep found noise, and a large
     `sel val-test` means even the val-selected config overfits the split.
  1. THE PRE-REGISTERED TEST is sel_FE - ens_ranpac on IMAGENETR A-Last. exp52's decomposition
     says +0.30 (rays) + 0.08 (non-negativity) ~ +0.38 should survive and the +0.74 linear-
     combination piece should NOT, because the member ensemble already bought it. Above +0.70
     that reading is dead and the levers are independent.
  2. EF/JT ISOLATE WHERE THE AVERAGING HAPPENS -- they do NOT test exp55's oracle_class_cv
     (see the EF note in the header; none of these orderings weights members per class). The
     informative column for them is `sel val-test`, NOT accuracy. Measured on the f32 control:
     FE 0.86, EF 1.98, JT 2.37 -- the overfitting order is the exact inverse of the accuracy
     order. FE fuses each member's cone against THAT member's own RanPAC in matched geometry
     and renormalises before averaging; EF and JT fuse against a POOLED base and pay 2-3x the
     val overfit for it. Treat a future EF/JT win as suspect until its gap matches FE's.
  3. THE RAY SWEEP IS THE MECHANISM READ. exp53 found the fused gain monotone in R because the
     cone is an AGGREGATOR of noisy atom sets. A member ensemble is also an aggregator. If the
     substitution reading is right, the `q32 alone` column stays monotone in R while the FE/EF
     columns FLATTEN -- the ensemble has already done the aggregating. A still-monotone FE
     column would mean rays contribute something averaging cannot.
  4. JT bounds FE and EF from above and is the most likely to overfit; believe it only if its
     val-test gap is comparable to FE's. Configs above JT_MAX components are skipped and the
     count is recorded in _meta, never silently dropped.
========================================================================================================
[10497.8s] wrote /home/khiemphi/Conic-Hull-Continual-Learning/exp56_ray_ensemble_table_augreg_in21k.json
