[    0.0s] === CIFAR100|50|0|q32+m32+a16+q32b70+q64|f64|cone|FE|rsall|opcag0.5|s0.03_i500|np2|m10000_ordpilot|v1
/home/khiemphi/venvs/ml_env/lib/python3.12/site-packages/torchvision/datasets/cifar.py:83: VisibleDeprecationWarning: dtype(): align should be passed as Python or NumPy boolean but got `align=0`. Did you mean to pass a tuple to create a subarray type? (Deprecated NumPy 2.4)
  entry = pickle.load(f, encoding="latin1")
[    7.4s]     VERIFY: exp54 anchor N/A under ORDER=pilot (exp54 is legacy-order only); relying on the exp55 anchor, which is regenerated per order
[    7.4s]     VERIFY: exp55 ensemble reference loaded
[    7.4s]     5 members x 1 arms x 1 rules; 1 raysets x 1 rulesets x 1 orders = 1 configs
[   17.4s]     VERIFY ok at s0: exp55 ensemble 1.000000
[   17.4s]     s0: q32 100.00  m32 100.00  a16 100.00  q32b70 100.00  q64 100.00  | ens 100.00  bestFE 100.00
[   27.1s]     s1: q32 100.00  m32 100.00  a16 100.00  q32b70 100.00  q64 100.00  | ens 100.00  bestFE 100.00
[   38.2s]     s2: q32 99.83  m32 100.00  a16 99.83  q32b70 99.83  q64 99.83  | ens 99.83  bestFE 99.83
[   52.9s]     s3: q32 99.75  m32 99.25  a16 99.38  q32b70 99.12  q64 99.38  | ens 99.38  bestFE 99.38
[   67.4s]     s4: q32 98.90  m32 98.90  a16 98.10  q32b70 98.70  q64 98.90  | ens 99.10  bestFE 99.10
[   86.4s]     s5: q32 98.58  m32 98.58  a16 97.67  q32b70 98.58  q64 98.58  | ens 98.75  bestFE 98.75
[  111.3s]     s6: q32 98.86  m32 98.43  a16 97.93  q32b70 98.50  q64 98.79  | ens 98.93  bestFE 98.93
[  137.7s]     s7: q32 98.12  m32 97.75  a16 97.50  q32b70 98.06  q64 98.19  | ens 98.44  bestFE 98.25
[  162.3s]     s8: q32 97.50  m32 97.56  a16 96.67  q32b70 97.50  q64 97.61  | ens 97.89  bestFE 97.78
[  189.8s]     s9: q32 97.00  m32 97.05  a16 96.30  q32b70 96.95  q64 97.20  | ens 97.45  bestFE 97.30
[  217.7s]     s10: q32 96.95  m32 96.68  a16 96.14  q32b70 96.86  q64 97.00  | ens 97.18  bestFE 97.23
[  251.0s]     s11: q32 96.88  m32 96.67  a16 96.12  q32b70 96.83  q64 96.83  | ens 97.04  bestFE 97.25
[  286.5s]     s12: q32 97.00  m32 96.62  a16 95.88  q32b70 96.65  q64 96.85  | ens 97.00  bestFE 97.27
[  329.2s]     s13: q32 96.21  m32 95.93  a16 94.86  q32b70 96.07  q64 96.29  | ens 96.43  bestFE 96.64
[  376.7s]     s14: q32 96.20  m32 96.10  a16 95.23  q32b70 96.30  q64 96.50  | ens 96.40  bestFE 96.77
[  422.4s]     s15: q32 95.66  m32 95.28  a16 94.59  q32b70 95.81  q64 95.72  | ens 95.69  bestFE 95.84
[  467.3s]     s16: q32 95.29  m32 94.88  a16 94.47  q32b70 95.47  q64 95.41  | ens 95.47  bestFE 95.59
[  517.6s]     s17: q32 95.47  m32 94.92  a16 94.39  q32b70 95.64  q64 95.44  | ens 95.53  bestFE 95.61
[  571.1s]     s18: q32 95.11  m32 94.82  a16 94.34  q32b70 95.47  q64 95.47  | ens 95.58  bestFE 95.55
[  640.0s]     s19: q32 95.00  m32 94.53  a16 94.25  q32b70 95.35  q64 95.45  | ens 95.45  bestFE 95.45
[  726.4s]     s20: q32 94.93  m32 94.62  a16 94.38  q32b70 95.40  q64 95.50  | ens 95.36  bestFE 95.45
[  808.7s]     s21: q32 94.66  m32 94.20  a16 93.84  q32b70 94.84  q64 94.61  | ens 94.80  bestFE 95.00
[  889.9s]     s22: q32 94.22  m32 93.57  a16 93.46  q32b70 94.54  q64 94.52  | ens 94.57  bestFE 94.78
[  976.6s]     s23: q32 94.04  m32 93.52  a16 93.38  q32b70 94.44  q64 94.19  | ens 94.48  bestFE 94.50
[ 1077.9s]     s24: q32 94.08  m32 93.46  a16 93.22  q32b70 94.36  q64 94.16  | ens 94.52  bestFE 94.48
[ 1182.4s]     s25: q32 93.96  m32 93.25  a16 93.12  q32b70 94.27  q64 94.02  | ens 94.40  bestFE 94.44
[ 1288.7s]     s26: q32 93.74  m32 93.07  a16 92.87  q32b70 93.80  q64 93.87  | ens 94.15  bestFE 94.17
[ 1415.1s]     s27: q32 93.46  m32 92.91  a16 92.71  q32b70 93.59  q64 93.62  | ens 93.95  bestFE 93.95
[ 1534.1s]     s28: q32 93.60  m32 92.91  a16 92.69  q32b70 93.69  q64 93.69  | ens 93.91  bestFE 93.90
[ 1659.2s]     s29: q32 93.10  m32 92.58  a16 92.32  q32b70 93.42  q64 93.38  | ens 93.63  bestFE 93.63
[ 1793.8s]     s30: q32 93.19  m32 92.50  a16 92.16  q32b70 93.44  q64 93.32  | ens 93.65  bestFE 93.76
[ 1916.9s]     s31: q32 92.81  m32 92.30  a16 91.80  q32b70 93.03  q64 93.02  | ens 93.27  bestFE 93.34
[ 2051.4s]     s32: q32 92.92  m32 92.36  a16 91.76  q32b70 93.02  q64 93.05  | ens 93.33  bestFE 93.36
[ 2209.6s]     s33: q32 93.03  m32 92.35  a16 91.93  q32b70 93.25  q64 93.12  | ens 93.38  bestFE 93.49
[ 2367.8s]     s34: q32 92.94  m32 92.27  a16 91.80  q32b70 93.19  q64 93.04  | ens 93.40  bestFE 93.43
[ 2542.2s]     s35: q32 92.76  m32 92.03  a16 91.65  q32b70 92.88  q64 92.85  | ens 93.19  bestFE 93.31
[ 2701.9s]     s36: q32 92.77  m32 92.05  a16 91.62  q32b70 92.84  q64 92.81  | ens 93.26  bestFE 93.26
[ 2865.5s]     s37: q32 92.30  m32 91.59  a16 91.33  q32b70 92.59  q64 92.33  | ens 92.93  bestFE 92.88
[ 3068.0s]     s38: q32 91.65  m32 91.01  a16 90.82  q32b70 91.94  q64 91.69  | ens 92.32  bestFE 92.29
[ 3239.0s]     s39: q32 91.38  m32 90.84  a16 90.60  q32b70 91.54  q64 91.34  | ens 92.07  bestFE 92.07
[ 3469.9s]     s40: q32 91.29  m32 90.83  a16 90.61  q32b70 91.52  q64 91.38  | ens 91.90  bestFE 92.10
[ 3728.6s]     s41: q32 91.15  m32 90.76  a16 90.42  q32b70 91.39  q64 91.37  | ens 91.74  bestFE 91.87
[ 4005.6s]     s42: q32 91.00  m32 90.66  a16 90.07  q32b70 91.30  q64 91.26  | ens 91.74  bestFE 91.92
[ 4313.0s]     s43: q32 91.07  m32 90.65  a16 90.31  q32b70 91.35  q64 91.20  | ens 91.72  bestFE 91.90
[ 4590.2s]     s44: q32 90.87  m32 90.40  a16 89.94  q32b70 91.23  q64 91.08  | ens 91.48  bestFE 91.67
[ 4896.6s]     s45: q32 90.93  m32 90.38  a16 90.01  q32b70 91.29  q64 91.08  | ens 91.51  bestFE 91.70
[ 5193.5s]     s46: q32 90.95  m32 90.38  a16 90.04  q32b70 91.28  q64 91.01  | ens 91.56  bestFE 91.60
[ 5517.8s]     s47: q32 90.83  m32 90.29  a16 89.96  q32b70 91.29  q64 91.01  | ens 91.50  bestFE 91.62
[ 5843.2s]     s48: q32 90.89  m32 90.21  a16 89.82  q32b70 91.19  q64 90.95  | ens 91.47  bestFE 91.45
[ 6180.1s]     s49: q32 90.65  m32 89.96  a16 89.69  q32b70 91.05  q64 90.80  | ens 91.25  bestFE 91.27
[ 6180.2s]     VERIFY ok over all 50 stages: exp54=SKIPPED  exp55=yes
[ 6180.2s]     cell took 6180s
[ 6180.2s] === CIFAR100|50|1|q32+m32+a16+q32b70+q64|f64|cone|FE|rsall|opcag0.5|s0.03_i500|np2|m10000_ordpilot|v1
/home/khiemphi/venvs/ml_env/lib/python3.12/site-packages/torchvision/datasets/cifar.py:83: VisibleDeprecationWarning: dtype(): align should be passed as Python or NumPy boolean but got `align=0`. Did you mean to pass a tuple to create a subarray type? (Deprecated NumPy 2.4)
  entry = pickle.load(f, encoding="latin1")
[ 6184.4s]     5 members x 1 arms x 1 rules; 1 raysets x 1 rulesets x 1 orders = 1 configs
[ 6192.3s]     s0: q32 100.00  m32 100.00  a16 100.00  q32b70 100.00  q64 100.00  | ens 100.00  bestFE 100.00
[ 6201.9s]     s1: q32 96.50  m32 97.00  a16 97.50  q32b70 96.50  q64 97.25  | ens 97.50  bestFE 97.50
[ 6213.3s]     s2: q32 97.00  m32 97.50  a16 97.33  q32b70 96.83  q64 98.33  | ens 98.17  bestFE 98.17
[ 6226.4s]     s3: q32 97.38  m32 97.75  a16 97.50  q32b70 97.00  q64 97.88  | ens 97.88  bestFE 97.88
[ 6241.8s]     s4: q32 96.90  m32 97.40  a16 97.30  q32b70 96.70  q64 97.50  | ens 97.80  bestFE 97.80
[ 6259.7s]     s5: q32 97.08  m32 97.25  a16 97.58  q32b70 97.17  q64 97.58  | ens 97.83  bestFE 98.00
[ 6281.6s]     s6: q32 96.71  m32 97.29  a16 97.50  q32b70 97.07  q64 97.43  | ens 97.57  bestFE 97.64
[ 6307.4s]     s7: q32 96.81  m32 97.12  a16 97.62  q32b70 96.94  q64 97.44  | ens 97.56  bestFE 97.62
[ 6335.3s]     s8: q32 97.22  m32 97.28  a16 97.78  q32b70 97.28  q64 97.94  | ens 97.83  bestFE 97.94
[ 6363.8s]     s9: q32 97.00  m32 96.80  a16 97.25  q32b70 96.80  q64 97.25  | ens 97.30  bestFE 97.35
[ 6393.8s]     s10: q32 97.05  m32 97.14  a16 97.41  q32b70 96.91  q64 97.27  | ens 97.41  bestFE 97.41
[ 6426.5s]     s11: q32 97.29  m32 97.25  a16 97.42  q32b70 96.88  q64 97.42  | ens 97.50  bestFE 97.42
[ 6472.6s]     s12: q32 96.96  m32 97.19  a16 97.31  q32b70 96.92  q64 97.46  | ens 97.46  bestFE 97.50
[ 6518.5s]     s13: q32 96.64  m32 97.00  a16 97.11  q32b70 96.64  q64 97.14  | ens 97.25  bestFE 97.25
[ 6568.1s]     s14: q32 96.67  m32 97.03  a16 97.13  q32b70 96.60  q64 96.90  | ens 97.27  bestFE 97.47
[ 6616.1s]     s15: q32 96.25  m32 96.56  a16 96.66  q32b70 96.09  q64 96.41  | ens 96.91  bestFE 96.91
[ 6662.0s]     s16: q32 96.24  m32 96.35  a16 96.59  q32b70 96.09  q64 96.41  | ens 96.94  bestFE 97.15
[ 6716.4s]     s17: q32 96.03  m32 96.39  a16 96.47  q32b70 95.86  q64 96.19  | ens 96.67  bestFE 96.86
[ 6768.0s]     s18: q32 95.97  m32 96.39  a16 96.50  q32b70 95.82  q64 96.13  | ens 96.66  bestFE 96.79
[ 6821.7s]     s19: q32 95.53  m32 95.97  a16 96.15  q32b70 95.43  q64 95.78  | ens 96.35  bestFE 96.47
[ 6898.7s]     s20: q32 95.43  m32 95.98  a16 96.24  q32b70 95.33  q64 95.83  | ens 96.31  bestFE 96.45
[ 7001.7s]     s21: q32 95.32  m32 95.84  a16 95.98  q32b70 95.27  q64 95.66  | ens 96.11  bestFE 96.27
[ 7103.2s]     s22: q32 95.28  m32 95.74  a16 95.74  q32b70 95.20  q64 95.74  | ens 96.20  bestFE 96.22
[ 7196.9s]     s23: q32 94.92  m32 95.50  a16 95.38  q32b70 94.79  q64 95.40  | ens 95.85  bestFE 95.96
[ 7299.4s]     s24: q32 94.42  m32 95.08  a16 95.06  q32b70 94.30  q64 94.70  | ens 95.38  bestFE 95.38
[ 7407.9s]     s25: q32 94.35  m32 95.17  a16 95.06  q32b70 94.37  q64 94.75  | ens 95.44  bestFE 95.42
[ 7509.2s]     s26: q32 94.30  m32 94.96  a16 94.87  q32b70 94.17  q64 94.54  | ens 95.30  bestFE 95.33
[ 7635.1s]     s27: q32 94.16  m32 94.82  a16 94.79  q32b70 94.05  q64 94.48  | ens 95.16  bestFE 95.23
[ 7744.2s]     s28: q32 94.07  m32 94.86  a16 94.83  q32b70 94.19  q64 94.53  | ens 95.26  bestFE 95.26
[ 7877.6s]     s29: q32 93.90  m32 94.72  a16 94.63  q32b70 94.03  q64 94.40  | ens 95.15  bestFE 95.18
[ 7998.3s]     s30: q32 94.10  m32 94.79  a16 94.65  q32b70 94.05  q64 94.40  | ens 95.10  bestFE 95.13
[ 8148.8s]     s31: q32 93.75  m32 94.62  a16 94.48  q32b70 93.84  q64 94.30  | ens 94.88  bestFE 95.02
[ 8307.6s]     s32: q32 93.59  m32 94.35  a16 94.05  q32b70 93.70  q64 93.77  | ens 94.55  bestFE 94.70
[ 8445.7s]     s33: q32 92.87  m32 93.88  a16 93.68  q32b70 93.29  q64 93.41  | ens 94.13  bestFE 94.24
[ 8595.3s]     s34: q32 92.84  m32 93.77  a16 93.63  q32b70 93.10  q64 93.37  | ens 94.03  bestFE 94.13
[ 8758.1s]     s35: q32 92.81  m32 93.82  a16 93.65  q32b70 93.11  q64 93.24  | ens 94.01  bestFE 94.01
[ 8945.8s]     s36: q32 92.82  m32 93.65  a16 93.41  q32b70 92.80  q64 92.99  | ens 93.77  bestFE 93.89
[ 9122.9s]     s37: q32 92.29  m32 93.08  a16 92.86  q32b70 92.38  q64 92.49  | ens 93.34  bestFE 93.29
[ 9298.5s]     s38: q32 92.19  m32 93.04  a16 92.82  q32b70 92.26  q64 92.44  | ens 93.29  bestFE 93.26
[ 9484.5s]     s39: q32 92.01  m32 92.90  a16 92.64  q32b70 91.95  q64 92.24  | ens 93.04  bestFE 93.21
[ 9738.5s]     s40: q32 92.02  m32 92.87  a16 92.65  q32b70 92.05  q64 92.30  | ens 92.99  bestFE 93.10
[10010.3s]     s41: q32 91.58  m32 92.33  a16 92.17  q32b70 91.42  q64 91.76  | ens 92.51  bestFE 92.68
[10267.4s]     s42: q32 91.43  m32 92.36  a16 92.09  q32b70 91.37  q64 91.80  | ens 92.53  bestFE 92.70
[10536.8s]     s43: q32 91.35  m32 92.25  a16 92.08  q32b70 91.31  q64 91.80  | ens 92.45  bestFE 92.49
[10849.8s]     s44: q32 91.11  m32 91.96  a16 91.92  q32b70 91.16  q64 91.62  | ens 92.14  bestFE 92.26
[11126.0s]     s45: q32 91.04  m32 91.97  a16 91.75  q32b70 91.15  q64 91.36  | ens 92.04  bestFE 92.25
[11430.7s]     s46: q32 91.00  m32 91.70  a16 91.70  q32b70 91.15  q64 91.29  | ens 91.88  bestFE 92.10
[11739.7s]     s47: q32 90.99  m32 91.84  a16 91.71  q32b70 91.10  q64 91.22  | ens 91.91  bestFE 92.18
[12083.1s]     s48: q32 90.94  m32 91.63  a16 91.76  q32b70 91.04  q64 91.29  | ens 91.84  bestFE 92.12
[12389.5s]     s49: q32 90.93  m32 91.80  a16 91.74  q32b70 91.11  q64 91.27  | ens 91.85  bestFE 92.15
[12389.5s]     cell took 6209s
[12389.6s] === CIFAR100|50|2|q32+m32+a16+q32b70+q64|f64|cone|FE|rsall|opcag0.5|s0.03_i500|np2|m10000_ordpilot|v1
/home/khiemphi/venvs/ml_env/lib/python3.12/site-packages/torchvision/datasets/cifar.py:83: VisibleDeprecationWarning: dtype(): align should be passed as Python or NumPy boolean but got `align=0`. Did you mean to pass a tuple to create a subarray type? (Deprecated NumPy 2.4)
  entry = pickle.load(f, encoding="latin1")
[12393.9s]     5 members x 1 arms x 1 rules; 1 raysets x 1 rulesets x 1 orders = 1 configs
[12401.6s]     s0: q32 100.00  m32 100.00  a16 100.00  q32b70 100.00  q64 100.00  | ens 100.00  bestFE 100.00
[12410.8s]     s1: q32 99.25  m32 98.50  a16 99.25  q32b70 99.25  q64 98.75  | ens 99.25  bestFE 99.25
[12421.9s]     s2: q32 99.33  m32 99.50  a16 99.50  q32b70 99.17  q64 99.50  | ens 99.67  bestFE 99.67
[12435.4s]     s3: q32 99.12  m32 99.12  a16 99.38  q32b70 99.38  q64 98.88  | ens 99.38  bestFE 99.38
[12450.7s]     s4: q32 98.90  m32 98.50  a16 98.90  q32b70 98.60  q64 98.60  | ens 98.80  bestFE 99.00
[12469.1s]     s5: q32 97.42  m32 97.25  a16 97.75  q32b70 97.50  q64 97.67  | ens 97.92  bestFE 98.00
[12489.9s]     s6: q32 96.71  m32 97.00  a16 97.50  q32b70 97.00  q64 96.71  | ens 97.50  bestFE 97.57
[12515.4s]     s7: q32 96.75  m32 96.75  a16 97.69  q32b70 96.56  q64 96.50  | ens 97.31  bestFE 97.50
[12541.9s]     s8: q32 96.94  m32 97.00  a16 97.61  q32b70 96.56  q64 96.83  | ens 97.56  bestFE 97.44
[12572.2s]     s9: q32 96.70  m32 96.80  a16 97.45  q32b70 96.75  q64 96.85  | ens 97.75  bestFE 97.55
[12601.9s]     s10: q32 96.50  m32 96.82  a16 97.18  q32b70 96.55  q64 96.86  | ens 97.50  bestFE 97.55
[12634.0s]     s11: q32 95.88  m32 96.38  a16 97.04  q32b70 95.92  q64 95.83  | ens 96.96  bestFE 96.92
[12668.2s]     s12: q32 95.96  m32 96.42  a16 96.85  q32b70 96.00  q64 95.88  | ens 96.88  bestFE 96.96
[12706.0s]     s13: q32 95.79  m32 96.29  a16 96.79  q32b70 96.43  q64 96.21  | ens 96.82  bestFE 96.96
[12750.5s]     s14: q32 95.37  m32 95.67  a16 96.13  q32b70 95.73  q64 95.80  | ens 96.40  bestFE 96.50
[12798.1s]     s15: q32 95.22  m32 95.34  a16 96.06  q32b70 95.19  q64 95.44  | ens 96.16  bestFE 96.16
[12841.7s]     s16: q32 94.65  m32 94.71  a16 95.50  q32b70 95.21  q64 95.18  | ens 95.53  bestFE 95.79
[12889.5s]     s17: q32 94.47  m32 94.64  a16 95.42  q32b70 94.86  q64 95.06  | ens 95.56  bestFE 95.86
[12944.1s]     s18: q32 94.82  m32 94.74  a16 95.55  q32b70 94.92  q64 94.79  | ens 95.63  bestFE 95.79
[13012.4s]     s19: q32 94.77  m32 95.00  a16 95.53  q32b70 95.00  q64 94.85  | ens 95.67  bestFE 95.67
[13093.4s]     s20: q32 94.55  m32 94.83  a16 95.24  q32b70 94.98  q64 94.81  | ens 95.48  bestFE 95.69
[13193.5s]     s21: q32 94.68  m32 94.64  a16 95.39  q32b70 95.07  q64 95.02  | ens 95.64  bestFE 95.82
[13278.1s]     s22: q32 94.09  m32 93.98  a16 94.80  q32b70 94.46  q64 94.43  | ens 95.15  bestFE 95.33
[13363.6s]     s23: q32 93.85  m32 94.00  a16 94.83  q32b70 94.31  q64 94.19  | ens 95.00  bestFE 95.27
[13451.1s]     s24: q32 94.00  m32 93.98  a16 94.84  q32b70 94.26  q64 94.18  | ens 94.96  bestFE 95.22
[13559.7s]     s25: q32 94.06  m32 93.96  a16 94.88  q32b70 94.37  q64 94.21  | ens 94.96  bestFE 95.25
[13652.5s]     s26: q32 93.59  m32 93.54  a16 94.63  q32b70 94.09  q64 93.81  | ens 94.69  bestFE 94.85
[13767.6s]     s27: q32 93.61  m32 93.57  a16 94.59  q32b70 94.07  q64 93.91  | ens 94.71  bestFE 94.88
[13883.9s]     s28: q32 93.40  m32 93.36  a16 94.47  q32b70 93.76  q64 93.60  | ens 94.60  bestFE 94.64
[14007.3s]     s29: q32 93.50  m32 93.52  a16 94.48  q32b70 93.80  q64 93.60  | ens 94.60  bestFE 94.62
[14138.5s]     s30: q32 93.61  m32 93.52  a16 94.50  q32b70 93.90  q64 93.55  | ens 94.50  bestFE 94.58
[14278.3s]     s31: q32 93.58  m32 93.47  a16 94.55  q32b70 93.84  q64 93.75  | ens 94.55  bestFE 94.66
[14430.1s]     s32: q32 93.42  m32 93.42  a16 94.36  q32b70 93.65  q64 93.47  | ens 94.32  bestFE 94.55
[14581.0s]     s33: q32 93.03  m32 92.87  a16 93.99  q32b70 93.25  q64 93.09  | ens 93.93  bestFE 94.04
[14751.4s]     s34: q32 93.11  m32 92.93  a16 93.99  q32b70 93.34  q64 93.16  | ens 93.97  bestFE 94.20
[14956.0s]     s35: q32 92.96  m32 92.82  a16 93.81  q32b70 93.10  q64 93.03  | ens 93.88  bestFE 93.93
[15139.0s]     s36: q32 93.04  m32 92.80  a16 93.68  q32b70 93.20  q64 92.92  | ens 93.77  bestFE 93.92
[15335.7s]     s37: q32 92.82  m32 92.53  a16 93.62  q32b70 93.03  q64 92.70  | ens 93.62  bestFE 93.76
[15538.1s]     s38: q32 92.72  m32 92.50  a16 93.58  q32b70 93.01  q64 92.68  | ens 93.59  bestFE 93.67
[15729.1s]     s39: q32 92.64  m32 92.44  a16 93.45  q32b70 92.92  q64 92.47  | ens 93.50  bestFE 93.59
[15993.6s]     s40: q32 92.65  m32 92.46  a16 93.32  q32b70 92.87  q64 92.55  | ens 93.37  bestFE 93.67
[16260.9s]     s41: q32 92.43  m32 92.44  a16 93.39  q32b70 92.64  q64 92.33  | ens 93.29  bestFE 93.56
[16535.2s]     s42: q32 92.35  m32 92.29  a16 93.30  q32b70 92.58  q64 92.13  | ens 93.26  bestFE 93.44
[16833.6s]     s43: q32 91.89  m32 91.92  a16 92.93  q32b70 92.26  q64 91.81  | ens 92.84  bestFE 93.10
[17122.2s]     s44: q32 92.03  m32 91.96  a16 92.94  q32b70 92.30  q64 91.88  | ens 92.90  bestFE 93.14
[17445.1s]     s45: q32 91.88  m32 91.74  a16 92.95  q32b70 92.17  q64 91.78  | ens 92.76  bestFE 92.97
[17768.6s]     s46: q32 91.36  m32 91.26  a16 92.49  q32b70 91.65  q64 91.29  | ens 92.17  bestFE 92.53
[18140.6s]     s47: q32 91.06  m32 91.22  a16 92.39  q32b70 91.54  q64 91.10  | ens 92.05  bestFE 92.35
[18494.9s]     s48: q32 91.03  m32 91.10  a16 92.35  q32b70 91.47  q64 91.18  | ens 92.04  bestFE 92.40
[18839.1s]     s49: q32 91.30  m32 91.10  a16 92.30  q32b70 91.49  q64 91.31  | ens 92.07  bestFE 92.41
[18839.1s]     cell took 6450s

========================================================================================================
EXP56 — does the cone read-out compose with the LoRA-member ensemble?
========================================================================================================

members ['q32', 'm32', 'a16', 'q32b70', 'q64']
arms ['f64']  rules ['cone']  orders ['FE']  raysets all (1)  cells 35

--------------------------------------------------------------------------------------------------------
SHOPPING PENALTY — read before any accuracy. `sel` picks the config on VAL;
`oracle` is the max over configs on TEST and is NOT obtainable.
--------------------------------------------------------------------------------------------------------
  ds             T order   sel(test)   oracle  penalty  sel val-test                 chosen config
  CIFAR100      10 FE          96.01    96.01     0.00          0.02                      f64|cone
  CIFAR100      20 FE          95.72    95.72     0.00         -0.40                      f64|cone
  CIFAR100      50 FE          95.26    95.26     0.00         -0.16                      f64|cone
  CUB200P       10 FE          93.33    93.33     0.00          1.05                      f64|cone
  CUB200P       20 FE          93.42    93.42     0.00          0.56                      f64|cone
  CUB200P       50 FE          93.17    93.17     0.00          0.99                      f64|cone
  IMAGENETAP    10 FE          72.23    72.23     0.00         -0.77                      f64|cone
  IMAGENETAP    20 FE          69.37    69.37     0.00         -3.17                      f64|cone
  IMAGENETAP    50 FE          68.08    68.08     0.00         -1.71                      f64|cone
  IMAGENETR     10 FE          87.01    87.01     0.00         -0.23                      f64|cone
  IMAGENETR     20 FE          85.86    85.86     0.00         -0.10                      f64|cone
  IMAGENETR     50 FE          82.97    82.97     0.00         -1.02                      f64|cone

--------------------------------------------------------------------------------------------------------
A-Last — baselines and the honest (val-selected) composition
--------------------------------------------------------------------------------------------------------
  ds             T seeds      q32      ens  q32+cone   sel_FE  best-ens  GR-LoRA  best-GR
  CIFAR100      10     2    92.78    93.27       nan    93.40     +0.14    91.97    +1.43
  CIFAR100      20     3    91.86    92.67       nan    92.81     +0.14    91.46    +1.35
  CIFAR100      50     3    90.96    91.72       nan    91.94     +0.22    90.03    +1.91
  CUB200P       10     3    89.71    90.19       nan    90.16     -0.03    89.91    +0.25
  CUB200P       20     3    89.27    89.64       nan    89.77     +0.13    89.76    +0.01
  CUB200P       50     3    88.46    89.20       nan    89.27     +0.07    89.68    -0.41
  IMAGENETAP    10     3    62.76    63.38       nan    64.27     +0.89    63.60    +0.67
  IMAGENETAP    20     3    59.11    59.73       nan    60.16     +0.42    62.37    -2.21
  IMAGENETAP    50     3    56.22    57.27       nan    58.02     +0.76    59.71    -1.69
  IMAGENETR     10     3    80.76    81.78       nan    82.58     +0.80    82.09    +0.49
  IMAGENETR     20     3    79.63    80.31       nan    81.16     +0.86    80.23    +0.93
  IMAGENETR     50     3    75.74    76.89       nan    78.21     +1.32    76.74    +1.47

--------------------------------------------------------------------------------------------------------
A-Avg — baselines and the honest (val-selected) composition
--------------------------------------------------------------------------------------------------------
  ds             T seeds      q32      ens  q32+cone   sel_FE  best-ens  GR-LoRA  best-GR
  CIFAR100      10     2    95.62    95.98       nan    96.01     +0.03    94.65    +1.36
  CIFAR100      20     3    95.11    95.64       nan    95.72     +0.08    94.41    +1.31
  CIFAR100      50     3    94.48    95.16       nan    95.26     +0.10    93.38    +1.88
  CUB200P       10     3    92.97    93.36       nan    93.33     -0.03    93.85    -0.52
  CUB200P       20     3    93.09    93.36       nan    93.42     +0.05    94.08    -0.66
  CUB200P       50     3    92.74    93.13       nan    93.17     +0.04    93.94    -0.77
  IMAGENETAP    10     3    71.09    72.16       nan    72.23     +0.07    70.24    +1.99
  IMAGENETAP    20     3    68.33    69.14       nan    69.37     +0.23    69.30    +0.07
  IMAGENETAP    50     3    66.66    67.68       nan    68.08     +0.40    67.23    +0.85
  IMAGENETR     10     3    85.49    86.55       nan    87.01     +0.46    86.20    +0.81
  IMAGENETR     20     3    84.76    85.32       nan    85.86     +0.54    85.05    +0.81
  IMAGENETR     50     3    81.65    82.38       nan    82.97     +0.58    82.64    +0.33

--------------------------------------------------------------------------------------------------------
RAY-BUDGET SWEEP — single budgets, min to max. Does the cone's known
monotonicity in R SURVIVE member averaging, or does the ensemble substitute for rays?
--------------------------------------------------------------------------------------------------------
  CIFAR100 T=10 (cpt=10)   fit rows/class 433-464 (median 450.5)
    arm       q32 alone       FE     (A-Last, vs ens_ranpac)   * = clipped
    f64           +0.12    +0.14
  CIFAR100 T=20 (cpt=5)   fit rows/class 431-462 (median 450.5)
    arm       q32 alone       FE     (A-Last, vs ens_ranpac)   * = clipped
    f64           +0.37    +0.14
  CIFAR100 T=50 (cpt=2)   fit rows/class 438-462 (median 450.0)
    arm       q32 alone       FE     (A-Last, vs ens_ranpac)   * = clipped
    f64           +0.41    +0.22
  CUB200P T=10 (cpt=20)   fit rows/class 30-53 (median 43.0)   CLIPPED ARMS ['f64']: k=min(R, n_rows), so these are 'one ray per point' at a DIFFERENT R per class, not a fixed budget
    arm       q32 alone       FE     (A-Last, vs ens_ranpac)   * = clipped
    f64*          -0.01    -0.03
  CUB200P T=20 (cpt=10)   fit rows/class 26-52 (median 43.0)   CLIPPED ARMS ['f64']: k=min(R, n_rows), so these are 'one ray per point' at a DIFFERENT R per class, not a fixed budget
    arm       q32 alone       FE     (A-Last, vs ens_ranpac)   * = clipped
    f64*          +0.17    +0.13
  CUB200P T=50 (cpt=4)   fit rows/class 28-51 (median 43.0)   CLIPPED ARMS ['f64']: k=min(R, n_rows), so these are 'one ray per point' at a DIFFERENT R per class, not a fixed budget
    arm       q32 alone       FE     (A-Last, vs ens_ranpac)   * = clipped
    f64*          +0.11    +0.07
  IMAGENETAP T=10 (cpt=20)   fit rows/class 1-75 (median 18.0)   CLIPPED ARMS ['f64']: k=min(R, n_rows), so these are 'one ray per point' at a DIFFERENT R per class, not a fixed budget
    arm       q32 alone       FE     (A-Last, vs ens_ranpac)   * = clipped
    f64*          +1.00    +0.89
  IMAGENETAP T=20 (cpt=10)   fit rows/class 2-75 (median 18.5)   CLIPPED ARMS ['f64']: k=min(R, n_rows), so these are 'one ray per point' at a DIFFERENT R per class, not a fixed budget
    arm       q32 alone       FE     (A-Last, vs ens_ranpac)   * = clipped
    f64*          +0.87    +0.42
  IMAGENETAP T=50 (cpt=4)   fit rows/class 2-75 (median 19.0)   CLIPPED ARMS ['f64']: k=min(R, n_rows), so these are 'one ray per point' at a DIFFERENT R per class, not a fixed budget
    arm       q32 alone       FE     (A-Last, vs ens_ranpac)   * = clipped
    f64*          +1.44    +0.76
  IMAGENETR T=10 (cpt=20)   fit rows/class 33-315 (median 100.0)
    arm       q32 alone       FE     (A-Last, vs ens_ranpac)   * = clipped
    f64           +0.77    +0.80
  IMAGENETR T=20 (cpt=10)   fit rows/class 36-320 (median 101.5)
    arm       q32 alone       FE     (A-Last, vs ens_ranpac)   * = clipped
    f64           +1.22    +0.86
  IMAGENETR T=50 (cpt=4)   fit rows/class 34-311 (median 101.5)
    arm       q32 alone       FE     (A-Last, vs ens_ranpac)   * = clipped
    f64           +1.59    +1.32

--------------------------------------------------------------------------------------------------------
PRE-REGISTERED TEST — sel_FE vs ens_ranpac, IMAGENETR A-Last, per T
--------------------------------------------------------------------------------------------------------
  T=10  ens_ranpac 81.78   sel_FE 82.58   delta +0.80   (predicted ~+0.38, FALSIFIED IF > +0.70)  -> FALSIFIED: levers INDEPENDENT
  T=20  ens_ranpac 80.31   sel_FE 81.16   delta +0.86   (predicted ~+0.38, FALSIFIED IF > +0.70)  -> FALSIFIED: levers INDEPENDENT
  T=50  ens_ranpac 76.89   sel_FE 78.21   delta +1.32   (predicted ~+0.38, FALSIFIED IF > +0.70)  -> FALSIFIED: levers INDEPENDENT

--------------------------------------------------------------------------------------------------------
HOW TO READ THIS
  0. SHOPPING PENALTY FIRST. This file evaluates up to ~1300 configs per cell. `oracle` is the
     max over them on TEST and is not obtainable by any deployable system; `sel` picks on VAL
     and is the only honest number. A large penalty means the sweep found noise, and a large
     `sel val-test` means even the val-selected config overfits the split.
  1. THE PRE-REGISTERED TEST is sel_FE - ens_ranpac on IMAGENETR A-Last. exp52's decomposition
     says +0.30 (rays) + 0.08 (non-negativity) ~ +0.38 should survive and the +0.74 linear-
     combination piece should NOT, because the member ensemble already bought it. Above +0.70
     that reading is dead and the levers are independent.
  2. EF/JT ISOLATE WHERE THE AVERAGING HAPPENS -- they do NOT test exp55's oracle_class_cv
     (see the EF note in the header; none of these orderings weights members per class). The
     informative column for them is `sel val-test`, NOT accuracy. Measured on the f32 control:
     FE 0.86, EF 1.98, JT 2.37 -- the overfitting order is the exact inverse of the accuracy
     order. FE fuses each member's cone against THAT member's own RanPAC in matched geometry
     and renormalises before averaging; EF and JT fuse against a POOLED base and pay 2-3x the
     val overfit for it. Treat a future EF/JT win as suspect until its gap matches FE's.
  3. THE RAY SWEEP IS THE MECHANISM READ. exp53 found the fused gain monotone in R because the
     cone is an AGGREGATOR of noisy atom sets. A member ensemble is also an aggregator. If the
     substitution reading is right, the `q32 alone` column stays monotone in R while the FE/EF
     columns FLATTEN -- the ensemble has already done the aggregating. A still-monotone FE
     column would mean rays contribute something averaging cannot.
  4. JT bounds FE and EF from above and is the most likely to overfit; believe it only if its
     val-test gap is comparable to FE's. Configs above JT_MAX components are skipped and the
     count is recorded in _meta, never silently dropped.
========================================================================================================
[18839.2s] wrote /home/khiemphi/Conic-Hull-Continual-Learning/exp56_ray_ensemble_table_augreg_in21k.json
