[    0.0s] === CUB200P|10|0|q32+m32+a16+q32b70+q64|ep40_lr0.0003_a4_ordpilot|m10000|v1
Warning: You are sending unauthenticated requests to the HF Hub. Please set a HF_TOKEN to enable higher rate limits and faster downloads.
[inject_lora] 24 layer(s) replaced with LoRALinear (rank=32, alpha=4.0, targets=['mlp.fc1', 'mlp.fc2'])
[load_backbone] LoRA active (task_shared) — 24 layers, 2,949,120 trainable adapter params
[load_backbone] 'vit_base_patch16_224.augreg_in21k'  pretrained=True  device=cuda  feature_dim=768
[  119.2s]     trained member m32 (targets=['mlp.fc1', 'mlp.fc2'] rank=32 bag=1 cls=20) task0 train acc 0.991
[inject_lora] 48 layer(s) replaced with LoRALinear (rank=16, alpha=4.0, targets=['attn.qkv', 'attn.proj', 'mlp.fc1', 'mlp.fc2'])
[load_backbone] LoRA active (task_shared) — 48 layers, 2,359,296 trainable adapter params
[load_backbone] 'vit_base_patch16_224.augreg_in21k'  pretrained=True  device=cuda  feature_dim=768
[  268.0s]     trained member a16 (targets=['attn.qkv', 'attn.proj', 'mlp.fc1', 'mlp.fc2'] rank=16 bag=1 cls=20) task0 train acc 0.997
[inject_lora] 24 layer(s) replaced with LoRALinear (rank=32, alpha=4.0, targets=['attn.qkv', 'attn.proj'])
[load_backbone] LoRA active (task_shared) — 24 layers, 1,769,472 trainable adapter params
[load_backbone] 'vit_base_patch16_224.augreg_in21k'  pretrained=True  device=cuda  feature_dim=768
[  396.9s]     trained member q32b70 (targets=['attn.qkv', 'attn.proj'] rank=32 bag=0.7 cls=14) task0 train acc 0.996
[inject_lora] 24 layer(s) replaced with LoRALinear (rank=64, alpha=4.0, targets=['attn.qkv', 'attn.proj'])
[load_backbone] LoRA active (task_shared) — 24 layers, 3,538,944 trainable adapter params
[load_backbone] 'vit_base_patch16_224.augreg_in21k'  pretrained=True  device=cuda  feature_dim=768
[  541.3s]     trained member q64 (targets=['attn.qkv', 'attn.proj'] rank=64 bag=1 cls=20) task0 train acc 0.983
[  563.5s]     member q32      A-Last 89.36  A-Avg 92.85
[  567.4s]     member m32      A-Last 90.16  A-Avg 93.47
[  571.2s]     member a16      A-Last 89.69  A-Avg 92.97
[  575.0s]     member q32b70   A-Last 89.95  A-Avg 93.33
[  578.9s]     member q64      A-Last 90.03  A-Avg 93.05
[  584.3s]     concat   (3840d) A-Last 90.12  A-Avg 93.52
[  584.3s]     ensemble           A-Last 90.29  A-Avg 93.68
[  584.4s]     VERIFY ok: member q32 reproduces the exp16 bar
[  584.4s] === CUB200P|10|1|q32+m32+a16+q32b70+q64|ep40_lr0.0003_a4_ordpilot|m10000|v1
[inject_lora] 24 layer(s) replaced with LoRALinear (rank=32, alpha=4.0, targets=['mlp.fc1', 'mlp.fc2'])
[load_backbone] LoRA active (task_shared) — 24 layers, 2,949,120 trainable adapter params
[load_backbone] 'vit_base_patch16_224.augreg_in21k'  pretrained=True  device=cuda  feature_dim=768
[  706.7s]     trained member m32 (targets=['mlp.fc1', 'mlp.fc2'] rank=32 bag=1 cls=20) task0 train acc 0.993
[inject_lora] 48 layer(s) replaced with LoRALinear (rank=16, alpha=4.0, targets=['attn.qkv', 'attn.proj', 'mlp.fc1', 'mlp.fc2'])
[load_backbone] LoRA active (task_shared) — 48 layers, 2,359,296 trainable adapter params
[load_backbone] 'vit_base_patch16_224.augreg_in21k'  pretrained=True  device=cuda  feature_dim=768
[  855.8s]     trained member a16 (targets=['attn.qkv', 'attn.proj', 'mlp.fc1', 'mlp.fc2'] rank=16 bag=1 cls=20) task0 train acc 0.993
[inject_lora] 24 layer(s) replaced with LoRALinear (rank=32, alpha=4.0, targets=['attn.qkv', 'attn.proj'])
[load_backbone] LoRA active (task_shared) — 24 layers, 1,769,472 trainable adapter params
[load_backbone] 'vit_base_patch16_224.augreg_in21k'  pretrained=True  device=cuda  feature_dim=768
[  983.3s]     trained member q32b70 (targets=['attn.qkv', 'attn.proj'] rank=32 bag=0.7 cls=14) task0 train acc 0.997
[inject_lora] 24 layer(s) replaced with LoRALinear (rank=64, alpha=4.0, targets=['attn.qkv', 'attn.proj'])
[load_backbone] LoRA active (task_shared) — 24 layers, 3,538,944 trainable adapter params
[load_backbone] 'vit_base_patch16_224.augreg_in21k'  pretrained=True  device=cuda  feature_dim=768
[ 1128.1s]     trained member q64 (targets=['attn.qkv', 'attn.proj'] rank=64 bag=1 cls=20) task0 train acc 0.990
[ 1155.5s]     member q32      A-Last 89.91  A-Avg 93.99
[ 1159.4s]     member m32      A-Last 89.57  A-Avg 93.70
[ 1163.3s]     member a16      A-Last 89.14  A-Avg 93.60
[ 1167.2s]     member q32b70   A-Last 89.19  A-Avg 93.86
[ 1171.2s]     member q64      A-Last 89.53  A-Avg 93.76
[ 1176.9s]     concat   (3840d) A-Last 89.86  A-Avg 93.80
[ 1177.0s]     ensemble           A-Last 90.20  A-Avg 94.19
[ 1177.1s] === CUB200P|10|2|q32+m32+a16+q32b70+q64|ep40_lr0.0003_a4_ordpilot|m10000|v1
[inject_lora] 24 layer(s) replaced with LoRALinear (rank=32, alpha=4.0, targets=['mlp.fc1', 'mlp.fc2'])
[load_backbone] LoRA active (task_shared) — 24 layers, 2,949,120 trainable adapter params
[load_backbone] 'vit_base_patch16_224.augreg_in21k'  pretrained=True  device=cuda  feature_dim=768
[ 1302.6s]     trained member m32 (targets=['mlp.fc1', 'mlp.fc2'] rank=32 bag=1 cls=20) task0 train acc 0.994
[inject_lora] 48 layer(s) replaced with LoRALinear (rank=16, alpha=4.0, targets=['attn.qkv', 'attn.proj', 'mlp.fc1', 'mlp.fc2'])
[load_backbone] LoRA active (task_shared) — 48 layers, 2,359,296 trainable adapter params
[load_backbone] 'vit_base_patch16_224.augreg_in21k'  pretrained=True  device=cuda  feature_dim=768
[ 1456.6s]     trained member a16 (targets=['attn.qkv', 'attn.proj', 'mlp.fc1', 'mlp.fc2'] rank=16 bag=1 cls=20) task0 train acc 0.994
[inject_lora] 24 layer(s) replaced with LoRALinear (rank=32, alpha=4.0, targets=['attn.qkv', 'attn.proj'])
[load_backbone] LoRA active (task_shared) — 24 layers, 1,769,472 trainable adapter params
[load_backbone] 'vit_base_patch16_224.augreg_in21k'  pretrained=True  device=cuda  feature_dim=768
[ 1593.6s]     trained member q32b70 (targets=['attn.qkv', 'attn.proj'] rank=32 bag=0.7 cls=14) task0 train acc 1.000
[inject_lora] 24 layer(s) replaced with LoRALinear (rank=64, alpha=4.0, targets=['attn.qkv', 'attn.proj'])
[load_backbone] LoRA active (task_shared) — 24 layers, 3,538,944 trainable adapter params
[load_backbone] 'vit_base_patch16_224.augreg_in21k'  pretrained=True  device=cuda  feature_dim=768
[ 1736.4s]     trained member q64 (targets=['attn.qkv', 'attn.proj'] rank=64 bag=1 cls=20) task0 train acc 0.988
[ 1758.4s]     member q32      A-Last 89.86  A-Avg 92.08
[ 1762.2s]     member m32      A-Last 89.40  A-Avg 92.02
[ 1766.1s]     member a16      A-Last 89.65  A-Avg 92.00
[ 1770.0s]     member q32b70   A-Last 89.91  A-Avg 91.81
[ 1774.0s]     member q64      A-Last 89.44  A-Avg 91.86
[ 1779.6s]     concat   (3840d) A-Last 89.61  A-Avg 92.00
[ 1779.6s]     ensemble           A-Last 90.08  A-Avg 92.21

====================================================================================================
EXP55 — LoRA member diversity (RanPAC only; no cones, no fusion, no beta)
====================================================================================================

members ['q32', 'm32', 'a16', 'q32b70', 'q64']   recipe ep40_lr0.0003_a4_ordpilot   ORDER=pilot   cells 6   (3 cells in the JSON belong to a DIFFERENT recipe/order and were excluded)
    CUB200P T=10: seeds [0, 1, 2]
    IMAGENETR T=10: seeds [0, 1, 2]

----------------------------------------------------------------------------------------------------
PRECONDITION — is there anything to ensemble? (read before accuracy)
----------------------------------------------------------------------------------------------------
  ds          pair                disagree   errcorr  both_wrong
  CUB200P     q32|m32                 4.1%      0.84        8.8%
  CUB200P     q32|a16                 4.7%      0.82        8.7%
  CUB200P     q32|q32b70              3.6%      0.86        9.0%
  CUB200P     q32|q64                 3.6%      0.86        9.0%
  CUB200P     m32|a16                 5.1%      0.80        8.5%
  CUB200P     m32|q32b70              4.3%      0.84        8.8%
  CUB200P     m32|q64                 4.4%      0.83        8.8%
  CUB200P     a16|q32b70              4.7%      0.83        8.8%
  CUB200P     a16|q64                 4.4%      0.84        8.9%
  CUB200P     q32b70|q64              4.0%      0.84        8.9%
  IMAGENETR   q32|m32                15.5%      0.75       16.0%
  IMAGENETR   q32|a16                14.4%      0.77       16.2%
  IMAGENETR   q32|q32b70             12.1%      0.81       16.7%
  IMAGENETR   q32|q64                10.6%      0.83       16.7%
  IMAGENETR   m32|a16                15.4%      0.76       16.8%
  IMAGENETR   m32|q32b70             15.8%      0.75       16.4%
  IMAGENETR   m32|q64                15.0%      0.76       16.2%
  IMAGENETR   a16|q32b70             14.8%      0.77       16.6%
  IMAGENETR   a16|q64                14.0%      0.78       16.3%
  IMAGENETR   q32b70|q64             11.3%      0.82       16.9%

  ds            best single  per-class cv  per-class*   ORACLE  cv share   <- can a PER-CLASS rule reach it?
  CUB200P             89.99         89.61       91.77    92.48     -15%
  IMAGENETR           80.94         80.48       83.53    86.81      -8%
   * per-class fitted on the rows it scores = upper bound; `cv` cross-fits within each class and is the realizable number. `cv share` = (cv - best) / (ORACLE - best).

  ds          per-class winner counts (which member is best on how many classes)
  CUB200P     q32:160  m32:18  a16:12  q32b70:3  q64:4
  IMAGENETR   q32:96  m32:36  a16:26  q32b70:19  q64:21

----------------------------------------------------------------------------------------------------
A-Last — RanPAC on each feature set, mean over seeds
----------------------------------------------------------------------------------------------------
  ds             T  sd         q32         m32         a16      q32b70         q64      concat    ensemble   concat-q32   GR-LoRA   ens-GR
  CUB200P       10   3       89.71       89.71       89.50       89.68       89.67       89.86       90.19        +0.16     89.91    +0.28
  IMAGENETR     10   3       80.76       79.07       79.51       79.78       80.69       81.54       81.78        +0.78     82.09    -0.31

----------------------------------------------------------------------------------------------------
A-Avg — RanPAC on each feature set, mean over seeds
----------------------------------------------------------------------------------------------------
  ds             T  sd         q32         m32         a16      q32b70         q64      concat    ensemble   concat-q32   GR-LoRA   ens-GR
  CUB200P       10   3       92.97       93.06       92.86       93.00       92.89       93.11       93.36        +0.14     93.85    -0.49
  IMAGENETR     10   3       85.49       84.37       84.68       84.61       85.52       86.36       86.55        +0.87     86.20    +0.35

----------------------------------------------------------------------------------------------------
HOW TO READ THIS
  1. PRECONDITION FIRST. `headroom` = ORACLE - best_single is the ceiling for ANY combiner:
     it is the accuracy of an oracle that picks a correct member whenever one exists. A
     headroom near zero means the members are redundant and NO fusion recovers anything --
     the answer is then harsher diversity (bagging, disjoint target modules, different
     ranks) or a different mechanism entirely, NOT a cleverer combination rule. That is
     exactly the trap exp54 fell into at the rule level.
  2. `disagree` near 0 with `errcorr` near 1 means the members are the same network wearing
     different hats. Expected for members differing only by init, which is precisely why the
     default member set varies TARGET MODULES instead.
  3. `concat - q32` is the Tier 2 verdict. Our IMAGENETR base deficit is -0.89 A-Avg, so
     under about +0.5 means concatenation does not close it and nothing built on top will.
  4. `ensemble` vs `concat` separates the two mechanisms: score averaging tests
     decorrelation, concatenation tests representational richness. They can disagree, and
     which one wins says what the members are actually contributing.
  5. Members are NOT expected to be individually equal. `m32` adapting only the MLP may well
     be worse alone than `q32`; a worse-but-decorrelated member is useful and that is the
     whole premise. Judge members by the diversity table, not by their solo accuracy.
====================================================================================================
[ 1779.7s] wrote /home/khiemphi/Conic-Hull-Continual-Learning/exp55_lora_diversity_augreg_in21k.json
