[    0.0s] === CIFAR100|10|0|q32+m32+a16+q32b70+q64|f64|cone|FE|rsall|opcag0.5|s0.03_i500|np2|m10000_ordpilot|v1
/home/khiemphi/venvs/ml_env/lib/python3.12/site-packages/torchvision/datasets/cifar.py:83: VisibleDeprecationWarning: dtype(): align should be passed as Python or NumPy boolean but got `align=0`. Did you mean to pass a tuple to create a subarray type? (Deprecated NumPy 2.4)
  entry = pickle.load(f, encoding="latin1")
[    7.1s]     VERIFY: exp54 anchor N/A under ORDER=pilot (exp54 is legacy-order only); relying on the exp55 anchor, which is regenerated per order
[    7.1s]     VERIFY: exp55 ensemble reference loaded
[    7.1s]     5 members x 1 arms x 1 rules; 1 raysets x 1 rulesets x 1 orders = 1 configs
[   37.1s]     VERIFY ok at s0: exp55 ensemble 0.994000
[   37.2s]     s0: q32 99.10  m32 99.50  a16 99.30  q32b70 99.40  q64 99.50  | ens 99.40  bestFE 99.40
[   80.5s]     s1: q32 98.20  m32 98.35  a16 98.30  q32b70 98.20  q64 98.20  | ens 98.35  bestFE 98.35
[  132.8s]     s2: q32 97.60  m32 97.40  a16 97.40  q32b70 97.60  q64 97.60  | ens 97.87  bestFE 97.73
[  207.1s]     s3: q32 96.67  m32 96.47  a16 96.47  q32b70 96.12  q64 96.75  | ens 97.02  bestFE 97.05
[  309.7s]     s4: q32 95.46  m32 95.48  a16 95.28  q32b70 95.50  q64 95.64  | ens 95.96  bestFE 96.00
[  439.3s]     s5: q32 94.83  m32 94.95  a16 94.72  q32b70 94.92  q64 94.93  | ens 95.33  bestFE 95.32
[  603.8s]     s6: q32 94.54  m32 94.61  a16 94.40  q32b70 94.40  q64 94.70  | ens 95.11  bestFE 95.14
[  793.8s]     s7: q32 93.21  m32 93.12  a16 92.79  q32b70 93.05  q64 93.17  | ens 93.69  bestFE 93.94
[ 1089.1s]     s8: q32 92.93  m32 92.59  a16 92.54  q32b70 92.72  q64 92.80  | ens 93.39  bestFE 93.58
[ 1411.9s]     s9: q32 92.80  m32 92.37  a16 92.47  q32b70 92.36  q64 92.60  | ens 93.17  bestFE 93.32
[ 1411.9s]     VERIFY ok over all 10 stages: exp54=SKIPPED  exp55=yes
[ 1411.9s]     cell took 1412s
[ 1411.9s] === CIFAR100|10|1|q32+m32+a16+q32b70+q64|f64|cone|FE|rsall|opcag0.5|s0.03_i500|np2|m10000_ordpilot|v1
/home/khiemphi/venvs/ml_env/lib/python3.12/site-packages/torchvision/datasets/cifar.py:83: VisibleDeprecationWarning: dtype(): align should be passed as Python or NumPy boolean but got `align=0`. Did you mean to pass a tuple to create a subarray type? (Deprecated NumPy 2.4)
  entry = pickle.load(f, encoding="latin1")
[ 1415.1s]     5 members x 1 arms x 1 rules; 1 raysets x 1 rulesets x 1 orders = 1 configs
[ 1443.7s]     s0: q32 98.40  m32 98.20  a16 98.20  q32b70 98.00  q64 98.20  | ens 98.50  bestFE 98.60
[ 1483.1s]     s1: q32 98.30  m32 97.75  a16 97.80  q32b70 97.75  q64 98.20  | ens 98.15  bestFE 98.15
[ 1535.9s]     s2: q32 97.60  m32 97.60  a16 97.80  q32b70 97.77  q64 97.63  | ens 98.00  bestFE 97.97
[ 1601.7s]     s3: q32 96.73  m32 96.45  a16 96.50  q32b70 96.55  q64 96.58  | ens 96.97  bestFE 97.00
[ 1702.3s]     s4: q32 95.94  m32 95.84  a16 95.90  q32b70 95.92  q64 96.00  | ens 96.36  bestFE 96.26
[ 1839.5s]     s5: q32 95.75  m32 95.53  a16 95.75  q32b70 95.63  q64 95.73  | ens 96.15  bestFE 96.03
[ 2018.7s]     s6: q32 94.84  m32 94.54  a16 94.67  q32b70 94.61  q64 94.91  | ens 95.19  bestFE 95.13
[ 2205.1s]     s7: q32 93.84  m32 93.56  a16 93.74  q32b70 93.74  q64 93.95  | ens 94.21  bestFE 94.29
[ 2488.9s]     s8: q32 92.88  m32 92.71  a16 92.82  q32b70 92.89  q64 93.18  | ens 93.46  bestFE 93.53
[ 2814.0s]     s9: q32 92.77  m32 92.63  a16 92.64  q32b70 92.82  q64 92.95  | ens 93.36  bestFE 93.48
[ 2814.0s]     cell took 1402s
[ 2814.0s] === CIFAR100|10|2|q32+m32+a16+q32b70+q64|f64|cone|FE|rsall|opcag0.5|s0.03_i500|np2|m10000_ordpilot|v1
/home/khiemphi/venvs/ml_env/lib/python3.12/site-packages/torchvision/datasets/cifar.py:83: VisibleDeprecationWarning: dtype(): align should be passed as Python or NumPy boolean but got `align=0`. Did you mean to pass a tuple to create a subarray type? (Deprecated NumPy 2.4)
  entry = pickle.load(f, encoding="latin1")
[ 2817.4s]     5 members x 1 arms x 1 rules; 1 raysets x 1 rulesets x 1 orders = 1 configs
[ 2848.7s]     s0: q32 99.10  m32 99.20  a16 99.30  q32b70 99.30  q64 99.40  | ens 99.30  bestFE 99.30
[ 2891.3s]     s1: q32 97.40  m32 97.25  a16 98.00  q32b70 97.70  q64 97.65  | ens 97.80  bestFE 97.70
[ 2948.8s]     s2: q32 96.43  m32 95.53  a16 96.47  q32b70 96.53  q64 96.40  | ens 96.77  bestFE 96.67
[ 3021.4s]     s3: q32 96.00  m32 95.05  a16 95.78  q32b70 95.85  q64 96.00  | ens 96.25  bestFE 96.23
[ 3128.6s]     s4: q32 95.34  m32 94.66  a16 95.14  q32b70 95.04  q64 95.44  | ens 95.68  bestFE 95.72
[ 3263.2s]     s5: q32 94.72  m32 94.33  a16 94.67  q32b70 94.52  q64 94.98  | ens 95.27  bestFE 95.30
[ 3426.8s]     s6: q32 94.33  m32 93.89  a16 94.04  q32b70 94.39  q64 94.51  | ens 94.76  bestFE 94.77
[ 3616.4s]     s7: q32 93.73  m32 93.51  a16 93.54  q32b70 93.89  q64 93.95  | ens 94.27  bestFE 94.19
