[    0.0s] === IMAGENETAP|20|0|q32+m32+a16+q32b70+q64|f64|cone|FE|rsall|opcag0.5|s0.03_i500|np2|m10000_ordpilot|v1
Warning: You are sending unauthenticated requests to the HF Hub. Please set a HF_TOKEN to enable higher rate limits and faster downloads.
[    2.7s]     VERIFY: exp54 anchor N/A under ORDER=pilot (exp54 is legacy-order only); relying on the exp55 anchor, which is regenerated per order
[    2.7s]     VERIFY: exp55 ensemble reference loaded
[    2.7s]     5 members x 1 arms x 1 rules; 1 raysets x 1 rulesets x 1 orders = 1 configs
[   22.5s]     VERIFY ok at s0: exp55 ensemble 0.896104
[   22.5s]     s0: q32 90.91  m32 90.91  a16 88.31  q32b70 88.31  q64 89.61  | ens 89.61  bestFE 89.61
[   56.1s]     s1: q32 84.92  m32 84.92  a16 86.59  q32b70 82.68  q64 87.15  | ens 85.47  bestFE 84.92
[   93.8s]     s2: q32 78.97  m32 78.97  a16 80.81  q32b70 77.49  q64 80.44  | ens 80.81  bestFE 79.70
[  140.0s]     s3: q32 76.36  m32 75.27  a16 76.36  q32b70 76.36  q64 76.36  | ens 75.82  bestFE 76.09
[  192.0s]     s4: q32 73.17  m32 75.23  a16 75.69  q32b70 71.79  q64 74.77  | ens 74.31  bestFE 74.08
[  245.1s]     s5: q32 72.27  m32 73.08  a16 73.28  q32b70 71.05  q64 72.27  | ens 72.87  bestFE 73.08
[  306.1s]     s6: q32 71.50  m32 71.00  a16 73.48  q32b70 70.18  q64 71.00  | ens 73.15  bestFE 73.81
[  373.1s]     s7: q32 71.12  m32 69.97  a16 72.56  q32b70 69.11  q64 71.12  | ens 72.56  bestFE 72.41
[  445.7s]     s8: q32 69.22  m32 68.57  a16 72.34  q32b70 67.40  q64 69.61  | ens 71.56  bestFE 71.43
[  529.9s]     s9: q32 68.92  m32 68.19  a16 69.16  q32b70 65.78  q64 69.16  | ens 70.60  bestFE 70.48
[  611.4s]     s10: q32 68.31  m32 67.64  a16 69.89  q32b70 65.73  q64 68.20  | ens 69.78  bestFE 70.56
[  709.0s]     s11: q32 67.57  m32 66.74  a16 67.67  q32b70 64.97  q64 67.78  | ens 68.92  bestFE 69.96
[  808.3s]     s12: q32 65.65  m32 65.26  a16 67.62  q32b70 63.69  q64 66.34  | ens 67.32  bestFE 67.32
[  906.9s]     s13: q32 64.75  m32 64.94  a16 66.48  q32b70 63.11  q64 65.76  | ens 66.67  bestFE 67.21
[ 1008.0s]     s14: q32 64.29  m32 63.95  a16 65.82  q32b70 62.68  q64 64.80  | ens 65.65  bestFE 66.50
[ 1133.5s]     s15: q32 63.55  m32 63.38  a16 65.17  q32b70 62.33  q64 63.30  | ens 65.01  bestFE 65.34
[ 1265.6s]     s16: q32 61.77  m32 61.54  a16 63.21  q32b70 60.78  q64 62.45  | ens 63.52  bestFE 63.82
[ 1408.2s]     s17: q32 60.79  m32 59.55  a16 61.95  q32b70 58.97  q64 61.01  | ens 62.03  bestFE 62.46
[ 1553.9s]     s18: q32 60.52  m32 58.97  a16 61.23  q32b70 59.39  q64 61.23  | ens 62.01  bestFE 62.22
[ 1713.4s]     s19: q32 60.13  m32 59.13  a16 61.27  q32b70 58.40  q64 60.80  | ens 61.80  bestFE 62.00
[ 1713.4s]     VERIFY ok over all 20 stages: exp54=SKIPPED  exp55=yes
[ 1713.4s]     cell took 1713s
[ 1713.4s] === IMAGENETAP|20|1|q32+m32+a16+q32b70+q64|f64|cone|FE|rsall|opcag0.5|s0.03_i500|np2|m10000_ordpilot|v1
[ 1714.4s]     5 members x 1 arms x 1 rules; 1 raysets x 1 rulesets x 1 orders = 1 configs
[ 1735.2s]     s0: q32 95.56  m32 95.56  a16 95.56  q32b70 96.67  q64 95.56  | ens 95.56  bestFE 95.56
[ 1766.4s]     s1: q32 86.33  m32 86.33  a16 84.17  q32b70 83.45  q64 85.61  | ens 84.89  bestFE 84.89
[ 1805.0s]     s2: q32 84.24  m32 83.70  a16 83.15  q32b70 78.80  q64 81.52  | ens 84.24  bestFE 84.24
[ 1849.3s]     s3: q32 80.81  m32 78.97  a16 77.49  q32b70 74.54  q64 78.23  | ens 79.34  bestFE 78.60
[ 1899.8s]     s4: q32 78.35  m32 76.07  a16 75.21  q32b70 73.22  q64 75.78  | ens 77.78  bestFE 77.78
[ 1953.8s]     s5: q32 76.14  m32 75.23  a16 76.36  q32b70 72.05  q64 75.23  | ens 77.05  bestFE 75.91
[ 2010.6s]     s6: q32 74.27  m32 73.10  a16 74.46  q32b70 69.01  q64 74.46  | ens 75.24  bestFE 76.22
[ 2076.8s]     s7: q32 71.67  m32 69.83  a16 71.83  q32b70 67.83  q64 70.50  | ens 72.17  bestFE 71.50
[ 2148.7s]     s8: q32 69.10  m32 67.70  a16 66.30  q32b70 65.68  q64 68.63  | ens 69.10  bestFE 69.57
[ 2224.0s]     s9: q32 68.82  m32 67.61  a16 67.88  q32b70 64.78  q64 68.41  | ens 69.35  bestFE 70.56
[ 2312.5s]     s10: q32 69.39  m32 67.04  a16 66.17  q32b70 62.70  q64 66.67  | ens 68.40  bestFE 68.90
[ 2409.1s]     s11: q32 66.51  m32 65.60  a16 65.14  q32b70 60.67  q64 64.45  | ens 66.51  bestFE 66.28
[ 2512.1s]     s12: q32 67.57  m32 63.19  a16 65.17  q32b70 61.94  q64 65.48  | ens 66.63  bestFE 67.05
[ 2616.3s]     s13: q32 66.17  m32 62.03  a16 63.61  q32b70 60.45  q64 64.69  | ens 65.98  bestFE 66.37
[ 2741.4s]     s14: q32 65.18  m32 61.07  a16 63.84  q32b70 60.00  q64 63.57  | ens 64.11  bestFE 64.02
[ 2869.4s]     s15: q32 65.38  m32 62.16  a16 63.20  q32b70 59.34  q64 62.80  | ens 63.61  bestFE 64.98
[ 2998.0s]     s16: q32 64.67  m32 62.20  a16 61.00  q32b70 58.08  q64 62.57  | ens 63.70  bestFE 63.70
[ 3137.0s]     s17: q32 63.53  m32 60.50  a16 58.85  q32b70 57.27  q64 61.01  | ens 62.09  bestFE 62.09
[ 3315.6s]     s18: q32 63.11  m32 59.29  a16 60.61  q32b70 56.80  q64 59.99  | ens 61.30  bestFE 61.65
[ 3494.1s]     s19: q32 62.07  m32 58.47  a16 58.20  q32b70 55.67  q64 59.33  | ens 60.47  bestFE 60.80
[ 3494.1s]     cell took 1781s
[ 3494.2s] === IMAGENETAP|20|2|q32+m32+a16+q32b70+q64|f64|cone|FE|rsall|opcag0.5|s0.03_i500|np2|m10000_ordpilot|v1
[ 3495.1s]     5 members x 1 arms x 1 rules; 1 raysets x 1 rulesets x 1 orders = 1 configs
[ 3516.9s]     s0: q32 74.51  m32 76.47  a16 80.39  q32b70 76.47  q64 76.47  | ens 74.51  bestFE 74.51
[ 3555.7s]     s1: q32 80.38  m32 79.75  a16 79.11  q32b70 79.75  q64 81.01  | ens 81.65  bestFE 81.65
[ 3604.3s]     s2: q32 75.52  m32 74.69  a16 73.03  q32b70 76.76  q64 75.52  | ens 77.18  bestFE 77.18
[ 3655.7s]     s3: q32 70.78  m32 76.30  a16 67.86  q32b70 71.10  q64 73.38  | ens 72.73  bestFE 72.73
[ 3709.2s]     s4: q32 69.00  m32 73.00  a16 68.75  q32b70 69.75  q64 72.25  | ens 73.00  bestFE 73.25
[ 3767.3s]     s5: q32 68.48  m32 70.98  a16 65.53  q32b70 67.35  q64 70.07  | ens 70.52  bestFE 70.29
[ 3843.7s]     s6: q32 65.83  m32 69.71  a16 64.85  q32b70 66.41  q64 66.80  | ens 68.54  bestFE 68.74
[ 3920.2s]     s7: q32 62.11  m32 66.44  a16 60.21  q32b70 63.49  q64 64.53  | ens 64.71  bestFE 64.71
[ 4006.3s]     s8: q32 60.37  m32 65.71  a16 58.65  q32b70 57.93  q64 62.25  | ens 62.10  bestFE 62.82
[ 4110.4s]     s9: q32 60.23  m32 64.38  a16 58.29  q32b70 59.72  q64 61.01  | ens 61.92  bestFE 63.21
[ 4210.2s]     s10: q32 60.67  m32 64.73  a16 57.89  q32b70 57.31  q64 60.90  | ens 61.37  bestFE 61.48
[ 4318.8s]     s11: q32 60.43  m32 64.28  a16 58.18  q32b70 60.21  q64 60.96  | ens 61.93  bestFE 62.14
[ 4430.6s]     s12: q32 59.88  m32 63.99  a16 57.37  q32b70 60.28  q64 60.78  | ens 61.89  bestFE 62.09
[ 4573.4s]     s13: q32 59.57  m32 63.00  a16 56.43  q32b70 59.48  q64 59.30  | ens 60.31  bestFE 60.96
[ 4708.2s]     s14: q32 57.57  m32 60.94  a16 54.65  q32b70 58.10  q64 58.10  | ens 59.26  bestFE 59.61
[ 4864.9s]     s15: q32 57.37  m32 59.69  a16 53.64  q32b70 57.45  q64 58.11  | ens 58.77  bestFE 59.52
[ 5016.4s]     s16: q32 57.03  m32 60.27  a16 54.19  q32b70 56.95  q64 57.98  | ens 58.77  bestFE 59.16
[ 5181.9s]     s17: q32 56.11  m32 59.95  a16 53.62  q32b70 56.49  q64 57.09  | ens 58.14  bestFE 58.75
[ 5346.5s]     s18: q32 55.48  m32 58.94  a16 52.44  q32b70 55.55  q64 56.54  | ens 57.24  bestFE 58.30
[ 5474.5s]     s19: q32 55.13  m32 58.20  a16 52.33  q32b70 54.87  q64 55.73  | ens 56.93  bestFE 57.67
[ 5474.5s]     cell took 1980s

========================================================================================================
EXP56 — does the cone read-out compose with the LoRA-member ensemble?
========================================================================================================

members ['q32', 'm32', 'a16', 'q32b70', 'q64']
arms ['f64']  rules ['cone']  orders ['FE']  raysets all (1)  cells 20

--------------------------------------------------------------------------------------------------------
SHOPPING PENALTY — read before any accuracy. `sel` picks the config on VAL;
`oracle` is the max over configs on TEST and is NOT obtainable.
--------------------------------------------------------------------------------------------------------
  ds             T order   sel(test)   oracle  penalty  sel val-test                 chosen config
  CIFAR100      10 FE          96.01    96.01     0.00          0.02                      f64|cone
  CUB200P       10 FE          93.33    93.33     0.00          1.05                      f64|cone
  CUB200P       20 FE          93.42    93.42     0.00          0.56                      f64|cone
  IMAGENETAP    10 FE          72.23    72.23     0.00         -0.77                      f64|cone
  IMAGENETAP    20 FE          69.37    69.37     0.00         -3.17                      f64|cone
  IMAGENETR     10 FE          87.01    87.01     0.00         -0.23                      f64|cone
  IMAGENETR     20 FE          85.86    85.86     0.00         -0.10                      f64|cone

--------------------------------------------------------------------------------------------------------
A-Last — baselines and the honest (val-selected) composition
--------------------------------------------------------------------------------------------------------
  ds             T seeds      q32      ens  q32+cone   sel_FE  best-ens  GR-LoRA  best-GR
  CIFAR100      10     2    92.78    93.27       nan    93.40     +0.14    91.97    +1.43
  CUB200P       10     3    89.71    90.19       nan    90.16     -0.03    89.91    +0.25
  CUB200P       20     3    89.27    89.64       nan    89.77     +0.13    89.76    +0.01
  IMAGENETAP    10     3    62.76    63.38       nan    64.27     +0.89    63.60    +0.67
  IMAGENETAP    20     3    59.11    59.73       nan    60.16     +0.42    62.37    -2.21
  IMAGENETR     10     3    80.76    81.78       nan    82.58     +0.80    82.09    +0.49
  IMAGENETR     20     3    79.63    80.31       nan    81.16     +0.86    80.23    +0.93

--------------------------------------------------------------------------------------------------------
A-Avg — baselines and the honest (val-selected) composition
--------------------------------------------------------------------------------------------------------
  ds             T seeds      q32      ens  q32+cone   sel_FE  best-ens  GR-LoRA  best-GR
  CIFAR100      10     2    95.62    95.98       nan    96.01     +0.03    94.65    +1.36
  CUB200P       10     3    92.97    93.36       nan    93.33     -0.03    93.85    -0.52
  CUB200P       20     3    93.09    93.36       nan    93.42     +0.05    94.08    -0.66
  IMAGENETAP    10     3    71.09    72.16       nan    72.23     +0.07    70.24    +1.99
  IMAGENETAP    20     3    68.33    69.14       nan    69.37     +0.23    69.30    +0.07
  IMAGENETR     10     3    85.49    86.55       nan    87.01     +0.46    86.20    +0.81
  IMAGENETR     20     3    84.76    85.32       nan    85.86     +0.54    85.05    +0.81

--------------------------------------------------------------------------------------------------------
RAY-BUDGET SWEEP — single budgets, min to max. Does the cone's known
monotonicity in R SURVIVE member averaging, or does the ensemble substitute for rays?
--------------------------------------------------------------------------------------------------------
  CIFAR100 T=10 (cpt=10)   fit rows/class 433-464 (median 450.5)
    arm       q32 alone       FE     (A-Last, vs ens_ranpac)   * = clipped
    f64           +0.12    +0.14
  CUB200P T=10 (cpt=20)   fit rows/class 30-53 (median 43.0)   CLIPPED ARMS ['f64']: k=min(R, n_rows), so these are 'one ray per point' at a DIFFERENT R per class, not a fixed budget
    arm       q32 alone       FE     (A-Last, vs ens_ranpac)   * = clipped
    f64*          -0.01    -0.03
  CUB200P T=20 (cpt=10)   fit rows/class 26-52 (median 43.0)   CLIPPED ARMS ['f64']: k=min(R, n_rows), so these are 'one ray per point' at a DIFFERENT R per class, not a fixed budget
    arm       q32 alone       FE     (A-Last, vs ens_ranpac)   * = clipped
    f64*          +0.17    +0.13
  IMAGENETAP T=10 (cpt=20)   fit rows/class 1-75 (median 18.0)   CLIPPED ARMS ['f64']: k=min(R, n_rows), so these are 'one ray per point' at a DIFFERENT R per class, not a fixed budget
    arm       q32 alone       FE     (A-Last, vs ens_ranpac)   * = clipped
    f64*          +1.00    +0.89
  IMAGENETAP T=20 (cpt=10)   fit rows/class 2-75 (median 18.5)   CLIPPED ARMS ['f64']: k=min(R, n_rows), so these are 'one ray per point' at a DIFFERENT R per class, not a fixed budget
    arm       q32 alone       FE     (A-Last, vs ens_ranpac)   * = clipped
    f64*          +0.87    +0.42
  IMAGENETR T=10 (cpt=20)   fit rows/class 33-315 (median 100.0)
    arm       q32 alone       FE     (A-Last, vs ens_ranpac)   * = clipped
    f64           +0.77    +0.80
  IMAGENETR T=20 (cpt=10)   fit rows/class 36-320 (median 101.5)
    arm       q32 alone       FE     (A-Last, vs ens_ranpac)   * = clipped
    f64           +1.22    +0.86

--------------------------------------------------------------------------------------------------------
PRE-REGISTERED TEST — sel_FE vs ens_ranpac, IMAGENETR A-Last, per T
--------------------------------------------------------------------------------------------------------
  T=10  ens_ranpac 81.78   sel_FE 82.58   delta +0.80   (predicted ~+0.38, FALSIFIED IF > +0.70)  -> FALSIFIED: levers INDEPENDENT
  T=20  ens_ranpac 80.31   sel_FE 81.16   delta +0.86   (predicted ~+0.38, FALSIFIED IF > +0.70)  -> FALSIFIED: levers INDEPENDENT

--------------------------------------------------------------------------------------------------------
HOW TO READ THIS
  0. SHOPPING PENALTY FIRST. This file evaluates up to ~1300 configs per cell. `oracle` is the
     max over them on TEST and is not obtainable by any deployable system; `sel` picks on VAL
     and is the only honest number. A large penalty means the sweep found noise, and a large
     `sel val-test` means even the val-selected config overfits the split.
  1. THE PRE-REGISTERED TEST is sel_FE - ens_ranpac on IMAGENETR A-Last. exp52's decomposition
     says +0.30 (rays) + 0.08 (non-negativity) ~ +0.38 should survive and the +0.74 linear-
     combination piece should NOT, because the member ensemble already bought it. Above +0.70
     that reading is dead and the levers are independent.
  2. EF/JT ISOLATE WHERE THE AVERAGING HAPPENS -- they do NOT test exp55's oracle_class_cv
     (see the EF note in the header; none of these orderings weights members per class). The
     informative column for them is `sel val-test`, NOT accuracy. Measured on the f32 control:
     FE 0.86, EF 1.98, JT 2.37 -- the overfitting order is the exact inverse of the accuracy
     order. FE fuses each member's cone against THAT member's own RanPAC in matched geometry
     and renormalises before averaging; EF and JT fuse against a POOLED base and pay 2-3x the
     val overfit for it. Treat a future EF/JT win as suspect until its gap matches FE's.
  3. THE RAY SWEEP IS THE MECHANISM READ. exp53 found the fused gain monotone in R because the
     cone is an AGGREGATOR of noisy atom sets. A member ensemble is also an aggregator. If the
     substitution reading is right, the `q32 alone` column stays monotone in R while the FE/EF
     columns FLATTEN -- the ensemble has already done the aggregating. A still-monotone FE
     column would mean rays contribute something averaging cannot.
  4. JT bounds FE and EF from above and is the most likely to overfit; believe it only if its
     val-test gap is comparable to FE's. Configs above JT_MAX components are skipped and the
     count is recorded in _meta, never silently dropped.
========================================================================================================
[ 5474.5s] wrote /home/khiemphi/Conic-Hull-Continual-Learning/exp56_ray_ensemble_table_augreg_in21k.json
