[    0.0s] === CUB200P|20|0|q32+m32+a16+q32b70+q64|f64|cone|FE|rsall|opcag0.5|s0.03_i500|np2|m10000_ordpilot|v1
Warning: You are sending unauthenticated requests to the HF Hub. Please set a HF_TOKEN to enable higher rate limits and faster downloads.
[    3.2s]     VERIFY: exp54 anchor N/A under ORDER=pilot (exp54 is legacy-order only); relying on the exp55 anchor, which is regenerated per order
[    3.2s]     VERIFY: exp55 ensemble reference loaded
[    3.2s]     5 members x 1 arms x 1 rules; 1 raysets x 1 rulesets x 1 orders = 1 configs
[   30.7s]     VERIFY ok at s0: exp55 ensemble 0.991870
[   30.8s]     s0: q32 99.19  m32 99.19  a16 99.19  q32b70 99.19  q64 99.19  | ens 99.19  bestFE 99.19
[   63.3s]     s1: q32 97.87  m32 98.30  a16 97.87  q32b70 97.87  q64 98.30  | ens 98.30  bestFE 98.30
[  107.2s]     s2: q32 97.08  m32 97.08  a16 97.96  q32b70 97.67  q64 97.08  | ens 97.67  bestFE 97.67
[  162.0s]     s3: q32 97.41  m32 97.19  a16 97.41  q32b70 96.76  q64 97.19  | ens 97.41  bestFE 97.41
[  228.8s]     s4: q32 95.85  m32 96.02  a16 96.54  q32b70 96.02  q64 96.54  | ens 96.71  bestFE 96.71
[  307.4s]     s5: q32 94.65  m32 94.93  a16 94.93  q32b70 94.65  q64 95.22  | ens 95.51  bestFE 95.51
[  402.1s]     s6: q32 92.23  m32 94.08  a16 92.60  q32b70 93.22  q64 93.59  | ens 93.71  bestFE 93.71
[  504.8s]     s7: q32 94.05  m32 93.94  a16 93.62  q32b70 93.30  q64 94.05  | ens 93.84  bestFE 93.73
[  622.7s]     s8: q32 94.20  m32 94.10  a16 93.91  q32b70 93.82  q64 94.01  | ens 94.01  bestFE 94.01
[  740.6s]     s9: q32 93.28  m32 93.20  a16 92.42  q32b70 93.28  q64 93.11  | ens 93.37  bestFE 93.37
[  880.2s]     s10: q32 93.28  m32 93.20  a16 92.50  q32b70 93.12  q64 93.28  | ens 93.44  bestFE 93.44
[ 1026.7s]     s11: q32 92.24  m32 91.81  a16 91.74  q32b70 92.09  q64 92.52  | ens 92.66  bestFE 92.59
[ 1187.7s]     s12: q32 90.97  m32 90.91  a16 91.56  q32b70 91.30  q64 90.71  | ens 91.43  bestFE 91.50
[ 1368.4s]     s13: q32 91.50  m32 90.84  a16 91.69  q32b70 91.20  q64 90.90  | ens 91.63  bestFE 91.75
[ 1556.2s]     s14: q32 91.04  m32 90.30  a16 91.04  q32b70 90.70  q64 90.93  | ens 91.22  bestFE 91.33
[ 1758.4s]     s15: q32 90.44  m32 90.97  a16 89.58  q32b70 90.70  q64 90.81  | ens 90.92  bestFE 91.03
[ 1969.7s]     s16: q32 89.91  m32 90.41  a16 89.41  q32b70 90.31  q64 90.61  | ens 90.51  bestFE 90.56
[ 2212.2s]     s17: q32 89.87  m32 90.11  a16 90.20  q32b70 90.06  q64 90.53  | ens 90.44  bestFE 90.63
[ 2451.3s]     s18: q32 89.46  m32 89.91  a16 88.96  q32b70 89.64  q64 90.13  | ens 90.00  bestFE 90.09
[ 2710.0s]     s19: q32 89.10  m32 89.74  a16 88.55  q32b70 89.36  q64 89.91  | ens 89.65  bestFE 89.57
[ 2710.0s]     VERIFY ok over all 20 stages: exp54=SKIPPED  exp55=yes
[ 2710.0s]     cell took 2710s
[ 2710.0s] === CUB200P|20|1|q32+m32+a16+q32b70+q64|f64|cone|FE|rsall|opcag0.5|s0.03_i500|np2|m10000_ordpilot|v1
[ 2711.1s]     5 members x 1 arms x 1 rules; 1 raysets x 1 rulesets x 1 orders = 1 configs
[ 2734.6s]     s0: q32 99.20  m32 100.00  a16 99.20  q32b70 99.20  q64 100.00  | ens 99.20  bestFE 99.20
[ 2770.1s]     s1: q32 99.12  m32 98.24  a16 99.12  q32b70 99.12  q64 98.68  | ens 98.68  bestFE 99.12
[ 2818.4s]     s2: q32 98.55  m32 97.97  a16 98.55  q32b70 98.26  q64 98.55  | ens 98.55  bestFE 98.55
[ 2872.3s]     s3: q32 98.31  m32 97.89  a16 97.68  q32b70 98.31  q64 98.10  | ens 98.10  bestFE 98.10
[ 2942.9s]     s4: q32 96.86  m32 96.69  a16 97.36  q32b70 97.02  q64 97.19  | ens 97.36  bestFE 97.36
[ 3019.6s]     s5: q32 96.24  m32 96.38  a16 96.52  q32b70 96.38  q64 96.80  | ens 96.80  bestFE 96.94
[ 3108.7s]     s6: q32 94.15  m32 93.91  a16 94.99  q32b70 94.51  q64 94.99  | ens 94.87  bestFE 94.99
[ 3214.9s]     s7: q32 94.33  m32 94.12  a16 94.86  q32b70 94.86  q64 94.86  | ens 94.86  bestFE 94.86
[ 3326.7s]     s8: q32 94.45  m32 94.26  a16 94.83  q32b70 94.92  q64 94.73  | ens 95.11  bestFE 94.92
[ 3448.5s]     s9: q32 94.03  m32 93.95  a16 94.54  q32b70 94.29  q64 94.20  | ens 94.54  bestFE 94.71
[ 3581.1s]     s10: q32 93.92  m32 93.60  a16 94.07  q32b70 93.99  q64 94.15  | ens 94.23  bestFE 94.07
[ 3720.9s]     s11: q32 93.63  m32 93.70  a16 93.84  q32b70 93.77  q64 94.05  | ens 94.05  bestFE 94.05
[ 3883.4s]     s12: q32 92.20  m32 92.40  a16 92.80  q32b70 92.40  q64 92.53  | ens 92.73  bestFE 92.86
[ 4048.7s]     s13: q32 92.04  m32 92.17  a16 92.47  q32b70 92.23  q64 92.04  | ens 92.66  bestFE 92.60
[ 4234.8s]     s14: q32 91.40  m32 91.57  a16 91.45  q32b70 91.45  q64 90.82  | ens 91.51  bestFE 91.63
[ 4427.8s]     s15: q32 89.77  m32 90.63  a16 90.20  q32b70 90.52  q64 90.20  | ens 90.36  bestFE 90.68
[ 4629.6s]     s16: q32 89.64  m32 90.35  a16 89.99  q32b70 90.35  q64 89.34  | ens 90.40  bestFE 90.65
[ 4850.0s]     s17: q32 89.50  m32 90.26  a16 89.98  q32b70 90.26  q64 89.27  | ens 90.35  bestFE 90.45
[ 5073.6s]     s18: q32 88.77  m32 88.68  a16 89.49  q32b70 88.86  q64 88.46  | ens 89.66  bestFE 89.66
[ 5329.6s]     s19: q32 88.85  m32 88.68  a16 89.57  q32b70 89.65  q64 88.51  | ens 89.61  bestFE 89.65
[ 5329.6s]     cell took 2620s
[ 5329.6s] === CUB200P|20|2|q32+m32+a16+q32b70+q64|f64|cone|FE|rsall|opcag0.5|s0.03_i500|np2|m10000_ordpilot|v1
[ 5331.4s]     5 members x 1 arms x 1 rules; 1 raysets x 1 rulesets x 1 orders = 1 configs
[ 5352.9s]     s0: q32 98.54  m32 99.27  a16 97.81  q32b70 98.54  q64 98.54  | ens 98.54  bestFE 98.54
[ 5383.6s]     s1: q32 95.92  m32 95.10  a16 96.33  q32b70 93.47  q64 96.33  | ens 96.33  bestFE 96.33
[ 5425.6s]     s2: q32 96.16  m32 93.70  a16 95.62  q32b70 93.42  q64 95.89  | ens 95.62  bestFE 95.62
[ 5481.9s]     s3: q32 92.93  m32 93.14  a16 92.93  q32b70 92.93  q64 93.97  | ens 93.76  bestFE 93.14
[ 5552.7s]     s4: q32 92.70  m32 93.20  a16 93.03  q32b70 93.03  q64 93.86  | ens 93.03  bestFE 93.37
[ 5635.2s]     s5: q32 93.37  m32 92.52  a16 92.10  q32b70 91.96  q64 93.37  | ens 92.81  bestFE 92.81
[ 5729.5s]     s6: q32 93.72  m32 92.63  a16 91.91  q32b70 92.15  q64 93.00  | ens 92.75  bestFE 92.87
[ 5833.7s]     s7: q32 92.96  m32 92.02  a16 91.81  q32b70 92.02  q64 92.96  | ens 93.07  bestFE 93.17
[ 5945.0s]     s8: q32 93.12  m32 92.74  a16 91.16  q32b70 92.47  q64 92.56  | ens 92.93  bestFE 93.02
[ 6075.1s]     s9: q32 92.91  m32 92.49  a16 92.74  q32b70 92.49  q64 92.74  | ens 93.08  bestFE 92.83
[ 6212.7s]     s10: q32 91.46  m32 91.92  a16 91.39  q32b70 91.62  q64 91.92  | ens 92.07  bestFE 92.30
[ 6356.6s]     s11: q32 90.68  m32 90.96  a16 90.82  q32b70 90.40  q64 89.85  | ens 90.96  bestFE 91.52
[ 6518.5s]     s12: q32 90.75  m32 90.43  a16 90.69  q32b70 91.33  q64 91.07  | ens 91.01  bestFE 90.94
[ 6698.0s]     s13: q32 91.30  m32 90.77  a16 90.65  q32b70 90.95  q64 89.99  | ens 91.13  bestFE 91.36
[ 6896.8s]     s14: q32 90.68  m32 89.91  a16 89.79  q32b70 90.35  q64 90.63  | ens 90.24  bestFE 90.57
[ 7090.4s]     s15: q32 89.98  m32 89.72  a16 89.93  q32b70 89.93  q64 89.88  | ens 90.04  bestFE 89.88
[ 7306.2s]     s16: q32 89.88  m32 89.78  a16 90.12  q32b70 90.02  q64 89.83  | ens 90.12  bestFE 90.07
[ 7518.0s]     s17: q32 89.91  m32 89.63  a16 89.81  q32b70 89.72  q64 89.63  | ens 89.81  bestFE 89.63
[ 7735.2s]     s18: q32 89.73  m32 89.55  a16 89.46  q32b70 89.73  q64 89.87  | ens 89.69  bestFE 89.87
[ 7980.3s]     s19: q32 89.86  m32 89.82  a16 89.48  q32b70 89.65  q64 89.74  | ens 89.65  bestFE 90.08
[ 7980.3s]     cell took 2651s

========================================================================================================
EXP56 — does the cone read-out compose with the LoRA-member ensemble?
========================================================================================================

members ['q32', 'm32', 'a16', 'q32b70', 'q64']
arms ['f64']  rules ['cone']  orders ['FE']  raysets all (1)  cells 17

--------------------------------------------------------------------------------------------------------
SHOPPING PENALTY — read before any accuracy. `sel` picks the config on VAL;
`oracle` is the max over configs on TEST and is NOT obtainable.
--------------------------------------------------------------------------------------------------------
  ds             T order   sel(test)   oracle  penalty  sel val-test                 chosen config
  CIFAR100      10 FE          96.01    96.01     0.00          0.02                      f64|cone
  CUB200P       10 FE          93.33    93.33     0.00          1.05                      f64|cone
  CUB200P       20 FE          93.42    93.42     0.00          0.56                      f64|cone
  IMAGENETAP    10 FE          72.23    72.23     0.00         -0.77                      f64|cone
  IMAGENETR     10 FE          87.01    87.01     0.00         -0.23                      f64|cone
  IMAGENETR     20 FE          85.86    85.86     0.00         -0.10                      f64|cone

--------------------------------------------------------------------------------------------------------
A-Last — baselines and the honest (val-selected) composition
--------------------------------------------------------------------------------------------------------
  ds             T seeds      q32      ens  q32+cone   sel_FE  best-ens  GR-LoRA  best-GR
  CIFAR100      10     2    92.78    93.27       nan    93.40     +0.14    91.97    +1.43
  CUB200P       10     3    89.71    90.19       nan    90.16     -0.03    89.91    +0.25
  CUB200P       20     3    89.27    89.64       nan    89.77     +0.13    89.76    +0.01
  IMAGENETAP    10     3    62.76    63.38       nan    64.27     +0.89    63.60    +0.67
  IMAGENETR     10     3    80.76    81.78       nan    82.58     +0.80    82.09    +0.49
  IMAGENETR     20     3    79.63    80.31       nan    81.16     +0.86    80.23    +0.93

--------------------------------------------------------------------------------------------------------
A-Avg — baselines and the honest (val-selected) composition
--------------------------------------------------------------------------------------------------------
  ds             T seeds      q32      ens  q32+cone   sel_FE  best-ens  GR-LoRA  best-GR
  CIFAR100      10     2    95.62    95.98       nan    96.01     +0.03    94.65    +1.36
  CUB200P       10     3    92.97    93.36       nan    93.33     -0.03    93.85    -0.52
  CUB200P       20     3    93.09    93.36       nan    93.42     +0.05    94.08    -0.66
  IMAGENETAP    10     3    71.09    72.16       nan    72.23     +0.07    70.24    +1.99
  IMAGENETR     10     3    85.49    86.55       nan    87.01     +0.46    86.20    +0.81
  IMAGENETR     20     3    84.76    85.32       nan    85.86     +0.54    85.05    +0.81

--------------------------------------------------------------------------------------------------------
RAY-BUDGET SWEEP — single budgets, min to max. Does the cone's known
monotonicity in R SURVIVE member averaging, or does the ensemble substitute for rays?
--------------------------------------------------------------------------------------------------------
  CIFAR100 T=10 (cpt=10)   fit rows/class 433-464 (median 450.5)
    arm       q32 alone       FE     (A-Last, vs ens_ranpac)   * = clipped
    f64           +0.12    +0.14
  CUB200P T=10 (cpt=20)   fit rows/class 30-53 (median 43.0)   CLIPPED ARMS ['f64']: k=min(R, n_rows), so these are 'one ray per point' at a DIFFERENT R per class, not a fixed budget
    arm       q32 alone       FE     (A-Last, vs ens_ranpac)   * = clipped
    f64*          -0.01    -0.03
  CUB200P T=20 (cpt=10)   fit rows/class 26-52 (median 43.0)   CLIPPED ARMS ['f64']: k=min(R, n_rows), so these are 'one ray per point' at a DIFFERENT R per class, not a fixed budget
    arm       q32 alone       FE     (A-Last, vs ens_ranpac)   * = clipped
    f64*          +0.17    +0.13
  IMAGENETAP T=10 (cpt=20)   fit rows/class 1-75 (median 18.0)   CLIPPED ARMS ['f64']: k=min(R, n_rows), so these are 'one ray per point' at a DIFFERENT R per class, not a fixed budget
    arm       q32 alone       FE     (A-Last, vs ens_ranpac)   * = clipped
    f64*          +1.00    +0.89
  IMAGENETR T=10 (cpt=20)   fit rows/class 33-315 (median 100.0)
    arm       q32 alone       FE     (A-Last, vs ens_ranpac)   * = clipped
    f64           +0.77    +0.80
  IMAGENETR T=20 (cpt=10)   fit rows/class 36-320 (median 101.5)
    arm       q32 alone       FE     (A-Last, vs ens_ranpac)   * = clipped
    f64           +1.22    +0.86

--------------------------------------------------------------------------------------------------------
PRE-REGISTERED TEST — sel_FE vs ens_ranpac, IMAGENETR A-Last, per T
--------------------------------------------------------------------------------------------------------
  T=10  ens_ranpac 81.78   sel_FE 82.58   delta +0.80   (predicted ~+0.38, FALSIFIED IF > +0.70)  -> FALSIFIED: levers INDEPENDENT
  T=20  ens_ranpac 80.31   sel_FE 81.16   delta +0.86   (predicted ~+0.38, FALSIFIED IF > +0.70)  -> FALSIFIED: levers INDEPENDENT

--------------------------------------------------------------------------------------------------------
HOW TO READ THIS
  0. SHOPPING PENALTY FIRST. This file evaluates up to ~1300 configs per cell. `oracle` is the
     max over them on TEST and is not obtainable by any deployable system; `sel` picks on VAL
     and is the only honest number. A large penalty means the sweep found noise, and a large
     `sel val-test` means even the val-selected config overfits the split.
  1. THE PRE-REGISTERED TEST is sel_FE - ens_ranpac on IMAGENETR A-Last. exp52's decomposition
     says +0.30 (rays) + 0.08 (non-negativity) ~ +0.38 should survive and the +0.74 linear-
     combination piece should NOT, because the member ensemble already bought it. Above +0.70
     that reading is dead and the levers are independent.
  2. EF/JT ISOLATE WHERE THE AVERAGING HAPPENS -- they do NOT test exp55's oracle_class_cv
     (see the EF note in the header; none of these orderings weights members per class). The
     informative column for them is `sel val-test`, NOT accuracy. Measured on the f32 control:
     FE 0.86, EF 1.98, JT 2.37 -- the overfitting order is the exact inverse of the accuracy
     order. FE fuses each member's cone against THAT member's own RanPAC in matched geometry
     and renormalises before averaging; EF and JT fuse against a POOLED base and pay 2-3x the
     val overfit for it. Treat a future EF/JT win as suspect until its gap matches FE's.
  3. THE RAY SWEEP IS THE MECHANISM READ. exp53 found the fused gain monotone in R because the
     cone is an AGGREGATOR of noisy atom sets. A member ensemble is also an aggregator. If the
     substitution reading is right, the `q32 alone` column stays monotone in R while the FE/EF
     columns FLATTEN -- the ensemble has already done the aggregating. A still-monotone FE
     column would mean rays contribute something averaging cannot.
  4. JT bounds FE and EF from above and is the most likely to overfit; believe it only if its
     val-test gap is comparable to FE's. Configs above JT_MAX components are skipped and the
     count is recorded in _meta, never silently dropped.
========================================================================================================
[ 7980.3s] wrote /home/khiemphi/Conic-Hull-Continual-Learning/exp56_ray_ensemble_table_augreg_in21k.json
