>>> LAMBDA_GRAM = 0.0
/home/khiemphi/venvs/ml_env/lib/python3.12/site-packages/torchvision/datasets/cifar.py:83: VisibleDeprecationWarning: dtype(): align should be passed as Python or NumPy boolean but got `align=0`. Did you mean to pass a tuple to create a subarray type? (Deprecated NumPy 2.4)
  entry = pickle.load(f, encoding="latin1")
=== frozen phi_0 reference ===
[load_backbone] 'vit_base_patch16_224.augreg2_in21k_ft_in1k'  pretrained=True  device=cuda  feature_dim=768
[inject_lora] 24 layer(s) replaced with LoRALinear (rank=32, alpha=4.0, targets=['attn.qkv', 'attn.proj'])
[load_backbone] LoRA active (task_shared) — 24 layers, 1,769,472 trainable adapter params
[load_backbone] 'vit_base_patch16_224.augreg2_in21k_ft_in1k'  pretrained=True  device=cuda  feature_dim=768
[t=0] seen= 10 newAcc 0.989 gramL 0.0000 | COH eps    0° rigid 100% gram 1.00 | SEEN froz 0.959 stale 0.987 transp 0.987 orac 0.987
[t=1] seen= 20 newAcc 0.973 gramL 0.0000 | COH eps   32° rigid  82% gram 0.88 | SEEN froz 0.926 stale 0.792 transp 0.933 orac 0.936
[t=2] seen= 30 newAcc 0.958 gramL 0.0000 | COH eps   35° rigid  80% gram 0.87 | SEEN froz 0.903 stale 0.676 transp 0.870 orac 0.884
[t=3] seen= 40 newAcc 0.970 gramL 0.0000 | COH eps   36° rigid  78% gram 0.87 | SEEN froz 0.889 stale 0.645 transp 0.853 orac 0.882
[t=4] seen= 50 newAcc 0.955 gramL 0.0000 | COH eps   44° rigid  79% gram 0.80 | SEEN froz 0.861 stale 0.542 transp 0.760 orac 0.837
[t=5] seen= 60 newAcc 0.975 gramL 0.0000 | COH eps   48° rigid  80% gram 0.77 | SEEN froz 0.854 stale 0.468 transp 0.703 orac 0.822
[t=6] seen= 70 newAcc 0.964 gramL 0.0000 | COH eps   46° rigid  82% gram 0.83 | SEEN froz 0.847 stale 0.491 transp 0.727 orac 0.830
[t=7] seen= 80 newAcc 0.974 gramL 0.0000 | COH eps   57° rigid  81% gram 0.82 | SEEN froz 0.830 stale 0.259 transp 0.496 orac 0.722
[t=8] seen= 90 newAcc 0.971 gramL 0.0000 | COH eps   55° rigid  84% gram 0.84 | SEEN froz 0.828 stale 0.331 transp 0.549 orac 0.763
[t=9] seen=100 newAcc 0.961 gramL 0.0000 | COH eps   58° rigid  83% gram 0.83 | SEEN froz 0.815 stale 0.255 transp 0.484 orac 0.712

========================================================================
FINAL (lambda=0, 100-way):  frozen 0.8145 | stale 0.2553 | transport 0.4836 | oracle 0.7122
  vs baseline lambda=0:            frozen 0.8145 | stale 0.3000 | transport   ??? | oracle 0.7247
  cohort rigidity 83%  gram-corr 0.83
  WIN if oracle >= frozen (repr. forgetting killed) AND transport ~ oracle
========================================================================
