/home/khiemphi/venvs/ml_env/lib/python3.12/site-packages/torchvision/datasets/cifar.py:83: VisibleDeprecationWarning: dtype(): align should be passed as Python or NumPy boolean but got `align=0`. Did you mean to pass a tuple to create a subarray type? (Deprecated NumPy 2.4)
  entry = pickle.load(f, encoding="latin1")
=== extracting frozen phi_0 reference (all 100 classes) ===
[load_backbone] 'vit_base_patch16_224.augreg2_in21k_ft_in1k'  pretrained=True  device=cuda  feature_dim=768
[inject_lora] 24 layer(s) replaced with LoRALinear (rank=32, alpha=4.0, targets=['attn.qkv', 'attn.proj'])
[load_backbone] LoRA active (task_shared) — 24 layers, 1,769,472 trainable adapter params
[load_backbone] 'vit_base_patch16_224.augreg2_in21k_ft_in1k'  pretrained=True  device=cuda  feature_dim=768
[t=0] seen= 10  newAcc 0.989 | COHORT eps   0.0° rigid  100% gram 1.00 | stale 0.987 transp 0.987 orac 0.987 | SEEN froz 0.959 stale 0.987 orac 0.987
[t=1] seen= 20  newAcc 0.967 | COHORT eps  25.6° rigid   80% gram 0.86 | stale 0.970 transp 0.982 orac 0.980 | SEEN froz 0.926 stale 0.862 orac 0.940
[t=2] seen= 30  newAcc 0.959 | COHORT eps  34.2° rigid   77% gram 0.73 | stale 0.951 transp 0.962 orac 0.962 | SEEN froz 0.903 stale 0.754 orac 0.893
[t=3] seen= 40  newAcc 0.964 | COHORT eps  37.6° rigid   83% gram 0.86 | stale 0.955 transp 0.973 orac 0.970 | SEEN froz 0.889 stale 0.669 orac 0.878
[t=4] seen= 50  newAcc 0.955 | COHORT eps  46.5° rigid   80% gram 0.79 | stale 0.898 transp 0.969 orac 0.968 | SEEN froz 0.861 stale 0.495 orac 0.818
[t=5] seen= 60  newAcc 0.967 | COHORT eps  49.4° rigid   82% gram 0.76 | stale 0.913 transp 0.962 orac 0.962 | SEEN froz 0.854 stale 0.440 orac 0.801
[t=6] seen= 70  newAcc 0.964 | COHORT eps  49.5° rigid   85% gram 0.86 | stale 0.974 transp 0.974 orac 0.970 | SEEN froz 0.847 stale 0.443 orac 0.823
[t=7] seen= 80  newAcc 0.983 | COHORT eps  53.5° rigid   84% gram 0.82 | stale 0.939 transp 0.973 orac 0.974 | SEEN froz 0.830 stale 0.366 orac 0.770
[t=8] seen= 90  newAcc 0.980 | COHORT eps  55.7° rigid   84% gram 0.80 | stale 0.907 transp 0.969 orac 0.969 | SEEN froz 0.828 stale 0.338 orac 0.756
[t=9] seen=100  newAcc 0.962 | COHORT eps  56.1° rigid   83% gram 0.84 | stale 0.900 transp 0.962 orac 0.956 | SEEN froz 0.815 stale 0.300 orac 0.725

========================================================================
FINAL (after 10 tasks, 100-way):
  seen-way  frozen 0.8145 | stale 0.3000 | oracle 0.7247
  cohort    stale  0.9000 | transport 0.9620 | oracle 0.9560
  cohort drift eps 56.1°  rigidity 83%  gram-corr 0.84
========================================================================
saved crux_sweep.png and crux_sweep_hist.npz
