=== 2026-08-07 12:54:52 START s0 ce
Traceback (most recent call last):
  File "/home/khiemphi/Conic-Hull-Continual-Learning/exp56_ray_ensemble.py", line 117, in <module>
    import torch
  File "/home/khiemphi/venvs/ml_env/lib/python3.12/site-packages/torch/__init__.py", line 2222, in <module>
    from torch import quantization as quantization  # usort: skip
    ^^^^^^^^^^^^^^^^^^^^^^^^^^^^^^^^^^^^^^^^^^^^^^
  File "/home/khiemphi/venvs/ml_env/lib/python3.12/site-packages/torch/quantization/__init__.py", line 2, in <module>
    from .fake_quantize import *  # noqa: F403
    ^^^^^^^^^^^^^^^^^^^^^^^^^^^^
  File "/home/khiemphi/venvs/ml_env/lib/python3.12/site-packages/torch/quantization/fake_quantize.py", line 10, in <module>
    from torch.ao.quantization.fake_quantize import (
  File "/home/khiemphi/venvs/ml_env/lib/python3.12/site-packages/torch/ao/quantization/__init__.py", line 12, in <module>
    from .pt2e._numeric_debugger import (  # noqa: F401
  File "/home/khiemphi/venvs/ml_env/lib/python3.12/site-packages/torch/ao/quantization/pt2e/_numeric_debugger.py", line 9, in <module>
    from torch.export import ExportedProgram
  File "/home/khiemphi/venvs/ml_env/lib/python3.12/site-packages/torch/export/__init__.py", line 69, in <module>
    from .dynamic_shapes import Constraint, Dim, dims, ShapesCollection
  File "/home/khiemphi/venvs/ml_env/lib/python3.12/site-packages/torch/export/dynamic_shapes.py", line 23, in <module>
    from .exported_program import ExportedProgram
  File "/home/khiemphi/venvs/ml_env/lib/python3.12/site-packages/torch/export/exported_program.py", line 101, in <module>
    @dataclasses.dataclass
     ^^^^^^^^^^^^^^^^^^^^^
  File "/usr/local/fbcode/platform010/lib/python3.12/dataclasses.py", line 1275, in dataclass
    return wrap(cls)
           ^^^^^^^^^
  File "/usr/local/fbcode/platform010/lib/python3.12/dataclasses.py", line 1265, in wrap
    return _process_class(cls, init, repr, eq, order, unsafe_hash,
           ^^^^^^^^^^^^^^^^^^^^^^^^^^^^^^^^^^^^^^^^^^^^^^^^^^^^^^^
  File "/usr/local/fbcode/platform010/lib/python3.12/dataclasses.py", line 1062, in _process_class
    _set_new_attribute(cls, '__init__',
  File "/usr/local/fbcode/platform010/lib/python3.12/dataclasses.py", line 870, in _set_new_attribute
    setattr(cls, name, value)
KeyboardInterrupt
