>>> LAMBDA_GRAM = 50.0
/home/khiemphi/venvs/ml_env/lib/python3.12/site-packages/torchvision/datasets/cifar.py:83: VisibleDeprecationWarning: dtype(): align should be passed as Python or NumPy boolean but got `align=0`. Did you mean to pass a tuple to create a subarray type? (Deprecated NumPy 2.4)
  entry = pickle.load(f, encoding="latin1")
=== frozen phi_0 reference ===
[load_backbone] 'vit_base_patch16_224.augreg2_in21k_ft_in1k'  pretrained=True  device=cuda  feature_dim=768
[inject_lora] 24 layer(s) replaced with LoRALinear (rank=32, alpha=4.0, targets=['attn.qkv', 'attn.proj'])
[load_backbone] LoRA active (task_shared) — 24 layers, 1,769,472 trainable adapter params
[load_backbone] 'vit_base_patch16_224.augreg2_in21k_ft_in1k'  pretrained=True  device=cuda  feature_dim=768
[t=0] seen= 10 newAcc 0.990 gramL 0.0000 | COH eps    0° rigid  32% gram 1.00 | SEEN froz 0.970 stale 0.978 transp 0.978 orac 0.978
[t=1] seen= 20 newAcc 0.988 gramL 0.0004 | COH eps   19° rigid  94% gram 0.99 | SEEN froz 0.954 stale 0.968 transp 0.971 orac 0.970
[t=2] seen= 30 newAcc 0.975 gramL 0.0005 | COH eps   29° rigid  94% gram 0.98 | SEEN froz 0.915 stale 0.916 transp 0.923 orac 0.941
[t=3] seen= 40 newAcc 0.977 gramL 0.0006 | COH eps   34° rigid  93% gram 0.96 | SEEN froz 0.900 stale 0.865 transp 0.898 orac 0.922
[t=4] seen= 50 newAcc 0.971 gramL 0.0006 | COH eps   39° rigid  92% gram 0.94 | SEEN froz 0.879 stale 0.767 transp 0.847 orac 0.896
[t=5] seen= 60 newAcc 0.984 gramL 0.0006 | COH eps   41° rigid  91% gram 0.91 | SEEN froz 0.863 stale 0.705 transp 0.805 orac 0.861
[t=6] seen= 70 newAcc 0.974 gramL 0.0005 | COH eps   45° rigid  91% gram 0.88 | SEEN froz 0.853 stale 0.635 transp 0.784 orac 0.849
[t=7] seen= 80 newAcc 0.976 gramL 0.0005 | COH eps   48° rigid  91% gram 0.85 | SEEN froz 0.838 stale 0.588 transp 0.728 orac 0.835
[t=8] seen= 90 newAcc 0.962 gramL 0.0005 | COH eps   49° rigid  90% gram 0.81 | SEEN froz 0.823 stale 0.523 transp 0.690 orac 0.820
[t=9] seen=100 newAcc 0.979 gramL 0.0006 | COH eps   54° rigid  90% gram 0.82 | SEEN froz 0.815 stale 0.495 transp 0.687 orac 0.815

========================================================================
FINAL (lambda=50, 100-way):  frozen 0.8145 | stale 0.4947 | transport 0.6872 | oracle 0.8151
  vs baseline lambda=0:            frozen 0.8145 | stale 0.3000 | transport   ??? | oracle 0.7247
  cohort rigidity 90%  gram-corr 0.82
  WIN if oracle >= frozen (repr. forgetting killed) AND transport ~ oracle
========================================================================
