[transform] Compose(
    Resize(size=248, interpolation=bicubic, max_size=None, antialias=True)
    CenterCrop(size=(224, 224))
    MaybeToTensor()
    Normalize(mean=tensor([0.5000, 0.5000, 0.5000]), std=tensor([0.5000, 0.5000, 0.5000]))
)

=== phi0: frozen pretrained backbone (birth frame) ===
[load_backbone] 'vit_base_patch16_224.augreg2_in21k_ft_in1k'  pretrained=True  device=cuda  feature_dim=768
/home/khiemphi/venvs/ml_env/lib/python3.12/site-packages/torchvision/datasets/cifar.py:83: VisibleDeprecationWarning: dtype(): align should be passed as Python or NumPy boolean but got `align=0`. Did you mean to pass a tuple to create a subarray type? (Deprecated NumPy 2.4)
  entry = pickle.load(f, encoding="latin1")

=== adapting LoRA on NEW classes (50..99) only ===
[inject_lora] 24 layer(s) replaced with LoRALinearTaskSpecific (rank=32, alpha=4.0, targets=['attn.qkv', 'attn.proj'])
[load_backbone] LoRA active (task_specific) — 24 layers, 1,769,472 trainable adapter params
[load_backbone] 'vit_base_patch16_224.augreg2_in21k_ft_in1k'  pretrained=True  device=cuda  feature_dim=768
  epoch 1/6  loss 1.6913  new-train-acc 0.6240
  epoch 2/6  loss 0.2614  new-train-acc 0.9255
  epoch 3/6  loss 0.1812  new-train-acc 0.9461
  epoch 4/6  loss 0.1437  new-train-acc 0.9564
  epoch 5/6  loss 0.1177  new-train-acc 0.9638
  epoch 6/6  loss 0.0984  new-train-acc 0.9705

=== phi1: re-extract OLD classes in adapted frame ===

====================================================================
CRUX RESULTS  (CIFAR-100, 50 old / 50 new, LoRA r32, 6 epochs)
====================================================================

-- adaptation sanity (was drift 'paid for'?) --
  NEW-class NCM   phi0 0.8740  ->  phi1 0.9412   (Δ +0.0672)

-- (a) centroid drift eps  vs  crowding gamma --
  eps (birth->current mean angle):  mean 47.82°  median 47.53°  max 54.01°
  gamma (nearest inter-class angle): min 15.61°   -> forgetting-free needs eps < gamma/2 =  7.81°
  eps < gamma/2 ?  NO (drift exceeds crowding budget)

-- (b) Procrustes rigidity (is drift ~ a single global rotation?) --
  relative residual ||phi1·R - phi0|| / ||phi0|| : 0.5621   (0=perfectly rigid)
  residual mean class drift after removing R      : 13.57°  (vs raw 47.82°)
  -> global rotation explains 71.6% of the mean drift

-- (c) Gram / relative-geometry stability --
  relative Frobenius change of off-diag Gram : 0.4583  (0=arrangement frozen)
  off-diagonal Pearson corr (G0 vs G1)       : 0.7705  (1=arrangement frozen)

-- (d) OLD-class separability in the adapted frame phi1 --
  frozen (no adapt, SOTA regime)      : 0.8716
  STALE birth means (forgetting)      : 0.8932   <- the disease
  ORACLE refit means (needs old data) : 0.9070   <- upper bound
  GLOBAL-ROTATION transport (idea 1)  : 0.8946   <- forgetting-free candidate
  recovered by rotation: 10.1% of the stale->oracle gap
====================================================================
