/home/khiemphi/venvs/ml_env/lib/python3.12/site-packages/torchvision/datasets/cifar.py:83: VisibleDeprecationWarning: dtype(): align should be passed as Python or NumPy boolean but got `align=0`. Did you mean to pass a tuple to create a subarray type? (Deprecated NumPy 2.4)
  entry = pickle.load(f, encoding="latin1")
=== extracting frozen phi_0 reference (all 100 classes) ===
[load_backbone] 'vit_base_patch16_224.augreg2_in21k_ft_in1k'  pretrained=True  device=cuda  feature_dim=768
[inject_lora] 24 layer(s) replaced with LoRALinear (rank=32, alpha=4.0, targets=['attn.qkv', 'attn.proj'])
[load_backbone] LoRA active (task_shared) — 24 layers, 1,769,472 trainable adapter params
[load_backbone] 'vit_base_patch16_224.augreg2_in21k_ft_in1k'  pretrained=True  device=cuda  feature_dim=768
[t=0] seen= 10  newAcc 0.937 | COHORT eps   0.0° rigid   83% gram 1.00 | stale 0.932 transp 0.932 orac 0.932 | SEEN froz 0.899 stale 0.932 orac 0.932
[t=1] seen= 20  newAcc 0.988 | COHORT eps  26.8° rigid   78% gram 0.97 | stale 0.908 transp 0.918 orac 0.919 | SEEN froz 0.884 stale 0.782 orac 0.899
[t=2] seen= 30  newAcc 0.985 | COHORT eps  36.4° rigid   77% gram 0.88 | stale 0.905 transp 0.909 orac 0.906 | SEEN froz 0.881 stale 0.676 orac 0.863
[t=3] seen= 40  newAcc 0.944 | COHORT eps  43.7° rigid   76% gram 0.76 | stale 0.893 transp 0.897 orac 0.903 | SEEN froz 0.878 stale 0.505 orac 0.835
[t=4] seen= 50  newAcc 0.970 | COHORT eps  45.5° rigid   81% gram 0.83 | stale 0.891 transp 0.904 orac 0.905 | SEEN froz 0.869 stale 0.490 orac 0.825
[t=5] seen= 60  newAcc 0.963 | COHORT eps  48.5° rigid   78% gram 0.82 | stale 0.827 transp 0.885 orac 0.897 | SEEN froz 0.851 stale 0.431 orac 0.802
[t=6] seen= 70  newAcc 0.975 | COHORT eps  50.7° rigid   84% gram 0.86 | stale 0.849 transp 0.894 orac 0.898 | SEEN froz 0.849 stale 0.431 orac 0.816
[t=7] seen= 80  newAcc 0.967 | COHORT eps  54.4° rigid   80% gram 0.75 | stale 0.833 transp 0.881 orac 0.875 | SEEN froz 0.834 stale 0.309 orac 0.770
[t=8] seen= 90  newAcc 0.968 | COHORT eps  55.6° rigid   78% gram 0.65 | stale 0.822 transp 0.883 orac 0.875 | SEEN froz 0.824 stale 0.283 orac 0.731
[t=9] seen=100  newAcc 0.963 | COHORT eps  57.7° rigid   81% gram 0.75 | stale 0.842 transp 0.896 orac 0.893 | SEEN froz 0.815 stale 0.354 orac 0.766

========================================================================
FINAL (after 10 tasks, 100-way):
  seen-way  frozen 0.8145 | stale 0.3544 | oracle 0.7663
  cohort    stale  0.8420 | transport 0.8960 | oracle 0.8930
  cohort drift eps 57.7°  rigidity 81%  gram-corr 0.75
========================================================================
saved crux_sweep.png and crux_sweep_hist_s2.npz
