>>> LAMBDA_GRAM = 50.0
/home/khiemphi/venvs/ml_env/lib/python3.12/site-packages/torchvision/datasets/cifar.py:83: VisibleDeprecationWarning: dtype(): align should be passed as Python or NumPy boolean but got `align=0`. Did you mean to pass a tuple to create a subarray type? (Deprecated NumPy 2.4)
  entry = pickle.load(f, encoding="latin1")
=== frozen phi_0 reference ===
[load_backbone] 'vit_base_patch16_224.augreg2_in21k_ft_in1k'  pretrained=True  device=cuda  feature_dim=768
[inject_lora] 24 layer(s) replaced with LoRALinear (rank=32, alpha=4.0, targets=['attn.qkv', 'attn.proj'])
[load_backbone] LoRA active (task_shared) — 24 layers, 1,769,472 trainable adapter params
[load_backbone] 'vit_base_patch16_224.augreg2_in21k_ft_in1k'  pretrained=True  device=cuda  feature_dim=768
[t=0] seen= 10 newAcc 0.989 gramL 0.0000 | COH eps    0° rigid 100% gram 1.00 | SEEN froz 0.959 stale 0.987 transp 0.987 orac 0.987
[t=1] seen= 20 newAcc 0.968 gramL 0.0004 | COH eps   20° rigid  92% gram 0.99 | SEEN froz 0.926 stale 0.906 transp 0.955 orac 0.955
[t=2] seen= 30 newAcc 0.969 gramL 0.0005 | COH eps   28° rigid  93% gram 0.99 | SEEN froz 0.903 stale 0.866 transp 0.924 orac 0.923
[t=3] seen= 40 newAcc 0.966 gramL 0.0005 | COH eps   35° rigid  93% gram 0.98 | SEEN froz 0.889 stale 0.829 transp 0.904 orac 0.912
[t=4] seen= 50 newAcc 0.962 gramL 0.0006 | COH eps   39° rigid  93% gram 0.97 | SEEN froz 0.861 stale 0.686 transp 0.842 orac 0.875
[t=5] seen= 60 newAcc 0.978 gramL 0.0006 | COH eps   44° rigid  93% gram 0.96 | SEEN froz 0.854 stale 0.659 transp 0.822 orac 0.866
[t=6] seen= 70 newAcc 0.962 gramL 0.0006 | COH eps   46° rigid  93% gram 0.96 | SEEN froz 0.847 stale 0.651 transp 0.811 orac 0.862
[t=7] seen= 80 newAcc 0.983 gramL 0.0007 | COH eps   48° rigid  92% gram 0.94 | SEEN froz 0.830 stale 0.587 transp 0.778 orac 0.836
[t=8] seen= 90 newAcc 0.986 gramL 0.0006 | COH eps   50° rigid  93% gram 0.94 | SEEN froz 0.828 stale 0.537 transp 0.736 orac 0.830
[t=9] seen=100 newAcc 0.966 gramL 0.0006 | COH eps   52° rigid  92% gram 0.93 | SEEN froz 0.815 stale 0.524 transp 0.734 orac 0.818

========================================================================
FINAL (lambda=50, 100-way):  frozen 0.8145 | stale 0.5244 | transport 0.7344 | oracle 0.8175
  vs baseline lambda=0:            frozen 0.8145 | stale 0.3000 | transport   ??? | oracle 0.7247
  cohort rigidity 92%  gram-corr 0.93
  WIN if oracle >= frozen (repr. forgetting killed) AND transport ~ oracle
========================================================================
