>>> LAMBDA_GRAM = 50.0
/home/khiemphi/venvs/ml_env/lib/python3.12/site-packages/torchvision/datasets/cifar.py:83: VisibleDeprecationWarning: dtype(): align should be passed as Python or NumPy boolean but got `align=0`. Did you mean to pass a tuple to create a subarray type? (Deprecated NumPy 2.4)
  entry = pickle.load(f, encoding="latin1")
=== frozen phi_0 reference ===
[load_backbone] 'vit_base_patch16_224.augreg2_in21k_ft_in1k'  pretrained=True  device=cuda  feature_dim=768
[inject_lora] 24 layer(s) replaced with LoRALinear (rank=32, alpha=4.0, targets=['attn.qkv', 'attn.proj'])
[load_backbone] LoRA active (task_shared) — 24 layers, 1,769,472 trainable adapter params
[load_backbone] 'vit_base_patch16_224.augreg2_in21k_ft_in1k'  pretrained=True  device=cuda  feature_dim=768
[t=0] seen= 10 newAcc 0.937 gramL 0.0000 | COH eps    0° rigid  83% gram 1.00 | SEEN froz 0.899 stale 0.932 transp 0.932 orac 0.932
[t=1] seen= 20 newAcc 0.990 gramL 0.0004 | COH eps   18° rigid  93% gram 1.00 | SEEN froz 0.884 stale 0.917 transp 0.919 orac 0.919
[t=2] seen= 30 newAcc 0.988 gramL 0.0006 | COH eps   28° rigid  92% gram 0.99 | SEEN froz 0.881 stale 0.850 transp 0.893 orac 0.907
[t=3] seen= 40 newAcc 0.963 gramL 0.0005 | COH eps   34° rigid  92% gram 0.99 | SEEN froz 0.878 stale 0.780 transp 0.869 orac 0.884
[t=4] seen= 50 newAcc 0.974 gramL 0.0006 | COH eps   40° rigid  93% gram 0.99 | SEEN froz 0.869 stale 0.721 transp 0.839 orac 0.868
[t=5] seen= 60 newAcc 0.972 gramL 0.0006 | COH eps   43° rigid  93% gram 0.98 | SEEN froz 0.851 stale 0.668 transp 0.808 orac 0.850
[t=6] seen= 70 newAcc 0.974 gramL 0.0005 | COH eps   46° rigid  93% gram 0.98 | SEEN froz 0.849 stale 0.635 transp 0.789 orac 0.847
[t=7] seen= 80 newAcc 0.970 gramL 0.0006 | COH eps   49° rigid  93% gram 0.98 | SEEN froz 0.834 stale 0.567 transp 0.752 orac 0.835
[t=8] seen= 90 newAcc 0.981 gramL 0.0006 | COH eps   52° rigid  93% gram 0.97 | SEEN froz 0.824 stale 0.548 transp 0.728 orac 0.826
[t=9] seen=100 newAcc 0.960 gramL 0.0005 | COH eps   52° rigid  93% gram 0.97 | SEEN froz 0.815 stale 0.526 transp 0.698 orac 0.816

========================================================================
FINAL (lambda=50, 100-way):  frozen 0.8145 | stale 0.5264 | transport 0.6983 | oracle 0.8156
  vs baseline lambda=0:            frozen 0.8145 | stale 0.3000 | transport   ??? | oracle 0.7247
  cohort rigidity 93%  gram-corr 0.97
  WIN if oracle >= frozen (repr. forgetting killed) AND transport ~ oracle
========================================================================
