/home/khiemphi/venvs/ml_env/lib/python3.12/site-packages/torchvision/datasets/cifar.py:83: VisibleDeprecationWarning: dtype(): align should be passed as Python or NumPy boolean but got `align=0`. Did you mean to pass a tuple to create a subarray type? (Deprecated NumPy 2.4)
  entry = pickle.load(f, encoding="latin1")
=== extracting frozen phi_0 reference (all 100 classes) ===
[load_backbone] 'vit_base_patch16_224.augreg2_in21k_ft_in1k'  pretrained=True  device=cuda  feature_dim=768
[inject_lora] 24 layer(s) replaced with LoRALinear (rank=32, alpha=4.0, targets=['attn.qkv', 'attn.proj'])
[load_backbone] LoRA active (task_shared) — 24 layers, 1,769,472 trainable adapter params
[load_backbone] 'vit_base_patch16_224.augreg2_in21k_ft_in1k'  pretrained=True  device=cuda  feature_dim=768
[t=0] seen= 10  newAcc 0.990 | COHORT eps   0.0° rigid   32% gram 1.00 | stale 0.978 transp 0.978 orac 0.978 | SEEN froz 0.970 stale 0.978 orac 0.978
[t=1] seen= 20  newAcc 0.988 | COHORT eps  24.1° rigid   82% gram 0.93 | stale 0.964 transp 0.968 orac 0.969 | SEEN froz 0.954 stale 0.931 orac 0.962
[t=2] seen= 30  newAcc 0.974 | COHORT eps  36.5° rigid   85% gram 0.85 | stale 0.959 transp 0.957 orac 0.954 | SEEN froz 0.915 stale 0.771 orac 0.919
[t=3] seen= 40  newAcc 0.978 | COHORT eps  41.7° rigid   83% gram 0.81 | stale 0.957 transp 0.966 orac 0.968 | SEEN froz 0.900 stale 0.652 orac 0.891
[t=4] seen= 50  newAcc 0.955 | COHORT eps  49.5° rigid   83% gram 0.77 | stale 0.954 transp 0.961 orac 0.960 | SEEN froz 0.879 stale 0.471 orac 0.828
[t=5] seen= 60  newAcc 0.984 | COHORT eps  55.4° rigid   82% gram 0.77 | stale 0.900 transp 0.950 orac 0.947 | SEEN froz 0.863 stale 0.375 orac 0.796
[t=6] seen= 70  newAcc 0.971 | COHORT eps  57.0° rigid   79% gram 0.70 | stale 0.928 transp 0.954 orac 0.954 | SEEN froz 0.853 stale 0.349 orac 0.765
[t=7] seen= 80  newAcc 0.967 | COHORT eps  61.8° rigid   79% gram 0.68 | stale 0.883 transp 0.939 orac 0.933 | SEEN froz 0.838 stale 0.268 orac 0.734
[t=8] seen= 90  newAcc 0.952 | COHORT eps  58.1° rigid   79% gram 0.69 | stale 0.887 transp 0.953 orac 0.949 | SEEN froz 0.823 stale 0.319 orac 0.740
[t=9] seen=100  newAcc 0.976 | COHORT eps  58.2° rigid   80% gram 0.73 | stale 0.877 transp 0.961 orac 0.961 | SEEN froz 0.815 stale 0.304 orac 0.750

========================================================================
FINAL (after 10 tasks, 100-way):
  seen-way  frozen 0.8145 | stale 0.3037 | oracle 0.7495
  cohort    stale  0.8770 | transport 0.9610 | oracle 0.9610
  cohort drift eps 58.2°  rigidity 80%  gram-corr 0.73
========================================================================
saved crux_sweep.png and crux_sweep_hist_s1.npz
