/home/khiemphi/venvs/ml_env/lib/python3.12/site-packages/torchvision/datasets/cifar.py:83: VisibleDeprecationWarning: dtype(): align should be passed as Python or NumPy boolean but got `align=0`. Did you mean to pass a tuple to create a subarray type? (Deprecated NumPy 2.4)
  entry = pickle.load(f, encoding="latin1")
=== frozen phi_0 (old backbone) ===
[load_backbone] 'vit_base_patch16_224.augreg2_in21k_ft_in1k'  pretrained=True  device=cuda  feature_dim=768
frozen old-50 NCM = 0.8720

==============================================================================
   variant   transport  recon_cos  NCM(phi0 proto)
               frozen*      1.000           0.8720   <- target (old backbone)
==============================================================================
[inject_lora] 24 layer(s) replaced with LoRALinear (rank=32, alpha=4.0, targets=['attn.qkv', 'attn.proj'])
[load_backbone] LoRA active (task_shared) — 24 layers, 1,769,472 trainable adapter params
[load_backbone] 'vit_base_patch16_224.augreg2_in21k_ft_in1k'  pretrained=True  device=cuda  feature_dim=768
     lam=0      oracle          -           0.9046   <- best on adapted feats
     lam=0    identity     0.6571           0.8894
     lam=0  orthogonal     0.8276           0.8946
     lam=0      linear     0.8641           0.9056
     lam=0         mlp     0.8681           0.8970
     lam=0    stale=id          -           0.8894   (sanity == identity above)
------------------------------------------------------------------------------
[inject_lora] 24 layer(s) replaced with LoRALinear (rank=32, alpha=4.0, targets=['attn.qkv', 'attn.proj'])
[load_backbone] LoRA active (task_shared) — 24 layers, 1,769,472 trainable adapter params
[load_backbone] 'vit_base_patch16_224.augreg2_in21k_ft_in1k'  pretrained=True  device=cuda  feature_dim=768
    lam=50      oracle          -           0.9058   <- best on adapted feats
    lam=50    identity     0.8458           0.9066
    lam=50  orthogonal     0.9207           0.9060
    lam=50      linear     0.9326           0.9026
    lam=50         mlp     0.9325           0.8968
    lam=50    stale=id          -           0.9066   (sanity == identity above)
------------------------------------------------------------------------------

Read: does any Psi's NCM reach frozen? if best-Psi << frozen => irreducible collapse;
if orthogonal already ~frozen => pure gauge; if mlp>>linear => info there but nonlinear.
