[transform] Compose(
    Resize(size=248, interpolation=bicubic, max_size=None, antialias=True)
    CenterCrop(size=(224, 224))
    MaybeToTensor()
    Normalize(mean=tensor([0.5000, 0.5000, 0.5000]), std=tensor([0.5000, 0.5000, 0.5000]))
)

=== phi0: frozen pretrained backbone (birth frame) ===
[load_backbone] 'vit_base_patch16_224.augreg2_in21k_ft_in1k'  pretrained=True  device=cuda  feature_dim=768
/home/khiemphi/venvs/ml_env/lib/python3.12/site-packages/torchvision/datasets/cifar.py:83: VisibleDeprecationWarning: dtype(): align should be passed as Python or NumPy boolean but got `align=0`. Did you mean to pass a tuple to create a subarray type? (Deprecated NumPy 2.4)
  entry = pickle.load(f, encoding="latin1")

=== adapting LoRA on NEW classes (50..99) only ===
[inject_lora] 24 layer(s) replaced with LoRALinearTaskSpecific (rank=32, alpha=4.0, targets=['attn.qkv', 'attn.proj'])
[load_backbone] LoRA active (task_specific) — 24 layers, 1,769,472 trainable adapter params
[load_backbone] 'vit_base_patch16_224.augreg2_in21k_ft_in1k'  pretrained=True  device=cuda  feature_dim=768
  epoch 1/6  loss 1.7106  new-train-acc 0.6280
  epoch 2/6  loss 0.2605  new-train-acc 0.9239
  epoch 3/6  loss 0.1790  new-train-acc 0.9466
  epoch 4/6  loss 0.1416  new-train-acc 0.9576
  epoch 5/6  loss 0.1173  new-train-acc 0.9643
  epoch 6/6  loss 0.0983  new-train-acc 0.9710

=== phi1: re-extract OLD classes in adapted frame ===

====================================================================
CRUX RESULTS  (CIFAR-100, 50 old / 50 new, LoRA r32, 6 epochs)
====================================================================

-- adaptation sanity (was drift 'paid for'?) --
  NEW-class NCM   phi0 0.8740  ->  phi1 0.9398   (Δ +0.0658)

-- (a) centroid drift eps  vs  crowding gamma --
  eps (birth->current mean angle):  mean 48.86°  median 49.08°  max 56.17°
  gamma (nearest inter-class angle): min 15.61°   -> forgetting-free needs eps < gamma/2 =  7.81°
  eps < gamma/2 ?  NO (drift exceeds crowding budget)

-- (b) Procrustes rigidity (is drift ~ a single global rotation?) --
  relative residual ||phi1·R - phi0|| / ||phi0|| : 0.5745   (0=perfectly rigid)
  residual mean class drift after removing R      : 12.75°  (vs raw 48.86°)
  -> global rotation explains 73.9% of the mean drift

-- (c) Gram / relative-geometry stability --
  relative Frobenius change of off-diag Gram : 0.3924  (0=arrangement frozen)
  off-diagonal Pearson corr (G0 vs G1)       : 0.7969  (1=arrangement frozen)

-- (d) OLD-class separability in the adapted frame phi1 --
  frozen (no adapt, SOTA regime)      : 0.8716
  STALE birth means (forgetting)      : 0.8964   <- the disease
  ORACLE refit means (needs old data) : 0.9094   <- upper bound
  GLOBAL-ROTATION transport (idea 1)  : 0.9036   <- forgetting-free candidate
  recovered by rotation: 55.4% of the stale->oracle gap
====================================================================
