>>> LAMBDA_GRAM = 0.0
/home/khiemphi/venvs/ml_env/lib/python3.12/site-packages/torchvision/datasets/cifar.py:83: VisibleDeprecationWarning: dtype(): align should be passed as Python or NumPy boolean but got `align=0`. Did you mean to pass a tuple to create a subarray type? (Deprecated NumPy 2.4)
  entry = pickle.load(f, encoding="latin1")
=== frozen phi_0 reference ===
[load_backbone] 'vit_base_patch16_224.augreg2_in21k_ft_in1k'  pretrained=True  device=cuda  feature_dim=768
[inject_lora] 24 layer(s) replaced with LoRALinear (rank=32, alpha=4.0, targets=['attn.qkv', 'attn.proj'])
[load_backbone] LoRA active (task_shared) — 24 layers, 1,769,472 trainable adapter params
[load_backbone] 'vit_base_patch16_224.augreg2_in21k_ft_in1k'  pretrained=True  device=cuda  feature_dim=768
[t=0] seen= 10 newAcc 0.937 gramL 0.0000 | COH eps    0° rigid  83% gram 1.00 | SEEN froz 0.899 stale 0.932 transp 0.932 orac 0.932
[t=1] seen= 20 newAcc 0.989 gramL 0.0000 | COH eps   27° rigid  70% gram 0.94 | SEEN froz 0.884 stale 0.796 transp 0.904 orac 0.909
[t=2] seen= 30 newAcc 0.986 gramL 0.0000 | COH eps   35° rigid  78% gram 0.89 | SEEN froz 0.881 stale 0.712 transp 0.811 orac 0.885
[t=3] seen= 40 newAcc 0.957 gramL 0.0000 | COH eps   41° rigid  79% gram 0.82 | SEEN froz 0.878 stale 0.605 transp 0.776 orac 0.856
[t=4] seen= 50 newAcc 0.976 gramL 0.0000 | COH eps   47° rigid  84% gram 0.87 | SEEN froz 0.869 stale 0.511 transp 0.739 orac 0.845
[t=5] seen= 60 newAcc 0.971 gramL 0.0000 | COH eps   51° rigid  83% gram 0.84 | SEEN froz 0.851 stale 0.467 transp 0.690 orac 0.811
[t=6] seen= 70 newAcc 0.965 gramL 0.0000 | COH eps   47° rigid  81% gram 0.81 | SEEN froz 0.849 stale 0.448 transp 0.681 orac 0.816
[t=7] seen= 80 newAcc 0.963 gramL 0.0000 | COH eps   52° rigid  80% gram 0.68 | SEEN froz 0.834 stale 0.319 transp 0.524 orac 0.766
[t=8] seen= 90 newAcc 0.974 gramL 0.0000 | COH eps   57° rigid  81% gram 0.59 | SEEN froz 0.824 stale 0.317 transp 0.472 orac 0.748
[t=9] seen=100 newAcc 0.962 gramL 0.0000 | COH eps   60° rigid  80% gram 0.53 | SEEN froz 0.815 stale 0.285 transp 0.494 orac 0.768

========================================================================
FINAL (lambda=0, 100-way):  frozen 0.8145 | stale 0.2852 | transport 0.4936 | oracle 0.7682
  vs baseline lambda=0:            frozen 0.8145 | stale 0.3000 | transport   ??? | oracle 0.7247
  cohort rigidity 80%  gram-corr 0.53
  WIN if oracle >= frozen (repr. forgetting killed) AND transport ~ oracle
========================================================================
