>>> LAMBDA_GRAM = 0.0
/home/khiemphi/venvs/ml_env/lib/python3.12/site-packages/torchvision/datasets/cifar.py:83: VisibleDeprecationWarning: dtype(): align should be passed as Python or NumPy boolean but got `align=0`. Did you mean to pass a tuple to create a subarray type? (Deprecated NumPy 2.4)
  entry = pickle.load(f, encoding="latin1")
=== frozen phi_0 reference ===
[load_backbone] 'vit_base_patch16_224.augreg2_in21k_ft_in1k'  pretrained=True  device=cuda  feature_dim=768
[inject_lora] 24 layer(s) replaced with LoRALinear (rank=32, alpha=4.0, targets=['attn.qkv', 'attn.proj'])
[load_backbone] LoRA active (task_shared) — 24 layers, 1,769,472 trainable adapter params
[load_backbone] 'vit_base_patch16_224.augreg2_in21k_ft_in1k'  pretrained=True  device=cuda  feature_dim=768
[t=0] seen= 10 newAcc 0.990 gramL 0.0000 | COH eps    0° rigid  32% gram 1.00 | SEEN froz 0.970 stale 0.978 transp 0.978 orac 0.978
[t=1] seen= 20 newAcc 0.987 gramL 0.0000 | COH eps   26° rigid  79% gram 0.92 | SEEN froz 0.954 stale 0.923 transp 0.961 orac 0.964
[t=2] seen= 30 newAcc 0.964 gramL 0.0000 | COH eps   36° rigid  82% gram 0.80 | SEEN froz 0.915 stale 0.799 transp 0.904 orac 0.932
[t=3] seen= 40 newAcc 0.982 gramL 0.0000 | COH eps   42° rigid  81% gram 0.77 | SEEN froz 0.900 stale 0.667 transp 0.813 orac 0.898
[t=4] seen= 50 newAcc 0.965 gramL 0.0000 | COH eps   44° rigid  80% gram 0.75 | SEEN froz 0.879 stale 0.644 transp 0.774 orac 0.872
[t=5] seen= 60 newAcc 0.983 gramL 0.0000 | COH eps   50° rigid  79% gram 0.69 | SEEN froz 0.863 stale 0.471 transp 0.655 orac 0.827
[t=6] seen= 70 newAcc 0.968 gramL 0.0000 | COH eps   56° rigid  81% gram 0.67 | SEEN froz 0.853 stale 0.319 transp 0.567 orac 0.783
[t=7] seen= 80 newAcc 0.973 gramL 0.0000 | COH eps   56° rigid  78% gram 0.68 | SEEN froz 0.838 stale 0.316 transp 0.532 orac 0.762
[t=8] seen= 90 newAcc 0.957 gramL 0.0000 | COH eps   57° rigid  77% gram 0.75 | SEEN froz 0.823 stale 0.301 transp 0.496 orac 0.765
[t=9] seen=100 newAcc 0.979 gramL 0.0000 | COH eps   55° rigid  79% gram 0.71 | SEEN froz 0.815 stale 0.321 transp 0.532 orac 0.765

========================================================================
FINAL (lambda=0, 100-way):  frozen 0.8145 | stale 0.3206 | transport 0.5322 | oracle 0.7653
  vs baseline lambda=0:            frozen 0.8145 | stale 0.3000 | transport   ??? | oracle 0.7247
  cohort rigidity 79%  gram-corr 0.71
  WIN if oracle >= frozen (repr. forgetting killed) AND transport ~ oracle
========================================================================
