/home/khiemphi/venvs/ml_env/lib/python3.12/site-packages/torchvision/datasets/cifar.py:83: VisibleDeprecationWarning: dtype(): align should be passed as Python or NumPy boolean but got `align=0`. Did you mean to pass a tuple to create a subarray type? (Deprecated NumPy 2.4)
  entry = pickle.load(f, encoding="latin1")
=== phi_0 anchor frame ===
[load_backbone] 'vit_base_patch16_224.augreg2_in21k_ft_in1k'  pretrained=True  device=cuda  feature_dim=768
[inject_lora] 24 layer(s) replaced with LoRALinear (rank=32, alpha=4.0, targets=['attn.qkv', 'attn.proj'])
[load_backbone] LoRA active (task_shared) — 24 layers, 1,769,472 trainable adapter params
[load_backbone] 'vit_base_patch16_224.augreg2_in21k_ft_in1k'  pretrained=True  device=cuda  feature_dim=768

[t=1] seen=20  gamma=13.0deg  (budget gamma/2=6.5deg)
   per-sample cos 0.7726 ( 39.4deg) | PROTOTYPE cos 0.8988 ( 26.0deg)  EXCEEDS BUDGET
   error is 35.3% systematic / 64.7% random | CKA 0.8510 | proto-Gram corr 0.8740
   acc  oracleF/oracleP 0.9080 | recovF/oracleP 0.5040 | oracleF/recovP 0.7850 | recovF/recovP 0.8520

[t=2] seen=30  gamma=13.5deg  (budget gamma/2=6.7deg)
   per-sample cos 0.8391 ( 33.0deg) | PROTOTYPE cos 0.9530 ( 17.6deg)  EXCEEDS BUDGET
   error is 24.5% systematic / 75.5% random | CKA 0.8575 | proto-Gram corr 0.8661
   acc  oracleF/oracleP 0.8720 | recovF/oracleP 0.6633 | oracleF/recovP 0.7610 | recovF/recovP 0.8390

[t=3] seen=40  gamma=11.6deg  (budget gamma/2=5.8deg)
   per-sample cos 0.8481 ( 32.0deg) | PROTOTYPE cos 0.9658 ( 15.0deg)  EXCEEDS BUDGET
   error is 19.6% systematic / 80.4% random | CKA 0.8577 | proto-Gram corr 0.9184
   acc  oracleF/oracleP 0.8375 | recovF/oracleP 0.7370 | oracleF/recovP 0.7622 | recovF/recovP 0.8287

[t=4] seen=50  gamma=10.7deg  (budget gamma/2=5.4deg)
   per-sample cos 0.8447 ( 32.4deg) | PROTOTYPE cos 0.9724 ( 13.5deg)  EXCEEDS BUDGET
   error is 15.9% systematic / 84.1% random | CKA 0.8595 | proto-Gram corr 0.9398
   acc  oracleF/oracleP 0.8326 | recovF/oracleP 0.7676 | oracleF/recovP 0.7552 | recovF/recovP 0.8186

[t=5] seen=60  gamma=9.7deg  (budget gamma/2=4.8deg)
   per-sample cos 0.8504 ( 31.7deg) | PROTOTYPE cos 0.9747 ( 12.9deg)  EXCEEDS BUDGET
   error is 15.9% systematic / 84.1% random | CKA 0.8457 | proto-Gram corr 0.9429
   acc  oracleF/oracleP 0.7962 | recovF/oracleP 0.7350 | oracleF/recovP 0.7498 | recovF/recovP 0.8020

[t=6] seen=70  gamma=10.6deg  (budget gamma/2=5.3deg)
   per-sample cos 0.8427 ( 32.6deg) | PROTOTYPE cos 0.9737 ( 13.2deg)  EXCEEDS BUDGET
   error is 15.9% systematic / 84.1% random | CKA 0.8590 | proto-Gram corr 0.9502
   acc  oracleF/oracleP 0.7871 | recovF/oracleP 0.7366 | oracleF/recovP 0.7336 | recovF/recovP 0.8007

[t=7] seen=80  gamma=8.0deg  (budget gamma/2=4.0deg)
   per-sample cos 0.8672 ( 29.9deg) | PROTOTYPE cos 0.9811 ( 11.1deg)  EXCEEDS BUDGET
   error is 14.1% systematic / 85.9% random | CKA 0.8635 | proto-Gram corr 0.9649
   acc  oracleF/oracleP 0.7496 | recovF/oracleP 0.7211 | oracleF/recovP 0.6724 | recovF/recovP 0.7644

[t=8] seen=90  gamma=10.3deg  (budget gamma/2=5.2deg)
   per-sample cos 0.8572 ( 31.0deg) | PROTOTYPE cos 0.9763 ( 12.5deg)  EXCEEDS BUDGET
   error is 15.4% systematic / 84.6% random | CKA 0.8856 | proto-Gram corr 0.9686
   acc  oracleF/oracleP 0.7882 | recovF/oracleP 0.7316 | oracleF/recovP 0.7390 | recovF/recovP 0.7736

[t=9] seen=100  gamma=10.3deg  (budget gamma/2=5.2deg)
   per-sample cos 0.8490 ( 31.9deg) | PROTOTYPE cos 0.9763 ( 12.5deg)  EXCEEDS BUDGET
   error is 14.8% systematic / 85.2% random | CKA 0.8697 | proto-Gram corr 0.9699
   acc  oracleF/oracleP 0.7463 | recovF/oracleP 0.7168 | oracleF/recovP 0.6920 | recovF/recovP 0.7466

============================================================================================
 t  persampl  protoDeg   gam/2   %sys     CKA  gramCor   or/or  rec/or  or/rec rec/rec
 1     39.4d     26.0d    6.5d  35.3%  0.8510   0.8740  0.9080  0.5040  0.7850  0.8520
 2     33.0d     17.6d    6.7d  24.5%  0.8575   0.8661  0.8720  0.6633  0.7610  0.8390
 3     32.0d     15.0d    5.8d  19.6%  0.8577   0.9184  0.8375  0.7370  0.7622  0.8287
 4     32.4d     13.5d    5.4d  15.9%  0.8595   0.9398  0.8326  0.7676  0.7552  0.8186
 5     31.7d     12.9d    4.8d  15.9%  0.8457   0.9429  0.7962  0.7350  0.7498  0.8020
 6     32.6d     13.2d    5.3d  15.9%  0.8590   0.9502  0.7871  0.7366  0.7336  0.8007
 7     29.9d     11.1d    4.0d  14.1%  0.8635   0.9649  0.7496  0.7211  0.6724  0.7644
 8     31.0d     12.5d    5.2d  15.4%  0.8856   0.9686  0.7882  0.7316  0.7390  0.7736
 9     31.9d     12.5d    5.2d  14.8%  0.8697   0.9699  0.7463  0.7168  0.6920  0.7466
============================================================================================
or/or = oracle feats+protos (ceiling) | rec/rec = recovered world self-consistent
If rec/rec >> or/rec: recovered space is COHERENT but MISALIGNED (frame error).
If proto_deg > gamma/2: prototypes land inside a neighbour's territory.
