/home/khiemphi/venvs/ml_env/lib/python3.12/site-packages/torchvision/datasets/cifar.py:83: VisibleDeprecationWarning: dtype(): align should be passed as Python or NumPy boolean but got `align=0`. Did you mean to pass a tuple to create a subarray type? (Deprecated NumPy 2.4)
  entry = pickle.load(f, encoding="latin1")
=== phi_0 anchor frame ===
[load_backbone] 'vit_base_patch16_224.augreg2_in21k_ft_in1k'  pretrained=True  device=cuda  feature_dim=768
[inject_lora] 24 layer(s) replaced with LoRALinear (rank=32, alpha=4.0, targets=['attn.qkv', 'attn.proj'])
[load_backbone] LoRA active (task_shared) — 24 layers, 1,769,472 trainable adapter params
[load_backbone] 'vit_base_patch16_224.augreg2_in21k_ft_in1k'  pretrained=True  device=cuda  feature_dim=768

[t=1] seen=20  gamma=34.2deg  (budget gamma/2=17.1deg)
   per-sample cos 0.8065 ( 36.2deg) | PROTOTYPE cos 0.9093 ( 24.6deg)  EXCEEDS BUDGET
   error is 39.2% systematic / 60.8% random | CKA 0.8026 | proto-Gram corr 0.5687
   acc  oracleF/oracleP 0.9580 | recovF/oracleP 0.6275 | oracleF/recovP 0.9115 | recovF/recovP 0.9185

[t=2] seen=30  gamma=21.6deg  (budget gamma/2=10.8deg)
   per-sample cos 0.8358 ( 33.3deg) | PROTOTYPE cos 0.9480 ( 18.6deg)  EXCEEDS BUDGET
   error is 27.0% systematic / 73.0% random | CKA 0.8310 | proto-Gram corr 0.8310
   acc  oracleF/oracleP 0.9240 | recovF/oracleP 0.7017 | oracleF/recovP 0.8570 | recovF/recovP 0.8813

[t=3] seen=40  gamma=22.6deg  (budget gamma/2=11.3deg)
   per-sample cos 0.8364 ( 33.2deg) | PROTOTYPE cos 0.9585 ( 16.6deg)  EXCEEDS BUDGET
   error is 21.7% systematic / 78.3% random | CKA 0.8372 | proto-Gram corr 0.8397
   acc  oracleF/oracleP 0.9143 | recovF/oracleP 0.7585 | oracleF/recovP 0.8598 | recovF/recovP 0.8858

[t=4] seen=50  gamma=11.2deg  (budget gamma/2=5.6deg)
   per-sample cos 0.8572 ( 31.0deg) | PROTOTYPE cos 0.9678 ( 14.6deg)  EXCEEDS BUDGET
   error is 19.9% systematic / 80.1% random | CKA 0.8498 | proto-Gram corr 0.9027
   acc  oracleF/oracleP 0.8802 | recovF/oracleP 0.7684 | oracleF/recovP 0.8296 | recovF/recovP 0.8590

[t=5] seen=60  gamma=8.2deg  (budget gamma/2=4.1deg)
   per-sample cos 0.8730 ( 29.2deg) | PROTOTYPE cos 0.9759 ( 12.6deg)  EXCEEDS BUDGET
   error is 17.2% systematic / 82.8% random | CKA 0.8676 | proto-Gram corr 0.9468
   acc  oracleF/oracleP 0.8443 | recovF/oracleP 0.7703 | oracleF/recovP 0.7707 | recovF/recovP 0.8332

[t=6] seen=70  gamma=9.0deg  (budget gamma/2=4.5deg)
   per-sample cos 0.8652 ( 30.1deg) | PROTOTYPE cos 0.9747 ( 12.9deg)  EXCEEDS BUDGET
   error is 16.6% systematic / 83.4% random | CKA 0.8756 | proto-Gram corr 0.9596
   acc  oracleF/oracleP 0.8301 | recovF/oracleP 0.7686 | oracleF/recovP 0.7847 | recovF/recovP 0.8189

[t=7] seen=80  gamma=7.4deg  (budget gamma/2=3.7deg)
   per-sample cos 0.8711 ( 29.4deg) | PROTOTYPE cos 0.9766 ( 12.4deg)  EXCEEDS BUDGET
   error is 16.2% systematic / 83.8% random | CKA 0.8721 | proto-Gram corr 0.9524
   acc  oracleF/oracleP 0.7890 | recovF/oracleP 0.7395 | oracleF/recovP 0.7378 | recovF/recovP 0.7809

[t=8] seen=90  gamma=8.4deg  (budget gamma/2=4.2deg)
   per-sample cos 0.8768 ( 28.7deg) | PROTOTYPE cos 0.9789 ( 11.8deg)  EXCEEDS BUDGET
   error is 15.7% systematic / 84.3% random | CKA 0.8708 | proto-Gram corr 0.9665
   acc  oracleF/oracleP 0.7463 | recovF/oracleP 0.6938 | oracleF/recovP 0.6673 | recovF/recovP 0.7456

[t=9] seen=100  gamma=9.9deg  (budget gamma/2=4.9deg)
   per-sample cos 0.8612 ( 30.6deg) | PROTOTYPE cos 0.9726 ( 13.5deg)  EXCEEDS BUDGET
   error is 17.4% systematic / 82.6% random | CKA 0.8701 | proto-Gram corr 0.9602
   acc  oracleF/oracleP 0.7746 | recovF/oracleP 0.7019 | oracleF/recovP 0.7186 | recovF/recovP 0.7495

============================================================================================
 t  persampl  protoDeg   gam/2   %sys     CKA  gramCor   or/or  rec/or  or/rec rec/rec
 1     36.2d     24.6d   17.1d  39.2%  0.8026   0.5687  0.9580  0.6275  0.9115  0.9185
 2     33.3d     18.6d   10.8d  27.0%  0.8310   0.8310  0.9240  0.7017  0.8570  0.8813
 3     33.2d     16.6d   11.3d  21.7%  0.8372   0.8397  0.9143  0.7585  0.8598  0.8858
 4     31.0d     14.6d    5.6d  19.9%  0.8498   0.9027  0.8802  0.7684  0.8296  0.8590
 5     29.2d     12.6d    4.1d  17.2%  0.8676   0.9468  0.8443  0.7703  0.7707  0.8332
 6     30.1d     12.9d    4.5d  16.6%  0.8756   0.9596  0.8301  0.7686  0.7847  0.8189
 7     29.4d     12.4d    3.7d  16.2%  0.8721   0.9524  0.7890  0.7395  0.7378  0.7809
 8     28.7d     11.8d    4.2d  15.7%  0.8708   0.9665  0.7463  0.6938  0.6673  0.7456
 9     30.6d     13.5d    4.9d  17.4%  0.8701   0.9602  0.7746  0.7019  0.7186  0.7495
============================================================================================
or/or = oracle feats+protos (ceiling) | rec/rec = recovered world self-consistent
If rec/rec >> or/rec: recovered space is COHERENT but MISALIGNED (frame error).
If proto_deg > gamma/2: prototypes land inside a neighbour's territory.
