[    0.0s] === adapted|T10|s0
/home/khiemphi/venvs/ml_env/lib/python3.12/site-packages/torchvision/datasets/cifar.py:83: VisibleDeprecationWarning: dtype(): align should be passed as Python or NumPy boolean but got `align=0`. Did you mean to pass a tuple to create a subarray type? (Deprecated NumPy 2.4)
  entry = pickle.load(f, encoding="latin1")
[    5.3s]   CIFAR100: fit 8000/45000 rows, cal 5000, test 10000, 100 classes
Using the latest cached version of the dataset since axiong/imagenet-r couldn't be found on the Hugging Face Hub (offline mode is enabled).
Found the latest cached dataset configuration 'test' at /home/khiemphi/Conic-Hull-Continual-Learning/data/hf/axiong___imagenet-r/test/0.0.0/762a23f169e080bef0be7c9d96bf73a126cbb660 (last modified on Tue Jul 28 10:22:33 2026).
[    6.3s]   IMAGENETR: fit 8000/21600 rows, cal 2400, test 6000, 200 classes
Using the latest cached version of the dataset since barkermrl/imagenet-a couldn't be found on the Hugging Face Hub (offline mode is enabled).
Found the latest cached dataset configuration 'default' at /home/khiemphi/Conic-Hull-Continual-Learning/data/hf/barkermrl___imagenet-a/default/0.0.0/1d04812197b88e02740e919e975bf113d6af0831 (last modified on Tue Jul 28 10:22:11 2026).
[    6.5s]   IMAGENETA: fit 5400/5400 rows, cal 600, test 1500, 200 classes
Using the latest cached version of the dataset since Donghyun99/cub-200-2011 couldn't be found on the Hugging Face Hub (offline mode is enabled).
Found the latest cached dataset configuration 'default' at /home/khiemphi/Conic-Hull-Continual-Learning/data/hf/Donghyun99___cub-200-2011/default/0.0.0/e6d24c6a45fc1f8e28df63aabce3fd09f33036ea (last modified on Tue Jul 28 10:21:29 2026).
[    6.9s]   CUB200: fit 5395/5395 rows, cal 599, test 5794, 200 classes
[    6.9s]   P1 pool: 4 x 1500 = 6000 queries
[   34.1s]     adapted  cone        R=8    P1cal  84.0  P2 0.8637  P3 0.6927  (27.0s)
[   72.5s]     adapted  cone        R=24   P1cal  85.7  P2 0.8402  P3 0.7206  (38.5s)
[  180.0s]     adapted  cone        R=64   P1cal  85.9  P2 0.8290  P3 0.7216  (107.5s)
[  325.5s]     adapted  cone        R=128  P1cal  83.3  P2 0.8199  P3 0.7202  (145.5s)
[  763.5s]     adapted  cone        R=256  P1cal  90.6  P2 0.9135  P3 0.7320  (438.0s)
[  778.7s]     adapted  cone_cov    R=8    P1cal  80.9  P2 0.8410  P3 0.6784  (15.2s)
[  798.7s]     adapted  cone_cov    R=24   P1cal  85.2  P2 0.8278  P3 0.7071  (20.1s)
[  867.5s]     adapted  cone_cov    R=64   P1cal  84.7  P2 0.8139  P3 0.7057  (68.8s)
[ 1065.2s]     adapted  cone_cov    R=128  P1cal  81.8  P2 0.8044  P3 0.7063  (197.6s)
[ 1562.3s]     adapted  cone_cov    R=256  P1cal  85.8  P2 0.8832  P3 0.7162  (497.1s)
[ 1606.2s]     adapted  subspace    R=8    P1cal  92.6  P2 0.9042  P3 0.7870  (43.9s)
[ 1626.1s]     adapted  subspace    R=24   P1cal  96.0  P2 0.9410  P3 0.8499  (19.9s)
[ 1646.5s]     adapted  subspace    R=64   P1cal  97.4  P2 0.9643  P3 0.8866  (20.4s)
[ 1700.1s]     adapted  subspace    R=128  P1cal  97.3  P2 0.9751  P3 0.8893  (53.5s)
[ 1754.5s]     adapted  subspace    R=256  P1cal  97.7  P2 0.9827  P3 0.8828  (54.4s)
[ 1771.1s]     adapted  kmeans      R=8    P1cal  89.7  P2 0.8953  P3 0.7963  (16.6s)
[ 1794.0s]     adapted  kmeans      R=24   P1cal  91.8  P2 0.9065  P3 0.8657  (23.0s)
[ 1832.3s]     adapted  kmeans      R=64   P1cal  92.6  P2 0.9192  P3 0.8989  (38.3s)
[ 1889.1s]     adapted  kmeans      R=128  P1cal  93.1  P2 0.9264  P3 0.9025  (56.8s)
[ 1999.3s]     adapted  kmeans      R=256  P1cal  92.9  P2 0.9310  P3 0.9059  (110.2s)
[ 2001.1s]     adapted  multiproto  R=8    P1cal  89.7  P2 0.8840  P3 0.7921  (1.8s)
[ 2003.0s]     adapted  multiproto  R=24   P1cal  89.8  P2 0.8949  P3 0.8681  (1.9s)
[ 2005.3s]     adapted  multiproto  R=64   P1cal  91.1  P2 0.9047  P3 0.9067  (2.3s)
[ 2010.8s]     adapted  multiproto  R=128  P1cal  91.8  P2 0.9150  P3 0.9143  (5.5s)
[ 2021.2s]     adapted  multiproto  R=256  P1cal  92.5  P2 0.9229  P3 0.9167  (10.4s)
[ 2022.1s]     adapted  knn         R=8    P1cal  65.8  P2 0.7810  P3 0.6835  (0.9s)
[ 2023.0s]     adapted  knn         R=24   P1cal  70.4  P2 0.7952  P3 0.7612  (0.9s)
[ 2023.8s]     adapted  knn         R=64   P1cal  76.0  P2 0.8579  P3 0.8116  (0.8s)
[ 2024.6s]     adapted  knn         R=128  P1cal  83.1  P2 0.8718  P3 0.8395  (0.8s)
[ 2025.4s]     adapted  knn         R=256  P1cal  85.3  P2 0.8896  P3 0.8744  (0.8s)
[ 2026.1s]     adapted  mean        R=8    P1cal  83.0  P2 0.8170  P3 0.7042  (0.7s)
[ 2207.5s]     adapted  maha        R=8    P1cal  98.1  P2 0.9885  P3 0.8807  (181.5s)
[ 2207.5s] === frozen|T10|s0
[ 2207.5s]     extracting frozen features for CIFAR100 (one-off, cached)
/home/khiemphi/venvs/ml_env/lib/python3.12/site-packages/torchvision/datasets/cifar.py:83: VisibleDeprecationWarning: dtype(): align should be passed as Python or NumPy boolean but got `align=0`. Did you mean to pass a tuple to create a subarray type? (Deprecated NumPy 2.4)
  entry = pickle.load(f, encoding="latin1")
Traceback (most recent call last):
  File "/home/khiemphi/venvs/ml_env/lib/python3.12/site-packages/huggingface_hub/file_download.py", line 1712, in _get_metadata_or_catch_error
    metadata = get_hf_file_metadata(
               ^^^^^^^^^^^^^^^^^^^^^
  File "/home/khiemphi/venvs/ml_env/lib/python3.12/site-packages/huggingface_hub/utils/_validators.py", line 88, in _inner_fn
    return fn(*args, **kwargs)
           ^^^^^^^^^^^^^^^^^^^
  File "/home/khiemphi/venvs/ml_env/lib/python3.12/site-packages/huggingface_hub/file_download.py", line 1620, in get_hf_file_metadata
    response = _httpx_follow_relative_redirects_with_backoff(
               ^^^^^^^^^^^^^^^^^^^^^^^^^^^^^^^^^^^^^^^^^^^^^^
  File "/home/khiemphi/venvs/ml_env/lib/python3.12/site-packages/huggingface_hub/utils/_http.py", line 719, in _httpx_follow_relative_redirects_with_backoff
    response = http_backoff(
               ^^^^^^^^^^^^^
  File "/home/khiemphi/venvs/ml_env/lib/python3.12/site-packages/huggingface_hub/utils/_http.py", line 596, in http_backoff
    return next(
           ^^^^^
  File "/home/khiemphi/venvs/ml_env/lib/python3.12/site-packages/huggingface_hub/utils/_http.py", line 504, in _http_backoff_base
    response = client.request(method=method, url=url, **kwargs)
               ^^^^^^^^^^^^^^^^^^^^^^^^^^^^^^^^^^^^^^^^^^^^^^^^
  File "/home/khiemphi/venvs/ml_env/lib/python3.12/site-packages/httpx/_client.py", line 825, in request
    return self.send(request, auth=auth, follow_redirects=follow_redirects)
           ^^^^^^^^^^^^^^^^^^^^^^^^^^^^^^^^^^^^^^^^^^^^^^^^^^^^^^^^^^^^^^^^
  File "/home/khiemphi/venvs/ml_env/lib/python3.12/site-packages/httpx/_client.py", line 914, in send
    response = self._send_handling_auth(
               ^^^^^^^^^^^^^^^^^^^^^^^^^
  File "/home/khiemphi/venvs/ml_env/lib/python3.12/site-packages/httpx/_client.py", line 942, in _send_handling_auth
    response = self._send_handling_redirects(
               ^^^^^^^^^^^^^^^^^^^^^^^^^^^^^^
  File "/home/khiemphi/venvs/ml_env/lib/python3.12/site-packages/httpx/_client.py", line 977, in _send_handling_redirects
    hook(request)
  File "/home/khiemphi/venvs/ml_env/lib/python3.12/site-packages/huggingface_hub/utils/_http.py", line 260, in hf_request_event_hook
    raise OfflineModeIsEnabled(
huggingface_hub.errors.OfflineModeIsEnabled: Cannot reach https://huggingface.co/timm/vit_base_patch16_224.augreg_in21k/resolve/main/pytorch_model.bin: offline mode is enabled. To disable it, please unset the `HF_HUB_OFFLINE` environment variable.

The above exception was the direct cause of the following exception:

Traceback (most recent call last):
  File "/home/khiemphi/Conic-Hull-Continual-Learning/exp19_dataset_hull.py", line 414, in <module>
    r = run_space(space)
        ^^^^^^^^^^^^^^^^
  File "/home/khiemphi/Conic-Hull-Continual-Learning/exp19_dataset_hull.py", line 325, in run_space
    F = adapted_features(ds) if space == "adapted" else frozen_features(ds)
                                                        ^^^^^^^^^^^^^^^^^^^
  File "/home/khiemphi/Conic-Hull-Continual-Learning/exp19_dataset_hull.py", line 197, in frozen_features
    model = load_backbone(MODEL, pretrained=True, num_classes=0, device=DEV, lora_rank=0)
            ^^^^^^^^^^^^^^^^^^^^^^^^^^^^^^^^^^^^^^^^^^^^^^^^^^^^^^^^^^^^^^^^^^^^^^^^^^^^^
  File "/home/khiemphi/Conic-Hull-Continual-Learning/backbone.py", line 676, in load_backbone
    model = timm.create_model(model_name, pretrained=pretrained,
            ^^^^^^^^^^^^^^^^^^^^^^^^^^^^^^^^^^^^^^^^^^^^^^^^^^^^
  File "/home/khiemphi/venvs/ml_env/lib/python3.12/site-packages/timm/models/_factory.py", line 138, in create_model
    model = create_fn(
            ^^^^^^^^^^
  File "/home/khiemphi/venvs/ml_env/lib/python3.12/site-packages/timm/models/vision_transformer.py", line 3193, in vit_base_patch16_224
    model = _create_vision_transformer('vit_base_patch16_224', pretrained=pretrained, **dict(model_args, **kwargs))
            ^^^^^^^^^^^^^^^^^^^^^^^^^^^^^^^^^^^^^^^^^^^^^^^^^^^^^^^^^^^^^^^^^^^^^^^^^^^^^^^^^^^^^^^^^^^^^^^^^^^^^^^
  File "/home/khiemphi/venvs/ml_env/lib/python3.12/site-packages/timm/models/vision_transformer.py", line 3093, in _create_vision_transformer
    return build_model_with_cfg(
           ^^^^^^^^^^^^^^^^^^^^^
  File "/home/khiemphi/venvs/ml_env/lib/python3.12/site-packages/timm/models/_builder.py", line 457, in build_model_with_cfg
    load_pretrained(
  File "/home/khiemphi/venvs/ml_env/lib/python3.12/site-packages/timm/models/_builder.py", line 226, in load_pretrained
    state_dict = load_state_dict_from_hf(pretrained_loc, weights_only=True, cache_dir=cache_dir)
                 ^^^^^^^^^^^^^^^^^^^^^^^^^^^^^^^^^^^^^^^^^^^^^^^^^^^^^^^^^^^^^^^^^^^^^^^^^^^^^^^
  File "/home/khiemphi/venvs/ml_env/lib/python3.12/site-packages/timm/models/_hub.py", line 241, in load_state_dict_from_hf
    cached_file = hf_hub_download(
                  ^^^^^^^^^^^^^^^^
  File "/home/khiemphi/venvs/ml_env/lib/python3.12/site-packages/huggingface_hub/utils/_validators.py", line 88, in _inner_fn
    return fn(*args, **kwargs)
           ^^^^^^^^^^^^^^^^^^^
  File "/home/khiemphi/venvs/ml_env/lib/python3.12/site-packages/huggingface_hub/file_download.py", line 1013, in hf_hub_download
    return _hf_hub_download_to_cache_dir(
           ^^^^^^^^^^^^^^^^^^^^^^^^^^^^^^
  File "/home/khiemphi/venvs/ml_env/lib/python3.12/site-packages/huggingface_hub/file_download.py", line 1165, in _hf_hub_download_to_cache_dir
    _raise_on_head_call_error(head_call_error, force_download, local_files_only)
  File "/home/khiemphi/venvs/ml_env/lib/python3.12/site-packages/huggingface_hub/file_download.py", line 1872, in _raise_on_head_call_error
    raise LocalEntryNotFoundError(
huggingface_hub.errors.LocalEntryNotFoundError: An error happened while trying to locate the file on the Hub and we cannot find the requested files in the local cache. Please check your connection and try again or make sure your Internet connection is on.
