[    0.0s] === adapted|T10|s0
/home/khiemphi/venvs/ml_env/lib/python3.12/site-packages/torchvision/datasets/cifar.py:83: VisibleDeprecationWarning: dtype(): align should be passed as Python or NumPy boolean but got `align=0`. Did you mean to pass a tuple to create a subarray type? (Deprecated NumPy 2.4)
  entry = pickle.load(f, encoding="latin1")
[    5.2s]   CIFAR100: fit 8000/45000 rows, cal 5000, test 10000, 100 classes
Using the latest cached version of the dataset since axiong/imagenet-r couldn't be found on the Hugging Face Hub (offline mode is enabled).
Found the latest cached dataset configuration 'test' at /home/khiemphi/Conic-Hull-Continual-Learning/data/hf/axiong___imagenet-r/test/0.0.0/762a23f169e080bef0be7c9d96bf73a126cbb660 (last modified on Tue Jul 28 10:22:33 2026).
[    6.0s]   IMAGENETR: fit 8000/21600 rows, cal 2400, test 6000, 200 classes
Using the latest cached version of the dataset since barkermrl/imagenet-a couldn't be found on the Hugging Face Hub (offline mode is enabled).
Found the latest cached dataset configuration 'default' at /home/khiemphi/Conic-Hull-Continual-Learning/data/hf/barkermrl___imagenet-a/default/0.0.0/1d04812197b88e02740e919e975bf113d6af0831 (last modified on Tue Jul 28 10:22:11 2026).
[    6.3s]   IMAGENETA: fit 5400/5400 rows, cal 600, test 1500, 200 classes
Using the latest cached version of the dataset since Donghyun99/cub-200-2011 couldn't be found on the Hugging Face Hub (offline mode is enabled).
Found the latest cached dataset configuration 'default' at /home/khiemphi/Conic-Hull-Continual-Learning/data/hf/Donghyun99___cub-200-2011/default/0.0.0/e6d24c6a45fc1f8e28df63aabce3fd09f33036ea (last modified on Tue Jul 28 10:21:29 2026).
[    6.6s]   CUB200: fit 5395/5395 rows, cal 599, test 5794, 200 classes
[    6.6s]   P1 pool: 4 x 1500 = 6000 queries
[   48.6s]     adapted  facet       R=24   P1cal  41.3  P2 0.6241  P3 0.5852  (41.9s)
[   49.8s]     adapted  facet_sum   R=24   P1cal  54.6  P2 0.6590  P3 0.5097  (1.1s)

========================================================================================================
EXP19 — one conic hull per DATASET vs matched-budget set descriptors (vit_base_patch16_224.augreg_in21k)
========================================================================================================

--- adapted|T10|s0   datasets: CIFAR100, IMAGENETR, IMAGENETA, CUB200   (P1 chance = 25.0%)
method          R   P1 raw   P1 cal   P2 mean   P2 min   P3 near   P3 per-dataset
cone          24      95.2     85.7    0.8402   0.5555    0.7206   CIFAR1 0.555  IMAGEN 0.819  IMAGEN 0.904  CUB200 0.605
cone_cov      24      93.4     85.2    0.8278   0.5577    0.7071   CIFAR1 0.550  IMAGEN 0.795  IMAGEN 0.887  CUB200 0.597
subspace      24      99.4     96.0    0.9410   0.8102    0.8499   CIFAR1 0.740  IMAGEN 0.845  IMAGEN 0.907  CUB200 0.907
facet         24      41.0     41.3    0.6241   0.2097    0.5852   CIFAR1 0.433  IMAGEN 0.644  IMAGEN 0.712  CUB200 0.552
facet_soft    24      45.3     45.5    0.6300   0.1532    0.5754   CIFAR1 0.400  IMAGEN 0.660  IMAGEN 0.752  CUB200 0.489
facet_sum     24      55.4     54.6    0.6590   0.1574    0.5097   CIFAR1 0.322  IMAGEN 0.691  IMAGEN 0.813  CUB200 0.213
kmeans        24      98.3     91.8    0.9065   0.7544    0.8657   CIFAR1 0.765  IMAGEN 0.862  IMAGEN 0.909  CUB200 0.927
multiproto    24      98.2     89.8    0.8949   0.7014    0.8681   CIFAR1 0.764  IMAGEN 0.874  IMAGEN 0.903  CUB200 0.932
knn           24      84.2     70.4    0.7952   0.3784    0.7612   CIFAR1 0.618  IMAGEN 0.825  IMAGEN 0.871  CUB200 0.731
mean          24*     96.1     83.0    0.8170   0.4452    0.7042   CIFAR1 0.525  IMAGEN 0.813  IMAGEN 0.898  CUB200 0.581
maha          24*     97.4     98.1    0.9885   0.9309    0.8807   CIFAR1 0.814  IMAGEN 0.859  IMAGEN 0.920  CUB200 0.929

--------------------------------------------------------------------------------------------------------
* = budget-free row (mean stores 1 vector; maha stores a full DxD covariance,
    ~2300x the R=256 budget) -- printed once, not swept.
P1 cal is the honest dataset-ID number: raw argmax rewards whichever dataset happens
    to have the tightest descriptor, so scores are z-normalised on held-out own-train.
A cone win counts ONLY if it holds at matched R, over `subspace` (= same score without
    non-negativity), and in the frozen space (= no per-dataset LoRA fingerprint).
========================================================================================================
wrote /home/khiemphi/Conic-Hull-Continual-Learning/exp19_dataset_hull_augreg_in21k.json
