[    0.0s] === CIFAR100|10|0|f32+k20+k5m24|opcag0.5|R128_f2000_s0.03|v1
/home/khiemphi/venvs/ml_env/lib/python3.12/site-packages/torchvision/datasets/cifar.py:83: VisibleDeprecationWarning: dtype(): align should be passed as Python or NumPy boolean but got `align=0`. Did you mean to pass a tuple to create a subarray type? (Deprecated NumPy 2.4)
  entry = pickle.load(f, encoding="latin1")
[   23.0s]     s0: f32 99.60  k20 99.60  k5m24 99.50
[   44.0s]     s1: f32 98.00  k20 98.20  k5m24 98.15
[   72.2s]     s2: f32 97.10  k20 97.10  k5m24 96.87
[  112.3s]     s3: f32 96.12  k20 95.88  k5m24 95.83
[  282.5s]     s4: f32 94.00  k20 93.96  k5m24 94.24
[  463.6s]     s5: f32 93.40  k20 93.48  k5m24 93.83
[  640.5s]     s6: f32 93.39  k20 93.31  k5m24 93.54
[  815.7s]     s7: f32 92.76  k20 92.74  k5m24 93.04
[ 1004.6s]     s8: f32 92.68  k20 92.62  k5m24 92.96
[ 1299.6s]     s9: f32 92.26  k20 92.21  k5m24 92.62

================================================================================================
EXP49 — best raw cone across datasets and seeds (self-consistent negatives)
================================================================================================

  dataset      T seed     arm   rays  clamp    cone  ranpac   delta  A-Avg d
  CIFAR100    10    0     f32   32.0     0%   92.26   92.60   -0.34    -0.21
  CIFAR100    10    0     k20   22.0     0%   92.21   92.60   -0.39    -0.23
  CIFAR100    10    0   k5m24   89.6     0%   92.62   92.60   +0.02    -0.08

  PAIRED delta (cone - ranpac), same features & splits -- seed noise cancels
  dataset         arm   n     mean      sd     min     max   wins
  CIFAR100        f32   1    -0.34      --   -0.34   -0.34   0/1
  CIFAR100        k20   1    -0.39      --   -0.39   -0.39   0/1
  CIFAR100      k5m24   1    +0.02      --   +0.02   +0.02   1/1
  ALL                   3    -0.24    0.22   -0.39   +0.02   1/3

  best cell: CIFAR100 T=10 seed 0 k5m24  cone 92.62 vs ranpac 92.60  (+0.02)
  ^ this is the MAX OF 3 DRAWS and is biased upward by roughly the seed
    spread. Quote the paired mean, not this cell.

------------------------------------------------------------------------------------------------
SANITY: IMAGENETR T=10 s0 k5m24 should read ~79.77, NOT 80.07. exp41's 80.07
   used another arm's stored rays as negatives; see the module docstring.
`clamp` is the fraction of classes where R_c exceeded the class's fit rows, so
   k-means was asked for more centroids than it had points. Above ~50% the arm
   is degenerate and its number describes the clamp, not the allocation rule.
================================================================================================
wrote /home/khiemphi/Conic-Hull-Continual-Learning/exp49_seed_grid_rays_augreg_in21k.json
