'[Errno -2] Name or service not known' thrown while requesting HEAD https://huggingface.co/datasets/Donghyun99/cub-200-2011/resolve/e6d24c6a45fc1f8e28df63aabce3fd09f33036ea/cub-200-2011.py
Retrying in 1s [Retry 1/5].
Using the latest cached version of the dataset since Donghyun99/cub-200-2011 couldn't be found on the Hugging Face Hub
Found the latest cached dataset configuration 'default' at /home/khiemphi/Conic-Hull-Continual-Learning/data/hf/Donghyun99___cub-200-2011/default/0.0.0/e6d24c6a45fc1f8e28df63aabce3fd09f33036ea (last modified on Tue Jul 28 10:21:29 2026).
[    1.6s]   cached CUB200_T10_s0_ce_e40-15_lr0.0003_lam1_P8K12s8R4_t0.1_w20
[    1.7s] skip CUB200|10|0|ce|final|e40-15|lam1|P8K12s8R4_t0.1|g0.5_k5m8|v2
[    1.7s] === CUB200|10|0|ce|drift|e40-15|lam1|P8K12s8R4_t0.1|g0.5_k5m8|v2

================================================================================================
EXP48 — training phi FOR the conic reader (CUB200, T=10, seed 0)
================================================================================================

FSA bar (exp16 A_plus + RanPAC): 90.13 / 94.20

  arm|proto               cone   ranpac  cone-rp     sub    negm   gapdiff   erank   er_t0  er_rest
  ce_conic|final         89.33    89.73    -0.40   89.21   21.1%   +0.0024     2.5     2.4      2.5
  ce|drift               49.15    56.23    -7.08   49.07   22.8%   -0.0020     1.9     2.0      1.8
  ce|final               89.01    89.73    -0.72   88.89   19.6%   -0.0020     1.8     1.8      1.8
  ce|online              97.34    97.48    -0.14   97.26   19.8%   -0.0008     1.9     2.0      1.8
  conic|final            88.78    89.58    -0.79   88.89   22.6%   +0.0063     2.5     2.5      2.5
  sub|final              89.13    89.39    -0.26   89.13   22.4%   +0.0005     2.3     2.3      2.3

------------------------------------------------------------------------------------------------
`cone-rp` IS THE HEADLINE AND NOTHING ELSE IS. Both columns come from the SAME
   features, so it is the only comparison the recipe cannot inflate. Comparing
   a trained arm against the FSA bar is the mistake this project has made three
   times; the bar line above is context, not a comparator.
MECHANISM, cheaper than the headline: negm should fall from 43.7%, gapdiff should
   turn POSITIVE from -0.0101, erank should DROP. Accuracy moving while these do
   not means the stated mechanism is not what happened.
`conic` vs `sub` is the training-side test of non-negativity, mirroring exp38's
   read-out-side cone vs sub (-0.10 at k-means atoms, +0.60 at oPCA atoms).
TRANSFER: er_t0 vs er_rest. The loss sees cpt classes and serves n_cls; if rank
   drops only for task-0 classes it overfitted the first session.
================================================================================================
wrote /home/khiemphi/Conic-Hull-Continual-Learning/exp48_conic_feature_loss_augreg_in21k.json
